/usr/local/go/misc/cgo/errors/testdata/err1.go
/usr/local/go/misc/cgo/errors/testdata/err4.go
/usr/local/go/misc/cgo/errors/testdata/issue11097a.go
/usr/local/go/misc/cgo/errors/testdata/issue11097b.go
/usr/local/go/misc/cgo/errors/testdata/issue18452.go
/usr/local/go/misc/cgo/errors/testdata/issue18889.go
/usr/local/go/misc/cgo/errors/testdata/issue28069.go
/usr/local/go/misc/cgo/errors/testdata/issue28721.go
/usr/local/go/misc/cgo/errors/testdata/issue33061.go
/usr/local/go/misc/cgo/errors/testdata/long_double_size.go
/usr/local/go/misc/cgo/fortran/fortran.go
/usr/local/go/misc/cgo/fortran/fortran_test.go
/usr/local/go/misc/cgo/nocgo/nocgo_test.go
/usr/local/go/misc/cgo/stdio/testdata/hello.go
/usr/local/go/misc/cgo/test/backdoor.go
/usr/local/go/misc/cgo/test/cgo_stubs_android_test.go
/usr/local/go/misc/cgo/test/issue21897b.go
/usr/local/go/misc/cgo/test/issue4029w.go
/usr/local/go/misc/cgo/test/issue42018.go
/usr/local/go/misc/cgo/test/issue42018_windows.go
/usr/local/go/misc/cgo/test/issue8148.go
/usr/local/go/misc/cgo/test/issue8517.go
/usr/local/go/misc/cgo/test/issue8694.go
/usr/local/go/misc/cgo/test/test_unix.go
/usr/local/go/misc/cgo/test/test_windows.go
/usr/local/go/misc/cgo/test/testdata/gcc68255/a.go
/usr/local/go/misc/cgo/test/testdata/issue20266.go
/usr/local/go/misc/cgo/test/testdata/issue23555.go
/usr/local/go/misc/cgo/test/testdata/issue23555a/a.go
/usr/local/go/misc/cgo/test/testdata/issue23555b/a.go
/usr/local/go/misc/cgo/test/testdata/issue24161_darwin_test.go
/usr/local/go/misc/cgo/test/testdata/issue24161arg/def.go
/usr/local/go/misc/cgo/test/testdata/issue24161arg/use.go
/usr/local/go/misc/cgo/test/testdata/issue24161e0/main.go
/usr/local/go/misc/cgo/test/testdata/issue24161e1/main.go
/usr/local/go/misc/cgo/test/testdata/issue24161e2/main.go
/usr/local/go/misc/cgo/test/testdata/issue24161res/restype.go
/usr/local/go/misc/cgo/test/testdata/issue26213/test26213.go
/usr/local/go/misc/cgo/test/testdata/issue26430.go
/usr/local/go/misc/cgo/test/testdata/issue26430/a.go
/usr/local/go/misc/cgo/test/testdata/issue26430/b.go
/usr/local/go/misc/cgo/test/testdata/issue26743.go
/usr/local/go/misc/cgo/test/testdata/issue26743/a.go
/usr/local/go/misc/cgo/test/testdata/issue26743/b.go
/usr/local/go/misc/cgo/test/testdata/issue27054/test27054.go
/usr/local/go/misc/cgo/test/testdata/issue27340.go
/usr/local/go/misc/cgo/test/testdata/issue27340/a.go
/usr/local/go/misc/cgo/test/testdata/issue29563.go
/usr/local/go/misc/cgo/test/testdata/issue29563/weak.go
/usr/local/go/misc/cgo/test/testdata/issue30527.go
/usr/local/go/misc/cgo/test/testdata/issue30527/a.go
/usr/local/go/misc/cgo/test/testdata/issue41761a/a.go
/usr/local/go/misc/cgo/test/testdata/issue43639.go
/usr/local/go/misc/cgo/test/testdata/issue43639/a.go
/usr/local/go/misc/cgo/test/testdata/issue8756.go
/usr/local/go/misc/cgo/test/testdata/issue8756/issue8756.go
/usr/local/go/misc/cgo/test/testdata/issue8828.go
/usr/local/go/misc/cgo/test/testdata/issue8828/trivial.go
/usr/local/go/misc/cgo/test/testdata/issue9026/issue9026.go
/usr/local/go/misc/cgo/test/testdata/issue9400/stubs.go
/usr/local/go/misc/cgo/test/testdata/issue9510.go
/usr/local/go/misc/cgo/test/testdata/issue9510a/a.go
/usr/local/go/misc/cgo/test/testdata/issue9510b/b.go
/usr/local/go/misc/cgo/test/testdata/test26213.go
/usr/local/go/misc/cgo/testcarchive/testdata/libgo6/sigprof.go
/usr/local/go/misc/cgo/testcarchive/testdata/p/p.go
/usr/local/go/misc/cgo/testcshared/testdata/go2c2go/go/shlib.go
/usr/local/go/misc/cgo/testcshared/testdata/libgo2/dup2.go
/usr/local/go/misc/cgo/testcshared/testdata/libgo2/dup3.go
/usr/local/go/misc/cgo/testcshared/testdata/p/p.go
/usr/local/go/misc/cgo/testgodefs/testdata/anonunion.go
/usr/local/go/misc/cgo/testgodefs/testdata/bitfields.go
/usr/local/go/misc/cgo/testgodefs/testdata/fieldtypedef.go
/usr/local/go/misc/cgo/testgodefs/testdata/issue37479.go
/usr/local/go/misc/cgo/testgodefs/testdata/issue37621.go
/usr/local/go/misc/cgo/testgodefs/testdata/issue38649.go
/usr/local/go/misc/cgo/testgodefs/testdata/issue39534.go
/usr/local/go/misc/cgo/testgodefs/testdata/issue48396.go
/usr/local/go/misc/cgo/testgodefs/testdata/issue8478.go
/usr/local/go/misc/cgo/testplugin/altpath/testdata/common/common.go
/usr/local/go/misc/cgo/testplugin/altpath/testdata/plugin-mismatch/main.go
/usr/local/go/misc/cgo/testplugin/testdata/common/common.go
/usr/local/go/misc/cgo/testplugin/testdata/iface_i/i.go
/usr/local/go/misc/cgo/testplugin/testdata/issue18584/plugin.go
/usr/local/go/misc/cgo/testplugin/testdata/issue18676/dynamodbstreamsevt/definition.go
/usr/local/go/misc/cgo/testplugin/testdata/issue18676/plugin.go
/usr/local/go/misc/cgo/testplugin/testdata/issue19418/plugin.go
/usr/local/go/misc/cgo/testplugin/testdata/issue19534/plugin.go
/usr/local/go/misc/cgo/testplugin/testdata/issue22175/plugin2.go
/usr/local/go/misc/cgo/testplugin/testdata/issue44956/plugin1.go
/usr/local/go/misc/cgo/testplugin/testdata/method/main.go
/usr/local/go/misc/cgo/testplugin/testdata/method2/plugin.go
/usr/local/go/misc/cgo/testplugin/testdata/sub/plugin1/plugin1.go
/usr/local/go/misc/cgo/testsanitizers/testdata/asan3_fail.go
/usr/local/go/misc/cgo/testsanitizers/testdata/msan_shared.go
/usr/local/go/misc/cgo/testsanitizers/testdata/tsan_shared.go
/usr/local/go/misc/cgo/testshared/testdata/dep3/dep3.go
/usr/local/go/misc/cgo/testshared/testdata/depBase/gccgo.go
/usr/local/go/misc/cgo/testshared/testdata/depBase/stubs.go
/usr/local/go/misc/cgo/testshared/testdata/division/division.go
/usr/local/go/misc/cgo/testshared/testdata/exe3/exe3.go
/usr/local/go/misc/cgo/testshared/testdata/execgo/exe.go
/usr/local/go/misc/cgo/testshared/testdata/explicit/explicit.go
/usr/local/go/misc/cgo/testshared/testdata/iface/main.go
/usr/local/go/misc/cgo/testshared/testdata/iface_i/i.go
/usr/local/go/misc/cgo/testshared/testdata/implicit/implicit.go
/usr/local/go/misc/cgo/testshared/testdata/implicitcmd/implicitcmd.go
/usr/local/go/misc/cgo/testshared/testdata/issue30768/issue30768lib/lib.go
/usr/local/go/misc/cgo/testshared/testdata/issue39777/b/b.go
/usr/local/go/misc/cgo/testshared/testdata/issue44031/a/a.go
/usr/local/go/misc/cgo/testshared/testdata/issue44031/b/b.go
/usr/local/go/misc/cgo/testshared/testdata/issue47837/a/a.go
/usr/local/go/misc/cgo/testshared/testdata/issue47837/main/main.go
/usr/local/go/misc/cgo/testso/noso_test.go
/usr/local/go/misc/cgo/testso/testdata/cgoso.go
/usr/local/go/misc/cgo/testso/testdata/main.go
/usr/local/go/misc/cgo/testsovar/noso_test.go
/usr/local/go/misc/cgo/testsovar/testdata/main.go
/usr/local/go/misc/cgo/testtls/tls_test.go
/usr/local/go/misc/swig/callback/callback.go
/usr/local/go/misc/swig/stdio/file.go
/usr/local/go/misc/swig/stdio/file_test.go
/usr/local/go/src/archive/tar/stat_actime1.go
/usr/local/go/src/archive/tar/stat_actime2.go
/usr/local/go/src/bytes/export_test.go
/usr/local/go/src/cmd/api/testdata/src/issue21181/dep/p_amd64.go
/usr/local/go/src/cmd/api/testdata/src/issue21181/p/p_amd64.go
/usr/local/go/src/cmd/api/testdata/src/issue21181/p/p_generic.go
/usr/local/go/src/cmd/api/testdata/src/pkg/p2/p2.go
/usr/local/go/src/cmd/api/testdata/src/pkg/p3/p3.go
/usr/local/go/src/cmd/asm/doc.go
/usr/local/go/src/cmd/buildid/doc.go
/usr/local/go/src/cmd/cgo/doc.go
/usr/local/go/src/cmd/compile/doc.go
/usr/local/go/src/cmd/compile/internal/amd64/galign.go
/usr/local/go/src/cmd/compile/internal/arm64/galign.go
/usr/local/go/src/cmd/compile/internal/base/bootstrap_false.go
/usr/local/go/src/cmd/compile/internal/base/bootstrap_true.go
/usr/local/go/src/cmd/compile/internal/base/link.go
/usr/local/go/src/cmd/compile/internal/escape/desugar.go
/usr/local/go/src/cmd/compile/internal/gc/bootstrap.go
/usr/local/go/src/cmd/compile/internal/gc/pprof.go
/usr/local/go/src/cmd/compile/internal/gc/trace.go
/usr/local/go/src/cmd/compile/internal/importer/testdata/a.go
/usr/local/go/src/cmd/compile/internal/importer/testdata/b.go
/usr/local/go/src/cmd/compile/internal/importer/testdata/issue15920.go
/usr/local/go/src/cmd/compile/internal/importer/testdata/issue20046.go
/usr/local/go/src/cmd/compile/internal/importer/testdata/p.go
/usr/local/go/src/cmd/compile/internal/importer/testdata/versions/test.go
/usr/local/go/src/cmd/compile/internal/ir/cfg.go
/usr/local/go/src/cmd/compile/internal/ir/ir.go
/usr/local/go/src/cmd/compile/internal/ir/package.go
/usr/local/go/src/cmd/compile/internal/ir/symtab.go
/usr/local/go/src/cmd/compile/internal/logopt/escape.go
/usr/local/go/src/cmd/compile/internal/logopt/escape_bootstrap.go
/usr/local/go/src/cmd/compile/internal/mips64/galign.go
/usr/local/go/src/cmd/compile/internal/ppc64/galign.go
/usr/local/go/src/cmd/compile/internal/ppc64/opt.go
/usr/local/go/src/cmd/compile/internal/riscv64/galign.go
/usr/local/go/src/cmd/compile/internal/s390x/galign.go
/usr/local/go/src/cmd/compile/internal/ssa/biasedsparsemap.go
/usr/local/go/src/cmd/compile/internal/ssa/deadstore_test.go
/usr/local/go/src/cmd/compile/internal/ssa/gen/genericOps.go
/usr/local/go/src/cmd/compile/internal/ssa/opt.go
/usr/local/go/src/cmd/compile/internal/ssa/stackframe.go
/usr/local/go/src/cmd/compile/internal/ssa/testdata/i22600.go
/usr/local/go/src/cmd/compile/internal/ssa/testdata/inline-dump.go
/usr/local/go/src/cmd/compile/internal/ssa/testdata/sayhi.go
/usr/local/go/src/cmd/compile/internal/ssa/writebarrier_test.go
/usr/local/go/src/cmd/compile/internal/test/test.go
/usr/local/go/src/cmd/compile/internal/test/testdata/cmp_test.go
/usr/local/go/src/cmd/compile/internal/test/testdata/reproducible/issue20272.go
/usr/local/go/src/cmd/compile/internal/test/testdata/reproducible/issue30202.go
/usr/local/go/src/cmd/compile/internal/typecheck/export.go
/usr/local/go/src/cmd/compile/internal/typecheck/target.go
/usr/local/go/src/cmd/compile/internal/types2/array.go
/usr/local/go/src/cmd/compile/internal/types2/map.go
/usr/local/go/src/cmd/compile/internal/types2/package.go
/usr/local/go/src/cmd/compile/internal/types2/pointer.go
/usr/local/go/src/cmd/compile/internal/types2/slice.go
/usr/local/go/src/cmd/compile/internal/types2/testdata/fixedbugs/issue45114.go
/usr/local/go/src/cmd/compile/internal/types2/testdata/fixedbugs/issue50918.go
/usr/local/go/src/cmd/compile/internal/types2/testdata/fixedbugs/issue51509.go
/usr/local/go/src/cmd/cover/doc.go
/usr/local/go/src/cmd/cover/testdata/html/html_test.go
/usr/local/go/src/cmd/cover/testdata/p.go
/usr/local/go/src/cmd/dist/doc.go
/usr/local/go/src/cmd/dist/sys_default.go
/usr/local/go/src/cmd/dist/test_linux.go
/usr/local/go/src/cmd/dist/util_gc.go
/usr/local/go/src/cmd/dist/util_gccgo.go
/usr/local/go/src/cmd/doc/testdata/merge/aa.go
/usr/local/go/src/cmd/doc/testdata/merge/bb.go
/usr/local/go/src/cmd/doc/testdata/nested/empty/empty.go
/usr/local/go/src/cmd/doc/testdata/nested/ignore.go
/usr/local/go/src/cmd/doc/testdata/nested/nested/real.go
/usr/local/go/src/cmd/fix/buildtag_test.go
/usr/local/go/src/cmd/fix/cftype_test.go
/usr/local/go/src/cmd/fix/context.go
/usr/local/go/src/cmd/fix/context_test.go
/usr/local/go/src/cmd/fix/doc.go
/usr/local/go/src/cmd/fix/egltype.go
/usr/local/go/src/cmd/fix/gotypes_test.go
/usr/local/go/src/cmd/fix/jnitype_test.go
/usr/local/go/src/cmd/fix/netipv6zone_test.go
/usr/local/go/src/cmd/fix/printerconfig_test.go
/usr/local/go/src/cmd/go/alldocs.go
/usr/local/go/src/cmd/go/go11.go
/usr/local/go/src/cmd/go/go_unix_test.go
/usr/local/go/src/cmd/go/internal/base/env.go
/usr/local/go/src/cmd/go/internal/base/signal_notunix.go
/usr/local/go/src/cmd/go/internal/base/signal_unix.go
/usr/local/go/src/cmd/go/internal/base/tool.go
/usr/local/go/src/cmd/go/internal/imports/testdata/android/.h.go
/usr/local/go/src/cmd/go/internal/imports/testdata/android/a_android.go
/usr/local/go/src/cmd/go/internal/imports/testdata/android/b_android_arm64.go
/usr/local/go/src/cmd/go/internal/imports/testdata/android/c_linux.go
/usr/local/go/src/cmd/go/internal/imports/testdata/android/d_linux_arm64.go
/usr/local/go/src/cmd/go/internal/imports/testdata/android/e.go
/usr/local/go/src/cmd/go/internal/imports/testdata/android/f.go
/usr/local/go/src/cmd/go/internal/imports/testdata/android/g.go
/usr/local/go/src/cmd/go/internal/imports/testdata/illumos/.h.go
/usr/local/go/src/cmd/go/internal/imports/testdata/illumos/a_illumos.go
/usr/local/go/src/cmd/go/internal/imports/testdata/illumos/b_illumos_amd64.go
/usr/local/go/src/cmd/go/internal/imports/testdata/illumos/c_solaris.go
/usr/local/go/src/cmd/go/internal/imports/testdata/illumos/d_solaris_amd64.go
/usr/local/go/src/cmd/go/internal/imports/testdata/illumos/e.go
/usr/local/go/src/cmd/go/internal/imports/testdata/illumos/f.go
/usr/local/go/src/cmd/go/internal/imports/testdata/illumos/g.go
/usr/local/go/src/cmd/go/internal/imports/testdata/star/x.go
/usr/local/go/src/cmd/go/internal/imports/testdata/star/x1.go
/usr/local/go/src/cmd/go/internal/imports/testdata/star/x_darwin.go
/usr/local/go/src/cmd/go/internal/imports/testdata/star/x_windows.go
/usr/local/go/src/cmd/go/internal/load/path.go
/usr/local/go/src/cmd/go/internal/modload/stat_openfile.go
/usr/local/go/src/cmd/go/internal/modload/stat_windows.go
/usr/local/go/src/cmd/go/internal/robustio/robustio_darwin.go
/usr/local/go/src/cmd/go/internal/web/url_other_test.go
/usr/local/go/src/cmd/go/internal/web/url_windows_test.go
/usr/local/go/src/cmd/go/internal/work/testgo.go
/usr/local/go/src/cmd/go/stop_other_test.go
/usr/local/go/src/cmd/go/stop_unix_test.go
/usr/local/go/src/cmd/go/testdata/modlegacy/src/new/new.go
/usr/local/go/src/cmd/go/testdata/modlegacy/src/new/p1/p1.go
/usr/local/go/src/cmd/go/testdata/modlegacy/src/new/p2/p2.go
/usr/local/go/src/cmd/go/testdata/modlegacy/src/new/sub/inner/x/x.go
/usr/local/go/src/cmd/go/testdata/modlegacy/src/new/sub/x/v1/y/y.go
/usr/local/go/src/cmd/go/testdata/modlegacy/src/old/p1/p1.go
/usr/local/go/src/cmd/go/testdata/modlegacy/src/old/p2/p2.go
/usr/local/go/src/cmd/gofmt/doc.go
/usr/local/go/src/cmd/internal/archive/testdata/go1.go
/usr/local/go/src/cmd/internal/archive/testdata/go2.go
/usr/local/go/src/cmd/internal/archive/testdata/mycgo/go.go
/usr/local/go/src/cmd/internal/archive/testdata/mycgo/go1.go
/usr/local/go/src/cmd/internal/archive/testdata/mycgo/go2.go
/usr/local/go/src/cmd/internal/bio/must.go
/usr/local/go/src/cmd/internal/obj/arm/anames.go
/usr/local/go/src/cmd/internal/obj/arm/anames5.go
/usr/local/go/src/cmd/internal/obj/arm64/anames.go
/usr/local/go/src/cmd/internal/obj/arm64/anames7.go
/usr/local/go/src/cmd/internal/obj/arm64/doc.go
/usr/local/go/src/cmd/internal/obj/mips/anames.go
/usr/local/go/src/cmd/internal/obj/mips/anames0.go
/usr/local/go/src/cmd/internal/obj/mips/list0.go
/usr/local/go/src/cmd/internal/obj/ppc64/anames.go
/usr/local/go/src/cmd/internal/obj/ppc64/anames9.go
/usr/local/go/src/cmd/internal/obj/ppc64/doc.go
/usr/local/go/src/cmd/internal/obj/riscv/anames.go
/usr/local/go/src/cmd/internal/obj/s390x/anames.go
/usr/local/go/src/cmd/internal/obj/s390x/anamesz.go
/usr/local/go/src/cmd/internal/obj/s390x/listz.go
/usr/local/go/src/cmd/internal/obj/textflag.go
/usr/local/go/src/cmd/internal/obj/wasm/anames.go
/usr/local/go/src/cmd/internal/obj/x86/anames.go
/usr/local/go/src/cmd/internal/obj/x86/list6.go
/usr/local/go/src/cmd/internal/objabi/funcdata.go
/usr/local/go/src/cmd/internal/objabi/stack.go
/usr/local/go/src/cmd/internal/objabi/util.go
/usr/local/go/src/cmd/internal/objabi/zbootstrap.go
/usr/local/go/src/cmd/internal/sys/supported_test.go
/usr/local/go/src/cmd/link/doc.go
/usr/local/go/src/cmd/link/internal/amd64/l.go
/usr/local/go/src/cmd/link/internal/arm/l.go
/usr/local/go/src/cmd/link/internal/arm64/l.go
/usr/local/go/src/cmd/link/internal/ld/execarchive_noexec.go
/usr/local/go/src/cmd/link/internal/ld/nooptcgolink_test.go
/usr/local/go/src/cmd/link/internal/ld/outbuf_linux.go
/usr/local/go/src/cmd/link/internal/ld/outbuf_nofallocate.go
/usr/local/go/src/cmd/link/internal/ld/outbuf_notdarwin.go
/usr/local/go/src/cmd/link/internal/ld/testdata/issue10978/main.go
/usr/local/go/src/cmd/link/internal/ld/testdata/issue25459/main/main.go
/usr/local/go/src/cmd/link/internal/ld/testdata/issue26237/b.dir/b.go
/usr/local/go/src/cmd/link/internal/ld/testdata/issue26237/main/main.go
/usr/local/go/src/cmd/link/internal/ld/testdata/issue32233/lib/lib.go
/usr/local/go/src/cmd/link/internal/ld/testdata/issue32233/main/main.go
/usr/local/go/src/cmd/link/internal/ld/testdata/issue38192/main.go
/usr/local/go/src/cmd/link/internal/ld/testdata/issue39256/x.go
/usr/local/go/src/cmd/link/internal/mips/l.go
/usr/local/go/src/cmd/link/internal/mips64/l.go
/usr/local/go/src/cmd/link/internal/ppc64/l.go
/usr/local/go/src/cmd/link/internal/riscv64/l.go
/usr/local/go/src/cmd/link/internal/s390x/l.go
/usr/local/go/src/cmd/link/internal/sym/compilation_unit.go
/usr/local/go/src/cmd/link/internal/sym/library.go
/usr/local/go/src/cmd/link/internal/sym/segment.go
/usr/local/go/src/cmd/link/internal/x86/l.go
/usr/local/go/src/cmd/link/testdata/pe-binutils/main.go
/usr/local/go/src/cmd/link/testdata/pe-llvm/main.go
/usr/local/go/src/cmd/link/testdata/testBuildFortvOS/lib.go
/usr/local/go/src/cmd/nm/doc.go
/usr/local/go/src/cmd/objdump/testdata/testfilenum/a.go
/usr/local/go/src/cmd/objdump/testdata/testfilenum/b.go
/usr/local/go/src/cmd/objdump/testdata/testfilenum/c.go
/usr/local/go/src/cmd/pack/doc.go
/usr/local/go/src/cmd/pprof/doc.go
/usr/local/go/src/cmd/trace/doc.go
/usr/local/go/src/cmd/vendor/github.com/google/pprof/internal/driver/webhtml.go
/usr/local/go/src/cmd/vendor/github.com/google/pprof/internal/report/source_html.go
/usr/local/go/src/cmd/vendor/github.com/google/pprof/third_party/d3/d3.go
/usr/local/go/src/cmd/vendor/github.com/google/pprof/third_party/d3flamegraph/d3_flame_graph.go
/usr/local/go/src/cmd/vendor/github.com/google/pprof/third_party/svgpan/svgpan.go
/usr/local/go/src/cmd/vendor/golang.org/x/arch/ppc64/ppc64asm/doc.go
/usr/local/go/src/cmd/vendor/golang.org/x/mod/internal/lazyregexp/lazyre.go
/usr/local/go/src/cmd/vendor/golang.org/x/sys/internal/unsafeheader/unsafeheader.go
/usr/local/go/src/cmd/vendor/golang.org/x/sys/plan9/const_plan9.go
/usr/local/go/src/cmd/vendor/golang.org/x/sys/plan9/env_plan9.go
/usr/local/go/src/cmd/vendor/golang.org/x/sys/plan9/errors_plan9.go
/usr/local/go/src/cmd/vendor/golang.org/x/sys/plan9/pwd_go15_plan9.go
/usr/local/go/src/cmd/vendor/golang.org/x/sys/plan9/pwd_plan9.go
/usr/local/go/src/cmd/vendor/golang.org/x/sys/plan9/race.go
/usr/local/go/src/cmd/vendor/golang.org/x/sys/plan9/race0.go
/usr/local/go/src/cmd/vendor/golang.org/x/sys/plan9/zsysnum_plan9.go
/usr/local/go/src/cmd/vendor/golang.org/x/sys/unix/bluetooth_linux.go
/usr/local/go/src/cmd/vendor/golang.org/x/sys/unix/constants.go
/usr/local/go/src/cmd/vendor/golang.org/x/sys/unix/endian_big.go
/usr/local/go/src/cmd/vendor/golang.org/x/sys/unix/endian_little.go
/usr/local/go/src/cmd/vendor/golang.org/x/sys/unix/env_unix.go
/usr/local/go/src/cmd/vendor/golang.org/x/sys/unix/errors_freebsd_386.go
/usr/local/go/src/cmd/vendor/golang.org/x/sys/unix/errors_freebsd_amd64.go
/usr/local/go/src/cmd/vendor/golang.org/x/sys/unix/errors_freebsd_arm.go
/usr/local/go/src/cmd/vendor/golang.org/x/sys/unix/errors_freebsd_arm64.go
/usr/local/go/src/cmd/vendor/golang.org/x/sys/unix/fcntl.go
/usr/local/go/src/cmd/vendor/golang.org/x/sys/unix/fcntl_darwin.go
/usr/local/go/src/cmd/vendor/golang.org/x/sys/unix/fcntl_linux_32bit.go
/usr/local/go/src/cmd/vendor/golang.org/x/sys/unix/gccgo.go
/usr/local/go/src/cmd/vendor/golang.org/x/sys/unix/pagesize_unix.go
/usr/local/go/src/cmd/vendor/golang.org/x/sys/unix/ptrace_darwin.go
/usr/local/go/src/cmd/vendor/golang.org/x/sys/unix/ptrace_ios.go
/usr/local/go/src/cmd/vendor/golang.org/x/sys/unix/race.go
/usr/local/go/src/cmd/vendor/golang.org/x/sys/unix/race0.go
/usr/local/go/src/cmd/vendor/golang.org/x/sys/unix/readdirent_getdents.go
/usr/local/go/src/cmd/vendor/golang.org/x/sys/unix/syscall_aix_ppc.go
/usr/local/go/src/cmd/vendor/golang.org/x/sys/unix/syscall_aix_ppc64.go
/usr/local/go/src/cmd/vendor/golang.org/x/sys/unix/syscall_darwin_amd64.go
/usr/local/go/src/cmd/vendor/golang.org/x/sys/unix/syscall_darwin_arm64.go
/usr/local/go/src/cmd/vendor/golang.org/x/sys/unix/syscall_darwin_libSystem.go
/usr/local/go/src/cmd/vendor/golang.org/x/sys/unix/syscall_linux_amd64_gc.go
/usr/local/go/src/cmd/vendor/golang.org/x/sys/unix/syscall_linux_gc.go
/usr/local/go/src/cmd/vendor/golang.org/x/sys/unix/syscall_linux_gc_386.go
/usr/local/go/src/cmd/vendor/golang.org/x/sys/unix/syscall_linux_gc_arm.go
/usr/local/go/src/cmd/vendor/golang.org/x/sys/unix/syscall_netbsd_386.go
/usr/local/go/src/cmd/vendor/golang.org/x/sys/unix/syscall_netbsd_amd64.go
/usr/local/go/src/cmd/vendor/golang.org/x/sys/unix/syscall_netbsd_arm.go
/usr/local/go/src/cmd/vendor/golang.org/x/sys/unix/syscall_netbsd_arm64.go
/usr/local/go/src/cmd/vendor/golang.org/x/sys/unix/syscall_openbsd_386.go
/usr/local/go/src/cmd/vendor/golang.org/x/sys/unix/syscall_openbsd_amd64.go
/usr/local/go/src/cmd/vendor/golang.org/x/sys/unix/syscall_openbsd_arm.go
/usr/local/go/src/cmd/vendor/golang.org/x/sys/unix/syscall_openbsd_arm64.go
/usr/local/go/src/cmd/vendor/golang.org/x/sys/unix/syscall_openbsd_mips64.go
/usr/local/go/src/cmd/vendor/golang.org/x/sys/unix/syscall_solaris_amd64.go
/usr/local/go/src/cmd/vendor/golang.org/x/sys/unix/syscall_unix_gc.go
/usr/local/go/src/cmd/vendor/golang.org/x/sys/unix/syscall_unix_gc_ppc64x.go
/usr/local/go/src/cmd/vendor/golang.org/x/sys/unix/sysvshm_linux.go
/usr/local/go/src/cmd/vendor/golang.org/x/sys/unix/sysvshm_unix_other.go
/usr/local/go/src/cmd/vendor/golang.org/x/sys/unix/unveil_openbsd.go
/usr/local/go/src/cmd/vendor/golang.org/x/sys/unix/zerrors_linux.go
/usr/local/go/src/cmd/vendor/golang.org/x/sys/unix/zptrace_x86_linux.go
/usr/local/go/src/cmd/vendor/golang.org/x/sys/unix/zsyscall_aix_ppc64_gccgo.go
/usr/local/go/src/cmd/vendor/golang.org/x/sys/unix/zsyscall_darwin_amd64.1_13.go
/usr/local/go/src/cmd/vendor/golang.org/x/sys/unix/zsyscall_darwin_arm64.1_13.go
/usr/local/go/src/cmd/vendor/golang.org/x/sys/unix/zsyscall_illumos_amd64.go
/usr/local/go/src/cmd/vendor/golang.org/x/sys/unix/zsysctl_openbsd_386.go
/usr/local/go/src/cmd/vendor/golang.org/x/sys/unix/zsysctl_openbsd_amd64.go
/usr/local/go/src/cmd/vendor/golang.org/x/sys/unix/zsysctl_openbsd_arm.go
/usr/local/go/src/cmd/vendor/golang.org/x/sys/unix/zsysctl_openbsd_arm64.go
/usr/local/go/src/cmd/vendor/golang.org/x/sys/unix/zsysctl_openbsd_mips64.go
/usr/local/go/src/cmd/vendor/golang.org/x/sys/unix/zsysnum_darwin_amd64.go
/usr/local/go/src/cmd/vendor/golang.org/x/sys/unix/zsysnum_darwin_arm64.go
/usr/local/go/src/cmd/vendor/golang.org/x/sys/unix/zsysnum_dragonfly_amd64.go
/usr/local/go/src/cmd/vendor/golang.org/x/sys/unix/zsysnum_freebsd_386.go
/usr/local/go/src/cmd/vendor/golang.org/x/sys/unix/zsysnum_freebsd_amd64.go
/usr/local/go/src/cmd/vendor/golang.org/x/sys/unix/zsysnum_freebsd_arm.go
/usr/local/go/src/cmd/vendor/golang.org/x/sys/unix/zsysnum_freebsd_arm64.go
/usr/local/go/src/cmd/vendor/golang.org/x/sys/unix/zsysnum_linux_386.go
/usr/local/go/src/cmd/vendor/golang.org/x/sys/unix/zsysnum_linux_amd64.go
/usr/local/go/src/cmd/vendor/golang.org/x/sys/unix/zsysnum_linux_arm.go
/usr/local/go/src/cmd/vendor/golang.org/x/sys/unix/zsysnum_linux_arm64.go
/usr/local/go/src/cmd/vendor/golang.org/x/sys/unix/zsysnum_linux_mips.go
/usr/local/go/src/cmd/vendor/golang.org/x/sys/unix/zsysnum_linux_mips64.go
/usr/local/go/src/cmd/vendor/golang.org/x/sys/unix/zsysnum_linux_mips64le.go
/usr/local/go/src/cmd/vendor/golang.org/x/sys/unix/zsysnum_linux_mipsle.go
/usr/local/go/src/cmd/vendor/golang.org/x/sys/unix/zsysnum_linux_ppc.go
/usr/local/go/src/cmd/vendor/golang.org/x/sys/unix/zsysnum_linux_ppc64.go
/usr/local/go/src/cmd/vendor/golang.org/x/sys/unix/zsysnum_linux_ppc64le.go
/usr/local/go/src/cmd/vendor/golang.org/x/sys/unix/zsysnum_linux_riscv64.go
/usr/local/go/src/cmd/vendor/golang.org/x/sys/unix/zsysnum_linux_s390x.go
/usr/local/go/src/cmd/vendor/golang.org/x/sys/unix/zsysnum_linux_sparc64.go
/usr/local/go/src/cmd/vendor/golang.org/x/sys/unix/zsysnum_netbsd_386.go
/usr/local/go/src/cmd/vendor/golang.org/x/sys/unix/zsysnum_netbsd_amd64.go
/usr/local/go/src/cmd/vendor/golang.org/x/sys/unix/zsysnum_netbsd_arm.go
/usr/local/go/src/cmd/vendor/golang.org/x/sys/unix/zsysnum_netbsd_arm64.go
/usr/local/go/src/cmd/vendor/golang.org/x/sys/unix/zsysnum_openbsd_386.go
/usr/local/go/src/cmd/vendor/golang.org/x/sys/unix/zsysnum_openbsd_amd64.go
/usr/local/go/src/cmd/vendor/golang.org/x/sys/unix/zsysnum_openbsd_arm.go
/usr/local/go/src/cmd/vendor/golang.org/x/sys/unix/zsysnum_openbsd_arm64.go
/usr/local/go/src/cmd/vendor/golang.org/x/sys/unix/zsysnum_openbsd_mips64.go
/usr/local/go/src/cmd/vendor/golang.org/x/sys/unix/zsysnum_zos_s390x.go
/usr/local/go/src/cmd/vendor/golang.org/x/sys/windows/eventlog.go
/usr/local/go/src/cmd/vendor/golang.org/x/sys/windows/memory_windows.go
/usr/local/go/src/cmd/vendor/golang.org/x/sys/windows/mksyscall.go
/usr/local/go/src/cmd/vendor/golang.org/x/sys/windows/race.go
/usr/local/go/src/cmd/vendor/golang.org/x/sys/windows/race0.go
/usr/local/go/src/cmd/vendor/golang.org/x/sys/windows/service.go
/usr/local/go/src/cmd/vendor/golang.org/x/term/term_unix_bsd.go
/usr/local/go/src/cmd/vendor/golang.org/x/term/term_unix_other.go
/usr/local/go/src/cmd/vendor/golang.org/x/tools/go/analysis/diagnostic.go
/usr/local/go/src/cmd/vendor/golang.org/x/tools/go/analysis/doc.go
/usr/local/go/src/cmd/vendor/golang.org/x/tools/go/analysis/unitchecker/unitchecker112.go
/usr/local/go/src/cmd/vendor/golang.org/x/tools/internal/typeparams/enabled_go117.go
/usr/local/go/src/cmd/vendor/golang.org/x/tools/internal/typeparams/enabled_go118.go
/usr/local/go/src/cmd/vendor/golang.org/x/xerrors/doc.go
/usr/local/go/src/cmd/vendor/golang.org/x/xerrors/internal/internal.go
/usr/local/go/src/cmd/vet/doc.go
/usr/local/go/src/cmd/vet/testdata/asm/asm.go
/usr/local/go/src/cmd/vet/testdata/atomic/atomic.go
/usr/local/go/src/cmd/vet/testdata/buildtag/buildtag.go
/usr/local/go/src/cmd/vet/testdata/buildtag/buildtag2.go
/usr/local/go/src/cmd/vet/testdata/buildtag/buildtag3.go
/usr/local/go/src/cmd/vet/testdata/buildtag/buildtag4.go
/usr/local/go/src/cmd/vet/testdata/buildtag/buildtag5.go
/usr/local/go/src/cmd/vet/testdata/deadcode/deadcode.go
/usr/local/go/src/cmd/vet/testdata/httpresponse/httpresponse.go
/usr/local/go/src/cmd/vet/testdata/lostcancel/lostcancel.go
/usr/local/go/src/cmd/vet/testdata/method/method.go
/usr/local/go/src/cmd/vet/testdata/nilfunc/nilfunc.go
/usr/local/go/src/cmd/vet/testdata/tagtest/file1.go
/usr/local/go/src/cmd/vet/testdata/tagtest/file2.go
/usr/local/go/src/cmd/vet/testdata/testingpkg/tests.go
/usr/local/go/src/cmd/vet/testdata/testingpkg/tests_test.go
/usr/local/go/src/cmd/vet/testdata/unsafeptr/unsafeptr.go
/usr/local/go/src/cmd/vet/testdata/unused/unused.go
/usr/local/go/src/crypto/cipher/common_test.go
/usr/local/go/src/crypto/cipher/export_test.go
/usr/local/go/src/crypto/cipher/xor_amd64.go
/usr/local/go/src/crypto/cipher/xor_arm64.go
/usr/local/go/src/crypto/cipher/xor_ppc64x.go
/usr/local/go/src/crypto/ecdsa/ecdsa_noasm.go
/usr/local/go/src/crypto/ed25519/internal/edwards25519/doc.go
/usr/local/go/src/crypto/ed25519/internal/edwards25519/field/fe_amd64.go
/usr/local/go/src/crypto/ed25519/internal/edwards25519/field/fe_arm64.go
/usr/local/go/src/crypto/ed25519/internal/edwards25519/field/fe_arm64_noasm.go
/usr/local/go/src/crypto/ed25519/internal/edwards25519/tables_test.go
/usr/local/go/src/crypto/elliptic/export_generate.go
/usr/local/go/src/crypto/elliptic/p256_generic.go
/usr/local/go/src/crypto/internal/subtle/aliasing.go
/usr/local/go/src/crypto/internal/subtle/aliasing_appengine.go
/usr/local/go/src/crypto/md5/md5block_decl.go
/usr/local/go/src/crypto/md5/md5block_generic.go
/usr/local/go/src/crypto/rand/rand.go
/usr/local/go/src/crypto/rand/rand_dragonfly.go
/usr/local/go/src/crypto/rand/rand_freebsd.go
/usr/local/go/src/crypto/rand/rand_solaris.go
/usr/local/go/src/crypto/sha1/fallback_test.go
/usr/local/go/src/crypto/sha1/sha1block_decl.go
/usr/local/go/src/crypto/sha1/sha1block_generic.go
/usr/local/go/src/crypto/sha1/sha1block_s390x.go
/usr/local/go/src/crypto/sha256/fallback_test.go
/usr/local/go/src/crypto/sha256/sha256block_amd64.go
/usr/local/go/src/crypto/sha256/sha256block_decl.go
/usr/local/go/src/crypto/sha256/sha256block_generic.go
/usr/local/go/src/crypto/sha256/sha256block_s390x.go
/usr/local/go/src/crypto/sha512/fallback_test.go
/usr/local/go/src/crypto/sha512/sha512block_decl.go
/usr/local/go/src/crypto/sha512/sha512block_generic.go
/usr/local/go/src/crypto/sha512/sha512block_s390x.go
/usr/local/go/src/crypto/tls/handshake_unix_test.go
/usr/local/go/src/crypto/x509/root_aix.go
/usr/local/go/src/crypto/x509/root_bsd.go
/usr/local/go/src/crypto/x509/root_linux.go
/usr/local/go/src/crypto/x509/root_solaris.go
/usr/local/go/src/debug/dwarf/export_test.go
/usr/local/go/src/debug/gosym/testdata/main.go
/usr/local/go/src/debug/pe/file_cgo_test.go
/usr/local/go/src/embed/example_test.go
/usr/local/go/src/encoding/encoding.go
/usr/local/go/src/encoding/gob/doc.go
/usr/local/go/src/encoding/xml/atom_test.go
/usr/local/go/src/errors/errors.go
/usr/local/go/src/errors/example_test.go
/usr/local/go/src/fmt/doc.go
/usr/local/go/src/fmt/export_test.go
/usr/local/go/src/fmt/gostringer_example_test.go
/usr/local/go/src/fmt/stringer_example_test.go
/usr/local/go/src/fmt/stringer_test.go
/usr/local/go/src/go/build/doc.go
/usr/local/go/src/go/build/gc.go
/usr/local/go/src/go/build/gccgo.go
/usr/local/go/src/go/build/syslist.go
/usr/local/go/src/go/build/testdata/cgo_disabled/cgo_disabled.go
/usr/local/go/src/go/build/testdata/cgo_disabled/empty.go
/usr/local/go/src/go/build/testdata/doc/a_test.go
/usr/local/go/src/go/build/testdata/doc/b_test.go
/usr/local/go/src/go/build/testdata/doc/c_test.go
/usr/local/go/src/go/build/testdata/doc/d_test.go
/usr/local/go/src/go/build/testdata/doc/e.go
/usr/local/go/src/go/build/testdata/doc/f.go
/usr/local/go/src/go/build/testdata/multi/file.go
/usr/local/go/src/go/build/testdata/multi/file_appengine.go
/usr/local/go/src/go/build/testdata/other/file/file.go
/usr/local/go/src/go/build/testdata/other/main.go
/usr/local/go/src/go/build/testdata/withvendor/src/a/b/b.go
/usr/local/go/src/go/build/testdata/withvendor/src/a/vendor/c/d/d.go
/usr/local/go/src/go/doc/testdata/a0.go
/usr/local/go/src/go/doc/testdata/a1.go
/usr/local/go/src/go/doc/testdata/bugpara.go
/usr/local/go/src/go/doc/testdata/f.go
/usr/local/go/src/go/doc/testdata/issue17788.go
/usr/local/go/src/go/doc/testdata/predeclared.go
/usr/local/go/src/go/internal/gccgoimporter/testdata/complexnums.go
/usr/local/go/src/go/internal/gccgoimporter/testdata/conversions.go
/usr/local/go/src/go/internal/gccgoimporter/testdata/imports.go
/usr/local/go/src/go/internal/gccgoimporter/testdata/notinheap.go
/usr/local/go/src/go/internal/gccgoimporter/testdata/pointer.go
/usr/local/go/src/go/internal/gcimporter/testdata/a.go
/usr/local/go/src/go/internal/gcimporter/testdata/b.go
/usr/local/go/src/go/internal/gcimporter/testdata/issue15920.go
/usr/local/go/src/go/internal/gcimporter/testdata/issue20046.go
/usr/local/go/src/go/internal/gcimporter/testdata/p.go
/usr/local/go/src/go/internal/gcimporter/testdata/versions/test.go
/usr/local/go/src/go/internal/srcimporter/testdata/issue20855/issue20855.go
/usr/local/go/src/go/internal/srcimporter/testdata/issue23092/issue23092.go
/usr/local/go/src/go/internal/srcimporter/testdata/issue24392/issue24392.go
/usr/local/go/src/go/internal/typeparams/common.go
/usr/local/go/src/go/types/array.go
/usr/local/go/src/go/types/map.go
/usr/local/go/src/go/types/package.go
/usr/local/go/src/go/types/pointer.go
/usr/local/go/src/go/types/slice.go
/usr/local/go/src/go/types/testdata/fixedbugs/issue45114.go
/usr/local/go/src/go/types/testdata/fixedbugs/issue50918.go
/usr/local/go/src/go/types/testdata/fixedbugs/issue51509.go
/usr/local/go/src/html/fuzz.go
/usr/local/go/src/html/template/doc.go
/usr/local/go/src/image/color/palette/generate.go
/usr/local/go/src/image/internal/imageutil/imageutil.go
/usr/local/go/src/internal/abi/abi_amd64.go
/usr/local/go/src/internal/abi/abi_arm64.go
/usr/local/go/src/internal/abi/abi_generic.go
/usr/local/go/src/internal/abi/abi_ppc64x.go
/usr/local/go/src/internal/abi/export_test.go
/usr/local/go/src/internal/buildcfg/zbootstrap.go
/usr/local/go/src/internal/bytealg/compare_native.go
/usr/local/go/src/internal/bytealg/equal_generic.go
/usr/local/go/src/internal/bytealg/equal_native.go
/usr/local/go/src/internal/bytealg/index_arm64.go
/usr/local/go/src/internal/bytealg/index_generic.go
/usr/local/go/src/internal/bytealg/index_native.go
/usr/local/go/src/internal/bytealg/indexbyte_native.go
/usr/local/go/src/internal/cfg/cfg.go
/usr/local/go/src/internal/cpu/cpu_arm.go
/usr/local/go/src/internal/cpu/cpu_arm64.go
/usr/local/go/src/internal/cpu/cpu_arm64_android.go
/usr/local/go/src/internal/cpu/cpu_arm64_linux.go
/usr/local/go/src/internal/cpu/cpu_arm64_other.go
/usr/local/go/src/internal/cpu/cpu_mips.go
/usr/local/go/src/internal/cpu/cpu_mips64x.go
/usr/local/go/src/internal/cpu/cpu_mipsle.go
/usr/local/go/src/internal/cpu/cpu_no_name.go
/usr/local/go/src/internal/cpu/cpu_ppc64x.go
/usr/local/go/src/internal/cpu/cpu_ppc64x_aix.go
/usr/local/go/src/internal/cpu/cpu_ppc64x_linux.go
/usr/local/go/src/internal/cpu/cpu_riscv64.go
/usr/local/go/src/internal/cpu/cpu_wasm.go
/usr/local/go/src/internal/cpu/cpu_x86_test.go
/usr/local/go/src/internal/cpu/export_test.go
/usr/local/go/src/internal/fmtsort/export_test.go
/usr/local/go/src/internal/fuzz/counters_unsupported.go
/usr/local/go/src/internal/fuzz/trace.go
/usr/local/go/src/internal/goarch/goarch_386.go
/usr/local/go/src/internal/goarch/goarch_amd64.go
/usr/local/go/src/internal/goarch/goarch_arm.go
/usr/local/go/src/internal/goarch/goarch_arm64.go
/usr/local/go/src/internal/goarch/goarch_mips.go
/usr/local/go/src/internal/goarch/goarch_mips64.go
/usr/local/go/src/internal/goarch/goarch_mips64le.go
/usr/local/go/src/internal/goarch/goarch_mipsle.go
/usr/local/go/src/internal/goarch/goarch_ppc64.go
/usr/local/go/src/internal/goarch/goarch_ppc64le.go
/usr/local/go/src/internal/goarch/goarch_riscv64.go
/usr/local/go/src/internal/goarch/goarch_s390x.go
/usr/local/go/src/internal/goarch/goarch_wasm.go
/usr/local/go/src/internal/goarch/zgoarch_386.go
/usr/local/go/src/internal/goarch/zgoarch_amd64.go
/usr/local/go/src/internal/goarch/zgoarch_arm.go
/usr/local/go/src/internal/goarch/zgoarch_arm64.go
/usr/local/go/src/internal/goarch/zgoarch_arm64be.go
/usr/local/go/src/internal/goarch/zgoarch_armbe.go
/usr/local/go/src/internal/goarch/zgoarch_loong64.go
/usr/local/go/src/internal/goarch/zgoarch_mips.go
/usr/local/go/src/internal/goarch/zgoarch_mips64.go
/usr/local/go/src/internal/goarch/zgoarch_mips64le.go
/usr/local/go/src/internal/goarch/zgoarch_mips64p32.go
/usr/local/go/src/internal/goarch/zgoarch_mips64p32le.go
/usr/local/go/src/internal/goarch/zgoarch_mipsle.go
/usr/local/go/src/internal/goarch/zgoarch_ppc.go
/usr/local/go/src/internal/goarch/zgoarch_ppc64.go
/usr/local/go/src/internal/goarch/zgoarch_ppc64le.go
/usr/local/go/src/internal/goarch/zgoarch_riscv.go
/usr/local/go/src/internal/goarch/zgoarch_riscv64.go
/usr/local/go/src/internal/goarch/zgoarch_s390.go
/usr/local/go/src/internal/goarch/zgoarch_s390x.go
/usr/local/go/src/internal/goarch/zgoarch_sparc.go
/usr/local/go/src/internal/goarch/zgoarch_sparc64.go
/usr/local/go/src/internal/goarch/zgoarch_wasm.go
/usr/local/go/src/internal/goexperiment/exp_fieldtrack_off.go
/usr/local/go/src/internal/goexperiment/exp_fieldtrack_on.go
/usr/local/go/src/internal/goexperiment/exp_heapminimum512kib_off.go
/usr/local/go/src/internal/goexperiment/exp_heapminimum512kib_on.go
/usr/local/go/src/internal/goexperiment/exp_pacerredesign_off.go
/usr/local/go/src/internal/goexperiment/exp_pacerredesign_on.go
/usr/local/go/src/internal/goexperiment/exp_preemptibleloops_off.go
/usr/local/go/src/internal/goexperiment/exp_preemptibleloops_on.go
/usr/local/go/src/internal/goexperiment/exp_regabiargs_off.go
/usr/local/go/src/internal/goexperiment/exp_regabiargs_on.go
/usr/local/go/src/internal/goexperiment/exp_regabireflect_off.go
/usr/local/go/src/internal/goexperiment/exp_regabireflect_on.go
/usr/local/go/src/internal/goexperiment/exp_regabiwrappers_off.go
/usr/local/go/src/internal/goexperiment/exp_regabiwrappers_on.go
/usr/local/go/src/internal/goexperiment/exp_staticlockranking_off.go
/usr/local/go/src/internal/goexperiment/exp_staticlockranking_on.go
/usr/local/go/src/internal/goexperiment/exp_unified_off.go
/usr/local/go/src/internal/goexperiment/exp_unified_on.go
/usr/local/go/src/internal/goexperiment/flags.go
/usr/local/go/src/internal/goos/goos.go
/usr/local/go/src/internal/goos/zgoos_aix.go
/usr/local/go/src/internal/goos/zgoos_android.go
/usr/local/go/src/internal/goos/zgoos_darwin.go
/usr/local/go/src/internal/goos/zgoos_dragonfly.go
/usr/local/go/src/internal/goos/zgoos_freebsd.go
/usr/local/go/src/internal/goos/zgoos_hurd.go
/usr/local/go/src/internal/goos/zgoos_illumos.go
/usr/local/go/src/internal/goos/zgoos_ios.go
/usr/local/go/src/internal/goos/zgoos_js.go
/usr/local/go/src/internal/goos/zgoos_linux.go
/usr/local/go/src/internal/goos/zgoos_netbsd.go
/usr/local/go/src/internal/goos/zgoos_openbsd.go
/usr/local/go/src/internal/goos/zgoos_plan9.go
/usr/local/go/src/internal/goos/zgoos_solaris.go
/usr/local/go/src/internal/goos/zgoos_windows.go
/usr/local/go/src/internal/goos/zgoos_zos.go
/usr/local/go/src/internal/goversion/goversion.go
/usr/local/go/src/internal/lazyregexp/lazyre.go
/usr/local/go/src/internal/oserror/errors.go
/usr/local/go/src/internal/poll/export_posix_test.go
/usr/local/go/src/internal/poll/export_windows_test.go
/usr/local/go/src/internal/poll/fcntl_js.go
/usr/local/go/src/internal/poll/fcntl_libc.go
/usr/local/go/src/internal/poll/fcntl_syscall.go
/usr/local/go/src/internal/poll/fd_fsync_windows.go
/usr/local/go/src/internal/poll/fd_writev_darwin.go
/usr/local/go/src/internal/poll/fd_writev_illumos.go
/usr/local/go/src/internal/poll/sockopt_linux.go
/usr/local/go/src/internal/poll/sockopt_unix.go
/usr/local/go/src/internal/poll/sockopt_windows.go
/usr/local/go/src/internal/poll/sockoptip.go
/usr/local/go/src/internal/race/doc.go
/usr/local/go/src/internal/race/norace.go
/usr/local/go/src/internal/race/race.go
/usr/local/go/src/internal/syscall/unix/at.go
/usr/local/go/src/internal/syscall/unix/at_aix.go
/usr/local/go/src/internal/syscall/unix/at_darwin.go
/usr/local/go/src/internal/syscall/unix/at_freebsd.go
/usr/local/go/src/internal/syscall/unix/at_libc.go
/usr/local/go/src/internal/syscall/unix/at_solaris.go
/usr/local/go/src/internal/syscall/unix/at_sysnum_darwin.go
/usr/local/go/src/internal/syscall/unix/fcntl_linux_32bit.go
/usr/local/go/src/internal/syscall/unix/getentropy_darwin.go
/usr/local/go/src/internal/syscall/unix/getrandom.go
/usr/local/go/src/internal/syscall/unix/ioctl_aix.go
/usr/local/go/src/internal/syscall/unix/net.go
/usr/local/go/src/internal/syscall/unix/net_js.go
/usr/local/go/src/internal/syscall/unix/nonblocking.go
/usr/local/go/src/internal/syscall/unix/nonblocking_js.go
/usr/local/go/src/internal/syscall/unix/nonblocking_libc.go
/usr/local/go/src/internal/syscall/unix/writev_illumos.go
/usr/local/go/src/internal/syscall/windows/mksyscall.go
/usr/local/go/src/internal/syscall/windows/net_windows.go
/usr/local/go/src/internal/syscall/windows/psapi_windows.go
/usr/local/go/src/internal/syscall/windows/registry/export_test.go
/usr/local/go/src/internal/syscall/windows/registry/mksyscall.go
/usr/local/go/src/internal/testenv/testenv_cgo.go
/usr/local/go/src/internal/testenv/testenv_notunix.go
/usr/local/go/src/internal/testenv/testenv_unix.go
/usr/local/go/src/internal/testlog/exit.go
/usr/local/go/src/internal/unsafeheader/unsafeheader.go
/usr/local/go/src/io/export_test.go
/usr/local/go/src/io/fs/example_test.go
/usr/local/go/src/io/ioutil/tempfile.go
/usr/local/go/src/log/example_test.go
/usr/local/go/src/log/syslog/doc.go
/usr/local/go/src/log/syslog/example_test.go
/usr/local/go/src/math/arith_s390x.go
/usr/local/go/src/math/big/arith_amd64.go
/usr/local/go/src/math/big/arith_decl.go
/usr/local/go/src/math/big/arith_decl_pure.go
/usr/local/go/src/math/big/arith_decl_s390x.go
/usr/local/go/src/math/big/doc.go
/usr/local/go/src/math/bits/bits_errors.go
/usr/local/go/src/math/bits/bits_errors_bootstrap.go
/usr/local/go/src/math/bits/bits_tables.go
/usr/local/go/src/math/bits/example_test.go
/usr/local/go/src/math/bits/export_test.go
/usr/local/go/src/math/cmplx/abs.go
/usr/local/go/src/math/cmplx/conj.go
/usr/local/go/src/math/cmplx/example_test.go
/usr/local/go/src/math/cmplx/isinf.go
/usr/local/go/src/math/cmplx/log.go
/usr/local/go/src/math/cmplx/phase.go
/usr/local/go/src/math/cmplx/polar.go
/usr/local/go/src/math/cmplx/rect.go
/usr/local/go/src/math/const_test.go
/usr/local/go/src/math/dim_asm.go
/usr/local/go/src/math/dim_noasm.go
/usr/local/go/src/math/exp2_asm.go
/usr/local/go/src/math/exp2_noasm.go
/usr/local/go/src/math/exp_amd64.go
/usr/local/go/src/math/exp_asm.go
/usr/local/go/src/math/exp_noasm.go
/usr/local/go/src/math/export_s390x_test.go
/usr/local/go/src/math/export_test.go
/usr/local/go/src/math/floor_asm.go
/usr/local/go/src/math/floor_noasm.go
/usr/local/go/src/math/hypot_asm.go
/usr/local/go/src/math/hypot_noasm.go
/usr/local/go/src/math/log_asm.go
/usr/local/go/src/math/log_stub.go
/usr/local/go/src/math/modf_asm.go
/usr/local/go/src/math/modf_noasm.go
/usr/local/go/src/math/sqrt_asm.go
/usr/local/go/src/math/sqrt_noasm.go
/usr/local/go/src/math/stubs.go
/usr/local/go/src/mime/grammar.go
/usr/local/go/src/mime/type_dragonfly.go
/usr/local/go/src/mime/type_freebsd.go
/usr/local/go/src/mime/type_openbsd.go
/usr/local/go/src/net/cgo_android.go
/usr/local/go/src/net/cgo_linux.go
/usr/local/go/src/net/cgo_netbsd.go
/usr/local/go/src/net/cgo_openbsd.go
/usr/local/go/src/net/cgo_solaris.go
/usr/local/go/src/net/cgo_stub.go
/usr/local/go/src/net/cgo_windows.go
/usr/local/go/src/net/conf_netcgo.go
/usr/local/go/src/net/error_plan9.go
/usr/local/go/src/net/fcntl_libc_test.go
/usr/local/go/src/net/fcntl_syscall_test.go
/usr/local/go/src/net/file_stub.go
/usr/local/go/src/net/file_windows.go
/usr/local/go/src/net/http/cgi/plan9_test.go
/usr/local/go/src/net/http/cgi/posix_test.go
/usr/local/go/src/net/http/doc.go
/usr/local/go/src/net/http/httputil/httputil.go
/usr/local/go/src/net/http/jar.go
/usr/local/go/src/net/http/method.go
/usr/local/go/src/net/ipsock_plan9_test.go
/usr/local/go/src/net/main_cloexec_test.go
/usr/local/go/src/net/main_plan9_test.go
/usr/local/go/src/net/netgo_unix_test.go
/usr/local/go/src/net/rawconn_stub_test.go
/usr/local/go/src/net/sendfile_stub.go
/usr/local/go/src/net/sock_plan9.go
/usr/local/go/src/net/sock_stub.go
/usr/local/go/src/net/sockopt_stub.go
/usr/local/go/src/net/sockoptip_stub.go
/usr/local/go/src/net/splice_stub.go
/usr/local/go/src/net/tcpsockopt_darwin.go
/usr/local/go/src/net/tcpsockopt_dragonfly.go
/usr/local/go/src/net/tcpsockopt_openbsd.go
/usr/local/go/src/net/tcpsockopt_posix.go
/usr/local/go/src/net/tcpsockopt_solaris.go
/usr/local/go/src/net/tcpsockopt_stub.go
/usr/local/go/src/net/tcpsockopt_unix.go
/usr/local/go/src/net/unixsock_readmsg_cmsg_cloexec.go
/usr/local/go/src/net/unixsock_readmsg_other.go
/usr/local/go/src/os/endian_big.go
/usr/local/go/src/os/endian_little.go
/usr/local/go/src/os/exec/internal/fdtest/exists_js.go
/usr/local/go/src/os/exec/internal/fdtest/exists_unix.go
/usr/local/go/src/os/exec/internal/fdtest/exists_windows.go
/usr/local/go/src/os/exec/lp_js.go
/usr/local/go/src/os/exec/lp_unix_test.go
/usr/local/go/src/os/executable.go
/usr/local/go/src/os/executable_dragonfly.go
/usr/local/go/src/os/executable_freebsd.go
/usr/local/go/src/os/executable_plan9.go
/usr/local/go/src/os/export_linux_test.go
/usr/local/go/src/os/export_test.go
/usr/local/go/src/os/export_unix_test.go
/usr/local/go/src/os/export_windows_test.go
/usr/local/go/src/os/path_plan9.go
/usr/local/go/src/os/readfrom_stub.go
/usr/local/go/src/os/signal/doc.go
/usr/local/go/src/os/stat.go
/usr/local/go/src/os/sticky_bsd.go
/usr/local/go/src/os/sticky_notbsd.go
/usr/local/go/src/os/sys.go
/usr/local/go/src/os/sys_js.go
/usr/local/go/src/os/sys_solaris.go
/usr/local/go/src/os/sys_unix.go
/usr/local/go/src/os/types_unix.go
/usr/local/go/src/os/user/cgo_unix_test.go
/usr/local/go/src/os/user/user.go
/usr/local/go/src/os/wait_unimp.go
/usr/local/go/src/path/filepath/example_test.go
/usr/local/go/src/path/filepath/example_unix_walk_test.go
/usr/local/go/src/path/filepath/export_test.go
/usr/local/go/src/path/filepath/export_windows_test.go
/usr/local/go/src/path/filepath/symlink_unix.go
/usr/local/go/src/plugin/plugin_test.go
/usr/local/go/src/reflect/internal/example1/example.go
/usr/local/go/src/reflect/internal/example2/example.go
/usr/local/go/src/reflect/stubs_ppc64x.go
/usr/local/go/src/regexp/exec2_test.go
/usr/local/go/src/regexp/syntax/doc.go
/usr/local/go/src/runtime/asan.go
/usr/local/go/src/runtime/asan/asan.go
/usr/local/go/src/runtime/auxv_none.go
/usr/local/go/src/runtime/cgo/callbacks.go
/usr/local/go/src/runtime/cgo/callbacks_aix.go
/usr/local/go/src/runtime/cgo/callbacks_traceback.go
/usr/local/go/src/runtime/cgo/cgo.go
/usr/local/go/src/runtime/cgo/dragonfly.go
/usr/local/go/src/runtime/cgo/freebsd.go
/usr/local/go/src/runtime/cgo/iscgo.go
/usr/local/go/src/runtime/cgo/linux.go
/usr/local/go/src/runtime/cgo/mmap.go
/usr/local/go/src/runtime/cgo/netbsd.go
/usr/local/go/src/runtime/cgo/openbsd.go
/usr/local/go/src/runtime/cgo/setenv.go
/usr/local/go/src/runtime/cgo/sigaction.go
/usr/local/go/src/runtime/cgo/signal_ios_arm64.go
/usr/local/go/src/runtime/cgo_ppc64x.go
/usr/local/go/src/runtime/cgocallback.go
/usr/local/go/src/runtime/compiler.go
/usr/local/go/src/runtime/cpuflags.go
/usr/local/go/src/runtime/cpuflags_amd64.go
/usr/local/go/src/runtime/cpuflags_arm64.go
/usr/local/go/src/runtime/cputicks.go
/usr/local/go/src/runtime/debuglog_off.go
/usr/local/go/src/runtime/debuglog_on.go
/usr/local/go/src/runtime/defs1_linux.go
/usr/local/go/src/runtime/defs2_linux.go
/usr/local/go/src/runtime/defs3_linux.go
/usr/local/go/src/runtime/defs_aix.go
/usr/local/go/src/runtime/defs_arm_linux.go
/usr/local/go/src/runtime/defs_darwin.go
/usr/local/go/src/runtime/defs_dragonfly.go
/usr/local/go/src/runtime/defs_freebsd.go
/usr/local/go/src/runtime/defs_illumos_amd64.go
/usr/local/go/src/runtime/defs_linux.go
/usr/local/go/src/runtime/defs_netbsd.go
/usr/local/go/src/runtime/defs_netbsd_386.go
/usr/local/go/src/runtime/defs_netbsd_amd64.go
/usr/local/go/src/runtime/defs_netbsd_arm.go
/usr/local/go/src/runtime/defs_openbsd.go
/usr/local/go/src/runtime/defs_plan9_386.go
/usr/local/go/src/runtime/defs_plan9_amd64.go
/usr/local/go/src/runtime/defs_plan9_arm.go
/usr/local/go/src/runtime/defs_solaris.go
/usr/local/go/src/runtime/defs_solaris_amd64.go
/usr/local/go/src/runtime/export_aix_test.go
/usr/local/go/src/runtime/export_arm_test.go
/usr/local/go/src/runtime/export_darwin_test.go
/usr/local/go/src/runtime/export_mmap_test.go
/usr/local/go/src/runtime/export_pipe_test.go
/usr/local/go/src/runtime/export_solaris_test.go
/usr/local/go/src/runtime/export_windows_test.go
/usr/local/go/src/runtime/internal/atomic/atomic_arm64.go
/usr/local/go/src/runtime/internal/atomic/atomic_mips64x.go
/usr/local/go/src/runtime/internal/atomic/atomic_ppc64x.go
/usr/local/go/src/runtime/internal/atomic/atomic_riscv64.go
/usr/local/go/src/runtime/internal/atomic/doc.go
/usr/local/go/src/runtime/internal/atomic/stubs.go
/usr/local/go/src/runtime/internal/atomic/types_64bit.go
/usr/local/go/src/runtime/internal/atomic/unaligned.go
/usr/local/go/src/runtime/internal/sys/intrinsics_stubs.go
/usr/local/go/src/runtime/internal/sys/sys.go
/usr/local/go/src/runtime/internal/sys/zversion.go
/usr/local/go/src/runtime/internal/syscall/syscall_linux.go
/usr/local/go/src/runtime/libfuzzer.go
/usr/local/go/src/runtime/lockrank_off.go
/usr/local/go/src/runtime/mem_aix.go
/usr/local/go/src/runtime/mem_darwin.go
/usr/local/go/src/runtime/mem_js.go
/usr/local/go/src/runtime/metrics/description.go
/usr/local/go/src/runtime/metrics/doc.go
/usr/local/go/src/runtime/metrics/histogram.go
/usr/local/go/src/runtime/mmap.go
/usr/local/go/src/runtime/msan.go
/usr/local/go/src/runtime/msan/msan.go
/usr/local/go/src/runtime/net_plan9.go
/usr/local/go/src/runtime/numcpu_freebsd_test.go
/usr/local/go/src/runtime/os2_freebsd.go
/usr/local/go/src/runtime/os2_openbsd.go
/usr/local/go/src/runtime/os2_plan9.go
/usr/local/go/src/runtime/os2_solaris.go
/usr/local/go/src/runtime/os_android.go
/usr/local/go/src/runtime/os_darwin_arm64.go
/usr/local/go/src/runtime/os_freebsd2.go
/usr/local/go/src/runtime/os_freebsd_arm64.go
/usr/local/go/src/runtime/os_freebsd_noauxv.go
/usr/local/go/src/runtime/os_linux_noauxv.go
/usr/local/go/src/runtime/os_linux_novdso.go
/usr/local/go/src/runtime/os_linux_riscv64.go
/usr/local/go/src/runtime/os_linux_x86.go
/usr/local/go/src/runtime/os_netbsd_386.go
/usr/local/go/src/runtime/os_netbsd_amd64.go
/usr/local/go/src/runtime/os_netbsd_arm.go
/usr/local/go/src/runtime/os_netbsd_arm64.go
/usr/local/go/src/runtime/os_nonopenbsd.go
/usr/local/go/src/runtime/os_only_solaris.go
/usr/local/go/src/runtime/os_openbsd_arm.go
/usr/local/go/src/runtime/os_openbsd_arm64.go
/usr/local/go/src/runtime/os_openbsd_mips64.go
/usr/local/go/src/runtime/os_openbsd_syscall.go
/usr/local/go/src/runtime/os_openbsd_syscall1.go
/usr/local/go/src/runtime/os_plan9_arm.go
/usr/local/go/src/runtime/os_windows_arm.go
/usr/local/go/src/runtime/os_windows_arm64.go
/usr/local/go/src/runtime/panic32.go
/usr/local/go/src/runtime/pprof/pprof_norusage.go
/usr/local/go/src/runtime/pprof/uname_other_test.go
/usr/local/go/src/runtime/preempt_nonwindows.go
/usr/local/go/src/runtime/proflabel.go
/usr/local/go/src/runtime/race/doc.go
/usr/local/go/src/runtime/race/race.go
/usr/local/go/src/runtime/race/testdata/cgo_test.go
/usr/local/go/src/runtime/rdebug.go
/usr/local/go/src/runtime/relax_stub.go
/usr/local/go/src/runtime/sigaction.go
/usr/local/go/src/runtime/stubs2.go
/usr/local/go/src/runtime/stubs3.go
/usr/local/go/src/runtime/stubs_386.go
/usr/local/go/src/runtime/stubs_amd64.go
/usr/local/go/src/runtime/stubs_arm.go
/usr/local/go/src/runtime/stubs_arm64.go
/usr/local/go/src/runtime/stubs_linux.go
/usr/local/go/src/runtime/stubs_mips64x.go
/usr/local/go/src/runtime/stubs_mipsx.go
/usr/local/go/src/runtime/stubs_nonlinux.go
/usr/local/go/src/runtime/stubs_ppc64.go
/usr/local/go/src/runtime/stubs_ppc64x.go
/usr/local/go/src/runtime/stubs_s390x.go
/usr/local/go/src/runtime/sys_arm.go
/usr/local/go/src/runtime/sys_arm64.go
/usr/local/go/src/runtime/sys_mips64x.go
/usr/local/go/src/runtime/sys_mipsx.go
/usr/local/go/src/runtime/sys_nonppc64x.go
/usr/local/go/src/runtime/sys_openbsd.go
/usr/local/go/src/runtime/sys_openbsd1.go
/usr/local/go/src/runtime/sys_openbsd3.go
/usr/local/go/src/runtime/sys_ppc64x.go
/usr/local/go/src/runtime/sys_riscv64.go
/usr/local/go/src/runtime/sys_s390x.go
/usr/local/go/src/runtime/syscall2_solaris.go
/usr/local/go/src/runtime/testdata/testfaketime/faketime.go
/usr/local/go/src/runtime/testdata/testprog/abort.go
/usr/local/go/src/runtime/testdata/testprog/misc.go
/usr/local/go/src/runtime/testdata/testprog/panicprint.go
/usr/local/go/src/runtime/testdata/testprog/signal.go
/usr/local/go/src/runtime/testdata/testprog/stringconcat.go
/usr/local/go/src/runtime/testdata/testprog/syscalls.go
/usr/local/go/src/runtime/testdata/testprog/syscalls_none.go
/usr/local/go/src/runtime/testdata/testprogcgo/catchpanic.go
/usr/local/go/src/runtime/testdata/testprogcgo/dll_windows.go
/usr/local/go/src/runtime/testdata/testprogcgo/dropm_stub.go
/usr/local/go/src/runtime/testdata/testprogcgo/raceprof.go
/usr/local/go/src/runtime/testdata/testprogcgo/sigpanic.go
/usr/local/go/src/runtime/testdata/testprogcgo/sigthrow.go
/usr/local/go/src/runtime/testdata/testprogcgo/threadpprof.go
/usr/local/go/src/runtime/testdata/testprogcgo/windows/win.go
/usr/local/go/src/runtime/testdata/testprognet/signal.go
/usr/local/go/src/runtime/testdata/testwinlib/main.go
/usr/local/go/src/runtime/testdata/testwinlibsignal/dummy.go
/usr/local/go/src/runtime/timeasm.go
/usr/local/go/src/runtime/timestub2.go
/usr/local/go/src/runtime/tls_stub.go
/usr/local/go/src/runtime/tls_windows_amd64.go
/usr/local/go/src/runtime/trace/example_test.go
/usr/local/go/src/runtime/vdso_in_none.go
/usr/local/go/src/runtime/vdso_linux_386.go
/usr/local/go/src/runtime/vdso_linux_amd64.go
/usr/local/go/src/runtime/vdso_linux_arm.go
/usr/local/go/src/runtime/vdso_linux_arm64.go
/usr/local/go/src/runtime/vdso_linux_mips64x.go
/usr/local/go/src/runtime/vdso_linux_ppc64x.go
/usr/local/go/src/runtime/vdso_linux_riscv64.go
/usr/local/go/src/runtime/write_err.go
/usr/local/go/src/runtime/zcallback_windows.go
/usr/local/go/src/sort/example_test.go
/usr/local/go/src/sort/export_test.go
/usr/local/go/src/sort/slice_go113.go
/usr/local/go/src/sort/slice_go18.go
/usr/local/go/src/strconv/bytealg.go
/usr/local/go/src/strconv/ctoa.go
/usr/local/go/src/strconv/doc.go
/usr/local/go/src/strconv/export_test.go
/usr/local/go/src/strconv/internal_test.go
/usr/local/go/src/strconv/isprint.go
/usr/local/go/src/strings/compare.go
/usr/local/go/src/sync/atomic/doc.go
/usr/local/go/src/sync/runtime.go
/usr/local/go/src/sync/runtime2.go
/usr/local/go/src/sync/runtime2_lockrank.go
/usr/local/go/src/syscall/asan.go
/usr/local/go/src/syscall/asan0.go
/usr/local/go/src/syscall/const_plan9.go
/usr/local/go/src/syscall/endian_big.go
/usr/local/go/src/syscall/endian_little.go
/usr/local/go/src/syscall/errors_plan9.go
/usr/local/go/src/syscall/exec_aix_test.go
/usr/local/go/src/syscall/exec_solaris_test.go
/usr/local/go/src/syscall/export_linux_test.go
/usr/local/go/src/syscall/export_windows_test.go
/usr/local/go/src/syscall/flock.go
/usr/local/go/src/syscall/flock_aix.go
/usr/local/go/src/syscall/flock_darwin.go
/usr/local/go/src/syscall/flock_linux_32bit.go
/usr/local/go/src/syscall/forkpipe2.go
/usr/local/go/src/syscall/js/export_test.go
/usr/local/go/src/syscall/mmap_unix_test.go
/usr/local/go/src/syscall/msan.go
/usr/local/go/src/syscall/msan0.go
/usr/local/go/src/syscall/ptrace_darwin.go
/usr/local/go/src/syscall/ptrace_ios.go
/usr/local/go/src/syscall/setuidgid_32_linux.go
/usr/local/go/src/syscall/setuidgid_linux.go
/usr/local/go/src/syscall/syscall_aix_ppc64.go
/usr/local/go/src/syscall/syscall_illumos.go
/usr/local/go/src/syscall/syscall_linux_ppc64x.go
/usr/local/go/src/syscall/syscall_netbsd_386.go
/usr/local/go/src/syscall/syscall_netbsd_amd64.go
/usr/local/go/src/syscall/syscall_netbsd_arm.go
/usr/local/go/src/syscall/syscall_netbsd_arm64.go
/usr/local/go/src/syscall/syscall_openbsd1.go
/usr/local/go/src/syscall/syscall_openbsd_386.go
/usr/local/go/src/syscall/syscall_openbsd_amd64.go
/usr/local/go/src/syscall/syscall_openbsd_arm.go
/usr/local/go/src/syscall/syscall_openbsd_arm64.go
/usr/local/go/src/syscall/syscall_openbsd_libc.go
/usr/local/go/src/syscall/syscall_openbsd_mips64.go
/usr/local/go/src/syscall/syscall_solaris_amd64.go
/usr/local/go/src/syscall/time_fake.go
/usr/local/go/src/syscall/time_nofake.go
/usr/local/go/src/syscall/types_illumos_amd64.go
/usr/local/go/src/syscall/zsysctl_openbsd.go
/usr/local/go/src/syscall/zsysnum_darwin_amd64.go
/usr/local/go/src/syscall/zsysnum_darwin_arm64.go
/usr/local/go/src/syscall/zsysnum_dragonfly_amd64.go
/usr/local/go/src/syscall/zsysnum_freebsd_386.go
/usr/local/go/src/syscall/zsysnum_freebsd_amd64.go
/usr/local/go/src/syscall/zsysnum_freebsd_arm.go
/usr/local/go/src/syscall/zsysnum_freebsd_arm64.go
/usr/local/go/src/syscall/zsysnum_linux_386.go
/usr/local/go/src/syscall/zsysnum_linux_amd64.go
/usr/local/go/src/syscall/zsysnum_linux_arm.go
/usr/local/go/src/syscall/zsysnum_linux_arm64.go
/usr/local/go/src/syscall/zsysnum_linux_mips.go
/usr/local/go/src/syscall/zsysnum_linux_mips64.go
/usr/local/go/src/syscall/zsysnum_linux_mips64le.go
/usr/local/go/src/syscall/zsysnum_linux_mipsle.go
/usr/local/go/src/syscall/zsysnum_linux_ppc64.go
/usr/local/go/src/syscall/zsysnum_linux_ppc64le.go
/usr/local/go/src/syscall/zsysnum_linux_riscv64.go
/usr/local/go/src/syscall/zsysnum_linux_s390x.go
/usr/local/go/src/syscall/zsysnum_netbsd_386.go
/usr/local/go/src/syscall/zsysnum_netbsd_amd64.go
/usr/local/go/src/syscall/zsysnum_netbsd_arm.go
/usr/local/go/src/syscall/zsysnum_netbsd_arm64.go
/usr/local/go/src/syscall/zsysnum_openbsd_386.go
/usr/local/go/src/syscall/zsysnum_openbsd_amd64.go
/usr/local/go/src/syscall/zsysnum_openbsd_arm.go
/usr/local/go/src/syscall/zsysnum_openbsd_arm64.go
/usr/local/go/src/syscall/zsysnum_openbsd_mips64.go
/usr/local/go/src/syscall/zsysnum_plan9.go
/usr/local/go/src/syscall/zsysnum_solaris_amd64.go
/usr/local/go/src/testing/export_test.go
/usr/local/go/src/testing/iotest/example_test.go
/usr/local/go/src/testing/testing_other.go
/usr/local/go/src/testing/testing_windows.go
/usr/local/go/src/text/template/doc.go
/usr/local/go/src/time/embed.go
/usr/local/go/src/time/tzdata/zipdata.go
/usr/local/go/src/time/zoneinfo_android_test.go
/usr/local/go/src/unicode/casetables.go
/usr/local/go/src/unicode/digit.go
/usr/local/go/src/unicode/utf16/export_test.go
/usr/local/go/src/unsafe/unsafe.go
/usr/local/go/src/vendor/golang.org/x/crypto/chacha20/chacha_noasm.go
/usr/local/go/src/vendor/golang.org/x/crypto/cryptobyte/asn1/asn1.go
/usr/local/go/src/vendor/golang.org/x/crypto/curve25519/internal/field/fe_amd64.go
/usr/local/go/src/vendor/golang.org/x/crypto/curve25519/internal/field/fe_arm64.go
/usr/local/go/src/vendor/golang.org/x/crypto/curve25519/internal/field/fe_arm64_noasm.go
/usr/local/go/src/vendor/golang.org/x/crypto/internal/poly1305/bits_go1.13.go
/usr/local/go/src/vendor/golang.org/x/crypto/internal/subtle/aliasing.go
/usr/local/go/src/vendor/golang.org/x/crypto/internal/subtle/aliasing_purego.go
/usr/local/go/src/vendor/golang.org/x/net/idna/go118.go
/usr/local/go/src/vendor/golang.org/x/net/idna/pre_go118.go
/usr/local/go/src/vendor/golang.org/x/net/nettest/nettest_stub.go
/usr/local/go/src/vendor/golang.org/x/net/route/interface.go
/usr/local/go/src/vendor/golang.org/x/net/route/syscall.go
/usr/local/go/src/vendor/golang.org/x/net/route/zsys_darwin.go
/usr/local/go/src/vendor/golang.org/x/net/route/zsys_dragonfly.go
/usr/local/go/src/vendor/golang.org/x/net/route/zsys_freebsd_386.go
/usr/local/go/src/vendor/golang.org/x/net/route/zsys_freebsd_amd64.go
/usr/local/go/src/vendor/golang.org/x/net/route/zsys_freebsd_arm.go
/usr/local/go/src/vendor/golang.org/x/net/route/zsys_freebsd_arm64.go
/usr/local/go/src/vendor/golang.org/x/net/route/zsys_netbsd.go
/usr/local/go/src/vendor/golang.org/x/net/route/zsys_openbsd.go
/usr/local/go/src/vendor/golang.org/x/sys/cpu/cpu_aix.go
/usr/local/go/src/vendor/golang.org/x/sys/cpu/cpu_arm.go
/usr/local/go/src/vendor/golang.org/x/sys/cpu/cpu_gc_arm64.go
/usr/local/go/src/vendor/golang.org/x/sys/cpu/cpu_gc_s390x.go
/usr/local/go/src/vendor/golang.org/x/sys/cpu/cpu_gc_x86.go
/usr/local/go/src/vendor/golang.org/x/sys/cpu/cpu_gccgo_arm64.go
/usr/local/go/src/vendor/golang.org/x/sys/cpu/cpu_gccgo_x86.go
/usr/local/go/src/vendor/golang.org/x/sys/cpu/cpu_linux.go
/usr/local/go/src/vendor/golang.org/x/sys/cpu/cpu_linux_arm.go
/usr/local/go/src/vendor/golang.org/x/sys/cpu/cpu_linux_arm64.go
/usr/local/go/src/vendor/golang.org/x/sys/cpu/cpu_linux_mips64x.go
/usr/local/go/src/vendor/golang.org/x/sys/cpu/cpu_linux_noinit.go
/usr/local/go/src/vendor/golang.org/x/sys/cpu/cpu_linux_ppc64x.go
/usr/local/go/src/vendor/golang.org/x/sys/cpu/cpu_linux_s390x.go
/usr/local/go/src/vendor/golang.org/x/sys/cpu/cpu_mips64x.go
/usr/local/go/src/vendor/golang.org/x/sys/cpu/cpu_mipsx.go
/usr/local/go/src/vendor/golang.org/x/sys/cpu/cpu_other_arm.go
/usr/local/go/src/vendor/golang.org/x/sys/cpu/cpu_other_arm64.go
/usr/local/go/src/vendor/golang.org/x/sys/cpu/cpu_other_mips64x.go
/usr/local/go/src/vendor/golang.org/x/sys/cpu/cpu_ppc64x.go
/usr/local/go/src/vendor/golang.org/x/sys/cpu/cpu_riscv64.go
/usr/local/go/src/vendor/golang.org/x/sys/cpu/cpu_wasm.go
/usr/local/go/src/vendor/golang.org/x/sys/cpu/cpu_zos.go
/usr/local/go/src/vendor/golang.org/x/sys/cpu/cpu_zos_s390x.go
/usr/local/go/src/vendor/golang.org/x/sys/cpu/syscall_aix_gccgo.go
/usr/local/go/src/vendor/golang.org/x/text/secure/bidirule/bidirule10.0.0.go
/usr/local/go/test/abi/defer_aggregate.go
/usr/local/go/test/abi/double_nested_struct.go
/usr/local/go/test/abi/f_ret_z_not.go
/usr/local/go/test/abi/fibish.go
/usr/local/go/test/abi/fuzz_trailing_zero_field.go
/usr/local/go/test/abi/leaf.go
/usr/local/go/test/abi/many_int_input.go
/usr/local/go/test/abi/result_live.go
/usr/local/go/test/abi/result_regalloc.go
/usr/local/go/test/abi/s_sif_sif.go
/usr/local/go/test/abi/struct_3_string_input.go
/usr/local/go/test/abi/too_big_to_ssa.go
/usr/local/go/test/alias.go
/usr/local/go/test/alias3.dir/c.go
/usr/local/go/test/alias3.go
/usr/local/go/test/args.go
/usr/local/go/test/asmhdr.go
/usr/local/go/test/bench/go1/parserdata_test.go
/usr/local/go/test/blank1.go
/usr/local/go/test/bom.go
/usr/local/go/test/closure3.go
/usr/local/go/test/closure5.go
/usr/local/go/test/cmplxdivide1.go
/usr/local/go/test/codegen/bool.go
/usr/local/go/test/codegen/issue22703.go
/usr/local/go/test/codegen/issue31618.go
/usr/local/go/test/codegen/issue33580.go
/usr/local/go/test/codegen/issue48054.go
/usr/local/go/test/codegen/regabi_regalloc.go
/usr/local/go/test/codegen/smallintiface.go
/usr/local/go/test/convlit1.go
/usr/local/go/test/crlf.go
/usr/local/go/test/ddd2.dir/ddd3.go
/usr/local/go/test/ddd2.go
/usr/local/go/test/devirt.go
/usr/local/go/test/divide.go
/usr/local/go/test/dwarf/dwarf.dir/main.go
/usr/local/go/test/dwarf/dwarf.dir/z1.go
/usr/local/go/test/dwarf/dwarf.dir/z10.go
/usr/local/go/test/dwarf/dwarf.dir/z11.go
/usr/local/go/test/dwarf/dwarf.dir/z12.go
/usr/local/go/test/dwarf/dwarf.dir/z13.go
/usr/local/go/test/dwarf/dwarf.dir/z14.go
/usr/local/go/test/dwarf/dwarf.dir/z15.go
/usr/local/go/test/dwarf/dwarf.dir/z16.go
/usr/local/go/test/dwarf/dwarf.dir/z17.go
/usr/local/go/test/dwarf/dwarf.dir/z18.go
/usr/local/go/test/dwarf/dwarf.dir/z19.go
/usr/local/go/test/dwarf/dwarf.dir/z2.go
/usr/local/go/test/dwarf/dwarf.dir/z20.go
/usr/local/go/test/dwarf/dwarf.dir/z3.go
/usr/local/go/test/dwarf/dwarf.dir/z4.go
/usr/local/go/test/dwarf/dwarf.dir/z5.go
/usr/local/go/test/dwarf/dwarf.dir/z6.go
/usr/local/go/test/dwarf/dwarf.dir/z7.go
/usr/local/go/test/dwarf/dwarf.dir/z8.go
/usr/local/go/test/dwarf/dwarf.dir/z9.go
/usr/local/go/test/dwarf/dwarf.go
/usr/local/go/test/embedfunc.go
/usr/local/go/test/embedvers.go
/usr/local/go/test/env.go
/usr/local/go/test/eof.go
/usr/local/go/test/eof1.go
/usr/local/go/test/escape_hash_maphash.go
/usr/local/go/test/escape_runtime_atomic.go
/usr/local/go/test/escape_sync_atomic.go
/usr/local/go/test/fixedbugs/bug009.go
/usr/local/go/test/fixedbugs/bug010.go
/usr/local/go/test/fixedbugs/bug016.go
/usr/local/go/test/fixedbugs/bug017.go
/usr/local/go/test/fixedbugs/bug021.go
/usr/local/go/test/fixedbugs/bug023.go
/usr/local/go/test/fixedbugs/bug030.go
/usr/local/go/test/fixedbugs/bug035.go
/usr/local/go/test/fixedbugs/bug037.go
/usr/local/go/test/fixedbugs/bug039.go
/usr/local/go/test/fixedbugs/bug040.go
/usr/local/go/test/fixedbugs/bug046.go
/usr/local/go/test/fixedbugs/bug049.go
/usr/local/go/test/fixedbugs/bug053.go
/usr/local/go/test/fixedbugs/bug062.go
/usr/local/go/test/fixedbugs/bug063.go
/usr/local/go/test/fixedbugs/bug072.go
/usr/local/go/test/fixedbugs/bug073.go
/usr/local/go/test/fixedbugs/bug074.go
/usr/local/go/test/fixedbugs/bug080.go
/usr/local/go/test/fixedbugs/bug082.go
/usr/local/go/test/fixedbugs/bug083.dir/bug0.go
/usr/local/go/test/fixedbugs/bug083.dir/bug1.go
/usr/local/go/test/fixedbugs/bug083.go
/usr/local/go/test/fixedbugs/bug085.go
/usr/local/go/test/fixedbugs/bug086.go
/usr/local/go/test/fixedbugs/bug093.go
/usr/local/go/test/fixedbugs/bug099.go
/usr/local/go/test/fixedbugs/bug103.go
/usr/local/go/test/fixedbugs/bug104.go
/usr/local/go/test/fixedbugs/bug106.dir/bug0.go
/usr/local/go/test/fixedbugs/bug106.dir/bug1.go
/usr/local/go/test/fixedbugs/bug107.go
/usr/local/go/test/fixedbugs/bug108.go
/usr/local/go/test/fixedbugs/bug109.go
/usr/local/go/test/fixedbugs/bug112.go
/usr/local/go/test/fixedbugs/bug115.go
/usr/local/go/test/fixedbugs/bug117.go
/usr/local/go/test/fixedbugs/bug123.go
/usr/local/go/test/fixedbugs/bug126.go
/usr/local/go/test/fixedbugs/bug127.go
/usr/local/go/test/fixedbugs/bug129.go
/usr/local/go/test/fixedbugs/bug132.go
/usr/local/go/test/fixedbugs/bug133.dir/bug0.go
/usr/local/go/test/fixedbugs/bug133.dir/bug1.go
/usr/local/go/test/fixedbugs/bug133.dir/bug2.go
/usr/local/go/test/fixedbugs/bug133.go
/usr/local/go/test/fixedbugs/bug13343.go
/usr/local/go/test/fixedbugs/bug142.go
/usr/local/go/test/fixedbugs/bug144.go
/usr/local/go/test/fixedbugs/bug145.go
/usr/local/go/test/fixedbugs/bug160.dir/x.go
/usr/local/go/test/fixedbugs/bug160.dir/y.go
/usr/local/go/test/fixedbugs/bug160.go
/usr/local/go/test/fixedbugs/bug161.go
/usr/local/go/test/fixedbugs/bug164.go
/usr/local/go/test/fixedbugs/bug171.go
/usr/local/go/test/fixedbugs/bug172.go
/usr/local/go/test/fixedbugs/bug174.go
/usr/local/go/test/fixedbugs/bug175.go
/usr/local/go/test/fixedbugs/bug182.go
/usr/local/go/test/fixedbugs/bug186.go
/usr/local/go/test/fixedbugs/bug188.go
/usr/local/go/test/fixedbugs/bug191.dir/a.go
/usr/local/go/test/fixedbugs/bug191.dir/b.go
/usr/local/go/test/fixedbugs/bug191.dir/main.go
/usr/local/go/test/fixedbugs/bug191.go
/usr/local/go/test/fixedbugs/bug192.go
/usr/local/go/test/fixedbugs/bug19403.go
/usr/local/go/test/fixedbugs/bug197.go
/usr/local/go/test/fixedbugs/bug198.go
/usr/local/go/test/fixedbugs/bug207.go
/usr/local/go/test/fixedbugs/bug208.go
/usr/local/go/test/fixedbugs/bug216.go
/usr/local/go/test/fixedbugs/bug217.go
/usr/local/go/test/fixedbugs/bug222.dir/chanbug2.go
/usr/local/go/test/fixedbugs/bug224.go
/usr/local/go/test/fixedbugs/bug229.go
/usr/local/go/test/fixedbugs/bug233.go
/usr/local/go/test/fixedbugs/bug239.go
/usr/local/go/test/fixedbugs/bug240.go
/usr/local/go/test/fixedbugs/bug241.go
/usr/local/go/test/fixedbugs/bug248.dir/bug0.go
/usr/local/go/test/fixedbugs/bug248.dir/bug1.go
/usr/local/go/test/fixedbugs/bug248.go
/usr/local/go/test/fixedbugs/bug257.go
/usr/local/go/test/fixedbugs/bug265.go
/usr/local/go/test/fixedbugs/bug266.go
/usr/local/go/test/fixedbugs/bug271.go
/usr/local/go/test/fixedbugs/bug279.go
/usr/local/go/test/fixedbugs/bug282.dir/p2.go
/usr/local/go/test/fixedbugs/bug292.go
/usr/local/go/test/fixedbugs/bug295.go
/usr/local/go/test/fixedbugs/bug301.go
/usr/local/go/test/fixedbugs/bug302.dir/main.go
/usr/local/go/test/fixedbugs/bug302.dir/p.go
/usr/local/go/test/fixedbugs/bug305.go
/usr/local/go/test/fixedbugs/bug306.dir/p2.go
/usr/local/go/test/fixedbugs/bug307.go
/usr/local/go/test/fixedbugs/bug313.dir/a.go
/usr/local/go/test/fixedbugs/bug313.dir/b.go
/usr/local/go/test/fixedbugs/bug313.go
/usr/local/go/test/fixedbugs/bug315.go
/usr/local/go/test/fixedbugs/bug316.go
/usr/local/go/test/fixedbugs/bug322.dir/lib.go
/usr/local/go/test/fixedbugs/bug322.dir/main.go
/usr/local/go/test/fixedbugs/bug322.go
/usr/local/go/test/fixedbugs/bug324.go
/usr/local/go/test/fixedbugs/bug326.go
/usr/local/go/test/fixedbugs/bug328.go
/usr/local/go/test/fixedbugs/bug329.go
/usr/local/go/test/fixedbugs/bug330.go
/usr/local/go/test/fixedbugs/bug332.go
/usr/local/go/test/fixedbugs/bug335.dir/a.go
/usr/local/go/test/fixedbugs/bug335.dir/b.go
/usr/local/go/test/fixedbugs/bug335.go
/usr/local/go/test/fixedbugs/bug337.go
/usr/local/go/test/fixedbugs/bug341.go
/usr/local/go/test/fixedbugs/bug342.go
/usr/local/go/test/fixedbugs/bug345.dir/main.go
/usr/local/go/test/fixedbugs/bug345.go
/usr/local/go/test/fixedbugs/bug362.go
/usr/local/go/test/fixedbugs/bug367.dir/p.go
/usr/local/go/test/fixedbugs/bug367.go
/usr/local/go/test/fixedbugs/bug370.go
/usr/local/go/test/fixedbugs/bug374.go
/usr/local/go/test/fixedbugs/bug376.go
/usr/local/go/test/fixedbugs/bug377.dir/one.go
/usr/local/go/test/fixedbugs/bug377.dir/two.go
/usr/local/go/test/fixedbugs/bug377.go
/usr/local/go/test/fixedbugs/bug381.go
/usr/local/go/test/fixedbugs/bug382.dir/pkg.go
/usr/local/go/test/fixedbugs/bug382.go
/usr/local/go/test/fixedbugs/bug384.go
/usr/local/go/test/fixedbugs/bug386.go
/usr/local/go/test/fixedbugs/bug390.go
/usr/local/go/test/fixedbugs/bug392.dir/pkg3.go
/usr/local/go/test/fixedbugs/bug392.go
/usr/local/go/test/fixedbugs/bug396.dir/two.go
/usr/local/go/test/fixedbugs/bug396.go
/usr/local/go/test/fixedbugs/bug399.go
/usr/local/go/test/fixedbugs/bug401.go
/usr/local/go/test/fixedbugs/bug404.dir/two.go
/usr/local/go/test/fixedbugs/bug404.go
/usr/local/go/test/fixedbugs/bug407.dir/two.go
/usr/local/go/test/fixedbugs/bug407.go
/usr/local/go/test/fixedbugs/bug411.go
/usr/local/go/test/fixedbugs/bug412.go
/usr/local/go/test/fixedbugs/bug413.go
/usr/local/go/test/fixedbugs/bug414.dir/p1.go
/usr/local/go/test/fixedbugs/bug414.go
/usr/local/go/test/fixedbugs/bug415.dir/prog.go
/usr/local/go/test/fixedbugs/bug415.go
/usr/local/go/test/fixedbugs/bug416.go
/usr/local/go/test/fixedbugs/bug418.go
/usr/local/go/test/fixedbugs/bug421.go
/usr/local/go/test/fixedbugs/bug422.go
/usr/local/go/test/fixedbugs/bug423.go
/usr/local/go/test/fixedbugs/bug424.dir/lib.go
/usr/local/go/test/fixedbugs/bug424.go
/usr/local/go/test/fixedbugs/bug425.go
/usr/local/go/test/fixedbugs/bug431.go
/usr/local/go/test/fixedbugs/bug434.go
/usr/local/go/test/fixedbugs/bug436.go
/usr/local/go/test/fixedbugs/bug437.dir/one.go
/usr/local/go/test/fixedbugs/bug437.go
/usr/local/go/test/fixedbugs/bug446.go
/usr/local/go/test/fixedbugs/bug448.dir/pkg2.go
/usr/local/go/test/fixedbugs/bug448.go
/usr/local/go/test/fixedbugs/bug451.go
/usr/local/go/test/fixedbugs/bug452.go
/usr/local/go/test/fixedbugs/bug460.dir/b.go
/usr/local/go/test/fixedbugs/bug460.go
/usr/local/go/test/fixedbugs/bug462.go
/usr/local/go/test/fixedbugs/bug463.go
/usr/local/go/test/fixedbugs/bug464.go
/usr/local/go/test/fixedbugs/bug465.go
/usr/local/go/test/fixedbugs/bug466.go
/usr/local/go/test/fixedbugs/bug467.dir/p1.go
/usr/local/go/test/fixedbugs/bug467.dir/p2.go
/usr/local/go/test/fixedbugs/bug467.dir/p3.go
/usr/local/go/test/fixedbugs/bug467.go
/usr/local/go/test/fixedbugs/bug468.dir/p1.go
/usr/local/go/test/fixedbugs/bug468.go
/usr/local/go/test/fixedbugs/bug470.go
/usr/local/go/test/fixedbugs/bug472.dir/z.go
/usr/local/go/test/fixedbugs/bug472.go
/usr/local/go/test/fixedbugs/bug475.go
/usr/local/go/test/fixedbugs/bug476.go
/usr/local/go/test/fixedbugs/bug478.dir/a.go
/usr/local/go/test/fixedbugs/bug478.go
/usr/local/go/test/fixedbugs/bug479.go
/usr/local/go/test/fixedbugs/bug480.go
/usr/local/go/test/fixedbugs/bug482.go
/usr/local/go/test/fixedbugs/bug486.go
/usr/local/go/test/fixedbugs/bug488.dir/a.go
/usr/local/go/test/fixedbugs/bug488.dir/b.go
/usr/local/go/test/fixedbugs/bug488.go
/usr/local/go/test/fixedbugs/bug492.dir/a.go
/usr/local/go/test/fixedbugs/bug492.dir/b.go
/usr/local/go/test/fixedbugs/bug492.go
/usr/local/go/test/fixedbugs/bug493.go
/usr/local/go/test/fixedbugs/bug501.go
/usr/local/go/test/fixedbugs/bug504.dir/b.go
/usr/local/go/test/fixedbugs/bug504.dir/c.go
/usr/local/go/test/fixedbugs/bug504.dir/main.go
/usr/local/go/test/fixedbugs/bug504.go
/usr/local/go/test/fixedbugs/bug506.dir/a.go
/usr/local/go/test/fixedbugs/bug506.go
/usr/local/go/test/fixedbugs/bug507.dir/a.go
/usr/local/go/test/fixedbugs/bug507.dir/b.go
/usr/local/go/test/fixedbugs/bug507.go
/usr/local/go/test/fixedbugs/bug510.go
/usr/local/go/test/fixedbugs/bug511.go
/usr/local/go/test/fixedbugs/gcc67968.go
/usr/local/go/test/fixedbugs/gcc78763.go
/usr/local/go/test/fixedbugs/issue10066.dir/a.go
/usr/local/go/test/fixedbugs/issue10066.dir/b.go
/usr/local/go/test/fixedbugs/issue10066.go
/usr/local/go/test/fixedbugs/issue10219.dir/c.go
/usr/local/go/test/fixedbugs/issue10219.go
/usr/local/go/test/fixedbugs/issue10284.go
/usr/local/go/test/fixedbugs/issue10320.go
/usr/local/go/test/fixedbugs/issue10407.go
/usr/local/go/test/fixedbugs/issue10607.go
/usr/local/go/test/fixedbugs/issue10700.dir/other.go
/usr/local/go/test/fixedbugs/issue10700.go
/usr/local/go/test/fixedbugs/issue11053.dir/p.go
/usr/local/go/test/fixedbugs/issue11053.go
/usr/local/go/test/fixedbugs/issue11326.go
/usr/local/go/test/fixedbugs/issue11361.go
/usr/local/go/test/fixedbugs/issue11362.go
/usr/local/go/test/fixedbugs/issue11369.go
/usr/local/go/test/fixedbugs/issue11370.go
/usr/local/go/test/fixedbugs/issue11590.go
/usr/local/go/test/fixedbugs/issue11610a.go
/usr/local/go/test/fixedbugs/issue11656.dir/asm.go
/usr/local/go/test/fixedbugs/issue11656.dir/asm_generic.go
/usr/local/go/test/fixedbugs/issue11656.go
/usr/local/go/test/fixedbugs/issue11699.go
/usr/local/go/test/fixedbugs/issue11987.go
/usr/local/go/test/fixedbugs/issue12577.go
/usr/local/go/test/fixedbugs/issue12621.go
/usr/local/go/test/fixedbugs/issue12677.go
/usr/local/go/test/fixedbugs/issue12686.go
/usr/local/go/test/fixedbugs/issue1304.go
/usr/local/go/test/fixedbugs/issue13263.go
/usr/local/go/test/fixedbugs/issue13587.go
/usr/local/go/test/fixedbugs/issue13777.dir/main.go
/usr/local/go/test/fixedbugs/issue13777.go
/usr/local/go/test/fixedbugs/issue13821.go
/usr/local/go/test/fixedbugs/issue13821b.go
/usr/local/go/test/fixedbugs/issue14010.go
/usr/local/go/test/fixedbugs/issue14136.go
/usr/local/go/test/fixedbugs/issue14164.dir/main.go
/usr/local/go/test/fixedbugs/issue14331.dir/b.go
/usr/local/go/test/fixedbugs/issue14331.go
/usr/local/go/test/fixedbugs/issue14520a.go
/usr/local/go/test/fixedbugs/issue14652.go
/usr/local/go/test/fixedbugs/issue15071.dir/main.go
/usr/local/go/test/fixedbugs/issue15071.go
/usr/local/go/test/fixedbugs/issue15470.dir/b.go
/usr/local/go/test/fixedbugs/issue15470.go
/usr/local/go/test/fixedbugs/issue15514.dir/a.go
/usr/local/go/test/fixedbugs/issue15514.dir/c.go
/usr/local/go/test/fixedbugs/issue15514.go
/usr/local/go/test/fixedbugs/issue15548.dir/b.go
/usr/local/go/test/fixedbugs/issue15548.dir/c.go
/usr/local/go/test/fixedbugs/issue15548.go
/usr/local/go/test/fixedbugs/issue15572.dir/b.go
/usr/local/go/test/fixedbugs/issue15572.go
/usr/local/go/test/fixedbugs/issue15609.dir/call.go
/usr/local/go/test/fixedbugs/issue15609.dir/call_decl.go
/usr/local/go/test/fixedbugs/issue15609.go
/usr/local/go/test/fixedbugs/issue15646.go
/usr/local/go/test/fixedbugs/issue15722.go
/usr/local/go/test/fixedbugs/issue15838.go
/usr/local/go/test/fixedbugs/issue15920.dir/a.go
/usr/local/go/test/fixedbugs/issue15920.dir/b.go
/usr/local/go/test/fixedbugs/issue15920.go
/usr/local/go/test/fixedbugs/issue15988.go
/usr/local/go/test/fixedbugs/issue16133.dir/a1.go
/usr/local/go/test/fixedbugs/issue16133.dir/a2.go
/usr/local/go/test/fixedbugs/issue16133.dir/b.go
/usr/local/go/test/fixedbugs/issue16133.go
/usr/local/go/test/fixedbugs/issue16317.dir/a.go
/usr/local/go/test/fixedbugs/issue16317.dir/b.go
/usr/local/go/test/fixedbugs/issue16317.go
/usr/local/go/test/fixedbugs/issue16439.go
/usr/local/go/test/fixedbugs/issue16616.dir/a.go
/usr/local/go/test/fixedbugs/issue16616.dir/issue16616.go
/usr/local/go/test/fixedbugs/issue16616.go
/usr/local/go/test/fixedbugs/issue16733.go
/usr/local/go/test/fixedbugs/issue16741.go
/usr/local/go/test/fixedbugs/issue16804.go
/usr/local/go/test/fixedbugs/issue17038.go
/usr/local/go/test/fixedbugs/issue17111.go
/usr/local/go/test/fixedbugs/issue17551.go
/usr/local/go/test/fixedbugs/issue17645.go
/usr/local/go/test/fixedbugs/issue17710.go
/usr/local/go/test/fixedbugs/issue17758.go
/usr/local/go/test/fixedbugs/issue18089.go
/usr/local/go/test/fixedbugs/issue18331.go
/usr/local/go/test/fixedbugs/issue18419.dir/other.go
/usr/local/go/test/fixedbugs/issue18419.dir/test.go
/usr/local/go/test/fixedbugs/issue18419.go
/usr/local/go/test/fixedbugs/issue18459.go
/usr/local/go/test/fixedbugs/issue18808.go
/usr/local/go/test/fixedbugs/issue18882.go
/usr/local/go/test/fixedbugs/issue18895.dir/p.go
/usr/local/go/test/fixedbugs/issue18895.dir/q.go
/usr/local/go/test/fixedbugs/issue18895.go
/usr/local/go/test/fixedbugs/issue18911.go
/usr/local/go/test/fixedbugs/issue19012.go
/usr/local/go/test/fixedbugs/issue19028.dir/a.go
/usr/local/go/test/fixedbugs/issue19028.go
/usr/local/go/test/fixedbugs/issue19261.dir/p.go
/usr/local/go/test/fixedbugs/issue19261.dir/q.go
/usr/local/go/test/fixedbugs/issue19261.go
/usr/local/go/test/fixedbugs/issue19467.go
/usr/local/go/test/fixedbugs/issue19482.go
/usr/local/go/test/fixedbugs/issue19507.dir/main.go
/usr/local/go/test/fixedbugs/issue19507.go
/usr/local/go/test/fixedbugs/issue19548.dir/a.go
/usr/local/go/test/fixedbugs/issue19548.go
/usr/local/go/test/fixedbugs/issue19632.go
/usr/local/go/test/fixedbugs/issue19699.dir/b.go
/usr/local/go/test/fixedbugs/issue19699.go
/usr/local/go/test/fixedbugs/issue19705.go
/usr/local/go/test/fixedbugs/issue19764.go
/usr/local/go/test/fixedbugs/issue19947.go
/usr/local/go/test/fixedbugs/issue20014.go
/usr/local/go/test/fixedbugs/issue20097.go
/usr/local/go/test/fixedbugs/issue20232.go
/usr/local/go/test/fixedbugs/issue20298.go
/usr/local/go/test/fixedbugs/issue20415.go
/usr/local/go/test/fixedbugs/issue20682.dir/p.go
/usr/local/go/test/fixedbugs/issue20682.go
/usr/local/go/test/fixedbugs/issue20812.go
/usr/local/go/test/fixedbugs/issue21120.dir/a.go
/usr/local/go/test/fixedbugs/issue21120.dir/main.go
/usr/local/go/test/fixedbugs/issue21120.go
/usr/local/go/test/fixedbugs/issue21256.go
/usr/local/go/test/fixedbugs/issue21770.go
/usr/local/go/test/fixedbugs/issue21808.go
/usr/local/go/test/fixedbugs/issue21979.go
/usr/local/go/test/fixedbugs/issue22794.go
/usr/local/go/test/fixedbugs/issue22877.go
/usr/local/go/test/fixedbugs/issue22941.dir/a.go
/usr/local/go/test/fixedbugs/issue22941.dir/main.go
/usr/local/go/test/fixedbugs/issue22941.go
/usr/local/go/test/fixedbugs/issue22962.dir/a.go
/usr/local/go/test/fixedbugs/issue22962.go
/usr/local/go/test/fixedbugs/issue23179.go
/usr/local/go/test/fixedbugs/issue23305.go
/usr/local/go/test/fixedbugs/issue23311.dir/main.go
/usr/local/go/test/fixedbugs/issue23311.go
/usr/local/go/test/fixedbugs/issue23414.go
/usr/local/go/test/fixedbugs/issue23536.go
/usr/local/go/test/fixedbugs/issue23780.go
/usr/local/go/test/fixedbugs/issue23781.go
/usr/local/go/test/fixedbugs/issue23812.go
/usr/local/go/test/fixedbugs/issue24693.go
/usr/local/go/test/fixedbugs/issue24761.go
/usr/local/go/test/fixedbugs/issue24801.dir/a.go
/usr/local/go/test/fixedbugs/issue24801.dir/main.go
/usr/local/go/test/fixedbugs/issue24817.go
/usr/local/go/test/fixedbugs/issue25055.go
/usr/local/go/test/fixedbugs/issue25101.go
/usr/local/go/test/fixedbugs/issue25322.go
/usr/local/go/test/fixedbugs/issue25984.dir/p.go
/usr/local/go/test/fixedbugs/issue25984.dir/q.go
/usr/local/go/test/fixedbugs/issue25984.go
/usr/local/go/test/fixedbugs/issue25993.go
/usr/local/go/test/fixedbugs/issue26097.go
/usr/local/go/test/fixedbugs/issue26341.go
/usr/local/go/test/fixedbugs/issue27143.go
/usr/local/go/test/fixedbugs/issue27289.go
/usr/local/go/test/fixedbugs/issue27356.go
/usr/local/go/test/fixedbugs/issue27557.go
/usr/local/go/test/fixedbugs/issue27595.go
/usr/local/go/test/fixedbugs/issue27836.dir/Äfoo.go
/usr/local/go/test/fixedbugs/issue27836.dir/Ämain.go
/usr/local/go/test/fixedbugs/issue27836.go
/usr/local/go/test/fixedbugs/issue28079c.go
/usr/local/go/test/fixedbugs/issue28430.go
/usr/local/go/test/fixedbugs/issue28688.go
/usr/local/go/test/fixedbugs/issue29264.go
/usr/local/go/test/fixedbugs/issue29304.go
/usr/local/go/test/fixedbugs/issue29350.go
/usr/local/go/test/fixedbugs/issue29389.go
/usr/local/go/test/fixedbugs/issue29610.dir/a.go
/usr/local/go/test/fixedbugs/issue29610.dir/main.go
/usr/local/go/test/fixedbugs/issue29610.go
/usr/local/go/test/fixedbugs/issue29612.go
/usr/local/go/test/fixedbugs/issue29855.go
/usr/local/go/test/fixedbugs/issue29870.go
/usr/local/go/test/fixedbugs/issue29870b.go
/usr/local/go/test/fixedbugs/issue29919.dir/main.go
/usr/local/go/test/fixedbugs/issue29919.go
/usr/local/go/test/fixedbugs/issue30061.go
/usr/local/go/test/fixedbugs/issue30659.dir/b.go
/usr/local/go/test/fixedbugs/issue30659.go
/usr/local/go/test/fixedbugs/issue30862.dir/a/a.go
/usr/local/go/test/fixedbugs/issue30862.go
/usr/local/go/test/fixedbugs/issue30907.dir/a.go
/usr/local/go/test/fixedbugs/issue30907.dir/b.go
/usr/local/go/test/fixedbugs/issue30907.go
/usr/local/go/test/fixedbugs/issue30908.go
/usr/local/go/test/fixedbugs/issue31053.go
/usr/local/go/test/fixedbugs/issue31060.go
/usr/local/go/test/fixedbugs/issue31252.dir/a.go
/usr/local/go/test/fixedbugs/issue31252.dir/b.go
/usr/local/go/test/fixedbugs/issue31252.dir/main.go
/usr/local/go/test/fixedbugs/issue31252.go
/usr/local/go/test/fixedbugs/issue31636.dir/a.go
/usr/local/go/test/fixedbugs/issue31636.dir/b.go
/usr/local/go/test/fixedbugs/issue31636.dir/c.go
/usr/local/go/test/fixedbugs/issue31636.dir/main.go
/usr/local/go/test/fixedbugs/issue31636.go
/usr/local/go/test/fixedbugs/issue31637.go
/usr/local/go/test/fixedbugs/issue31747.go
/usr/local/go/test/fixedbugs/issue31959.go
/usr/local/go/test/fixedbugs/issue31987.go
/usr/local/go/test/fixedbugs/issue32347.go
/usr/local/go/test/fixedbugs/issue32560.go
/usr/local/go/test/fixedbugs/issue32595.dir/a.go
/usr/local/go/test/fixedbugs/issue32595.dir/main.go
/usr/local/go/test/fixedbugs/issue32595.go
/usr/local/go/test/fixedbugs/issue32723.go
/usr/local/go/test/fixedbugs/issue32778.dir/b.go
/usr/local/go/test/fixedbugs/issue32778.go
/usr/local/go/test/fixedbugs/issue32901.dir/b.go
/usr/local/go/test/fixedbugs/issue32901.dir/main.go
/usr/local/go/test/fixedbugs/issue32901.go
/usr/local/go/test/fixedbugs/issue32922.dir/b.go
/usr/local/go/test/fixedbugs/issue32922.go
/usr/local/go/test/fixedbugs/issue33013.dir/a.go
/usr/local/go/test/fixedbugs/issue33013.dir/c.go
/usr/local/go/test/fixedbugs/issue33013.dir/d.go
/usr/local/go/test/fixedbugs/issue33013.go
/usr/local/go/test/fixedbugs/issue33020.dir/a.go
/usr/local/go/test/fixedbugs/issue33020.dir/b.go
/usr/local/go/test/fixedbugs/issue33020.go
/usr/local/go/test/fixedbugs/issue33020a.go
/usr/local/go/test/fixedbugs/issue33158.dir/a.go
/usr/local/go/test/fixedbugs/issue33158.dir/b.go
/usr/local/go/test/fixedbugs/issue33158.go
/usr/local/go/test/fixedbugs/issue33219.dir/c.go
/usr/local/go/test/fixedbugs/issue33219.go
/usr/local/go/test/fixedbugs/issue33275_run.go
/usr/local/go/test/fixedbugs/issue33739.dir/b.go
/usr/local/go/test/fixedbugs/issue33739.go
/usr/local/go/test/fixedbugs/issue33866.dir/a.go
/usr/local/go/test/fixedbugs/issue33866.go
/usr/local/go/test/fixedbugs/issue34503.dir/b.go
/usr/local/go/test/fixedbugs/issue34503.go
/usr/local/go/test/fixedbugs/issue34577.dir/a.go
/usr/local/go/test/fixedbugs/issue34577.go
/usr/local/go/test/fixedbugs/issue34968.go
/usr/local/go/test/fixedbugs/issue35291.go
/usr/local/go/test/fixedbugs/issue35518.go
/usr/local/go/test/fixedbugs/issue3552.dir/two.go
/usr/local/go/test/fixedbugs/issue3552.go
/usr/local/go/test/fixedbugs/issue35576.go
/usr/local/go/test/fixedbugs/issue35586.dir/a.go
/usr/local/go/test/fixedbugs/issue35586.dir/b.go
/usr/local/go/test/fixedbugs/issue35586.go
/usr/local/go/test/fixedbugs/issue35739.dir/b.go
/usr/local/go/test/fixedbugs/issue35739.go
/usr/local/go/test/fixedbugs/issue36085.dir/b.go
/usr/local/go/test/fixedbugs/issue36085.go
/usr/local/go/test/fixedbugs/issue36437.go
/usr/local/go/test/fixedbugs/issue36705.go
/usr/local/go/test/fixedbugs/issue3705.go
/usr/local/go/test/fixedbugs/issue37513.go
/usr/local/go/test/fixedbugs/issue37753.go
/usr/local/go/test/fixedbugs/issue37837.go
/usr/local/go/test/fixedbugs/issue38117.go
/usr/local/go/test/fixedbugs/issue38356.go
/usr/local/go/test/fixedbugs/issue38359.go
/usr/local/go/test/fixedbugs/issue40252.dir/a.go
/usr/local/go/test/fixedbugs/issue40252.dir/main.go
/usr/local/go/test/fixedbugs/issue40252.go
/usr/local/go/test/fixedbugs/issue41500.go
/usr/local/go/test/fixedbugs/issue42032.go
/usr/local/go/test/fixedbugs/issue42075.go
/usr/local/go/test/fixedbugs/issue42076.go
/usr/local/go/test/fixedbugs/issue42284.dir/a.go
/usr/local/go/test/fixedbugs/issue42284.dir/b.go
/usr/local/go/test/fixedbugs/issue42284.go
/usr/local/go/test/fixedbugs/issue42401.dir/a.go
/usr/local/go/test/fixedbugs/issue42401.dir/b.go
/usr/local/go/test/fixedbugs/issue42401.go
/usr/local/go/test/fixedbugs/issue4252.go
/usr/local/go/test/fixedbugs/issue4264.go
/usr/local/go/test/fixedbugs/issue42753.go
/usr/local/go/test/fixedbugs/issue42790.go
/usr/local/go/test/fixedbugs/issue4283.go
/usr/local/go/test/fixedbugs/issue43164.dir/a.go
/usr/local/go/test/fixedbugs/issue43164.dir/b.go
/usr/local/go/test/fixedbugs/issue43164.go
/usr/local/go/test/fixedbugs/issue43167.go
/usr/local/go/test/fixedbugs/issue4326.dir/p2.go
/usr/local/go/test/fixedbugs/issue4326.dir/q2.go
/usr/local/go/test/fixedbugs/issue4326.dir/z.go
/usr/local/go/test/fixedbugs/issue4326.go
/usr/local/go/test/fixedbugs/issue43479.go
/usr/local/go/test/fixedbugs/issue43551.dir/a.go
/usr/local/go/test/fixedbugs/issue43551.dir/b.go
/usr/local/go/test/fixedbugs/issue43551.go
/usr/local/go/test/fixedbugs/issue4359.go
/usr/local/go/test/fixedbugs/issue43633.go
/usr/local/go/test/fixedbugs/issue4370.dir/p3.go
/usr/local/go/test/fixedbugs/issue4370.go
/usr/local/go/test/fixedbugs/issue43762.go
/usr/local/go/test/fixedbugs/issue43908.go
/usr/local/go/test/fixedbugs/issue43962.dir/a.go
/usr/local/go/test/fixedbugs/issue43962.dir/b.go
/usr/local/go/test/fixedbugs/issue43962.go
/usr/local/go/test/fixedbugs/issue44325.dir/b.go
/usr/local/go/test/fixedbugs/issue44325.go
/usr/local/go/test/fixedbugs/issue44330.dir/b.go
/usr/local/go/test/fixedbugs/issue44330.go
/usr/local/go/test/fixedbugs/issue44335.dir/b.go
/usr/local/go/test/fixedbugs/issue44335.go
/usr/local/go/test/fixedbugs/issue44344.go
/usr/local/go/test/fixedbugs/issue44355.dir/a.go
/usr/local/go/test/fixedbugs/issue44355.dir/b.go
/usr/local/go/test/fixedbugs/issue44355.go
/usr/local/go/test/fixedbugs/issue44370.dir/a.go
/usr/local/go/test/fixedbugs/issue44370.dir/b.go
/usr/local/go/test/fixedbugs/issue44370.go
/usr/local/go/test/fixedbugs/issue44732.dir/bar/bar.go
/usr/local/go/test/fixedbugs/issue44732.go
/usr/local/go/test/fixedbugs/issue44830.go
/usr/local/go/test/fixedbugs/issue4495.go
/usr/local/go/test/fixedbugs/issue4510.dir/f1.go
/usr/local/go/test/fixedbugs/issue4510.dir/f2.go
/usr/local/go/test/fixedbugs/issue4510.go
/usr/local/go/test/fixedbugs/issue4517a.go
/usr/local/go/test/fixedbugs/issue4517b.go
/usr/local/go/test/fixedbugs/issue4517c.go
/usr/local/go/test/fixedbugs/issue4517d.go
/usr/local/go/test/fixedbugs/issue4545.go
/usr/local/go/test/fixedbugs/issue45503.go
/usr/local/go/test/fixedbugs/issue4590.dir/prog.go
/usr/local/go/test/fixedbugs/issue4590.go
/usr/local/go/test/fixedbugs/issue46525.go
/usr/local/go/test/fixedbugs/issue46653.go
/usr/local/go/test/fixedbugs/issue4667.go
/usr/local/go/test/fixedbugs/issue46749.go
/usr/local/go/test/fixedbugs/issue47068.dir/main.go
/usr/local/go/test/fixedbugs/issue47068.go
/usr/local/go/test/fixedbugs/issue47087.dir/main.go
/usr/local/go/test/fixedbugs/issue47087.go
/usr/local/go/test/fixedbugs/issue47131.dir/b.go
/usr/local/go/test/fixedbugs/issue47131.go
/usr/local/go/test/fixedbugs/issue47185.go
/usr/local/go/test/fixedbugs/issue47201.dir/a.go
/usr/local/go/test/fixedbugs/issue47201.dir/b.go
/usr/local/go/test/fixedbugs/issue47201.go
/usr/local/go/test/fixedbugs/issue47317.go
/usr/local/go/test/fixedbugs/issue48088.dir/b.go
/usr/local/go/test/fixedbugs/issue48088.go
/usr/local/go/test/fixedbugs/issue48097.go
/usr/local/go/test/fixedbugs/issue48230.go
/usr/local/go/test/fixedbugs/issue48459.go
/usr/local/go/test/fixedbugs/issue48473.go
/usr/local/go/test/fixedbugs/issue48476.go
/usr/local/go/test/fixedbugs/issue4879.dir/b.go
/usr/local/go/test/fixedbugs/issue4879.go
/usr/local/go/test/fixedbugs/issue48834.go
/usr/local/go/test/fixedbugs/issue49016.dir/e.go
/usr/local/go/test/fixedbugs/issue49016.dir/f.go
/usr/local/go/test/fixedbugs/issue49016.dir/g.go
/usr/local/go/test/fixedbugs/issue49016.go
/usr/local/go/test/fixedbugs/issue49094.dir/a.go
/usr/local/go/test/fixedbugs/issue49094.dir/b.go
/usr/local/go/test/fixedbugs/issue49094.dir/p.go
/usr/local/go/test/fixedbugs/issue49094.go
/usr/local/go/test/fixedbugs/issue49143.go
/usr/local/go/test/fixedbugs/issue4932.dir/foo.go
/usr/local/go/test/fixedbugs/issue4932.dir/state2.go
/usr/local/go/test/fixedbugs/issue4932.go
/usr/local/go/test/fixedbugs/issue49592.go
/usr/local/go/test/fixedbugs/issue49611.go
/usr/local/go/test/fixedbugs/issue49619.go
/usr/local/go/test/fixedbugs/issue4964.dir/a.go
/usr/local/go/test/fixedbugs/issue4964.go
/usr/local/go/test/fixedbugs/issue49665.go
/usr/local/go/test/fixedbugs/issue5002.go
/usr/local/go/test/fixedbugs/issue5056.go
/usr/local/go/test/fixedbugs/issue50671.go
/usr/local/go/test/fixedbugs/issue5089.go
/usr/local/go/test/fixedbugs/issue5105.go
/usr/local/go/test/fixedbugs/issue5125.dir/main.go
/usr/local/go/test/fixedbugs/issue5125.go
/usr/local/go/test/fixedbugs/issue5244.go
/usr/local/go/test/fixedbugs/issue5259.dir/main.go
/usr/local/go/test/fixedbugs/issue5259.go
/usr/local/go/test/fixedbugs/issue5260.dir/a.go
/usr/local/go/test/fixedbugs/issue5260.dir/b.go
/usr/local/go/test/fixedbugs/issue5260.go
/usr/local/go/test/fixedbugs/issue5291.dir/prog.go
/usr/local/go/test/fixedbugs/issue5291.go
/usr/local/go/test/fixedbugs/issue5470.dir/b.go
/usr/local/go/test/fixedbugs/issue5470.go
/usr/local/go/test/fixedbugs/issue5614.dir/x.go
/usr/local/go/test/fixedbugs/issue5614.dir/y.go
/usr/local/go/test/fixedbugs/issue5614.go
/usr/local/go/test/fixedbugs/issue5755.dir/main.go
/usr/local/go/test/fixedbugs/issue5755.go
/usr/local/go/test/fixedbugs/issue5841.go
/usr/local/go/test/fixedbugs/issue5910.dir/main.go
/usr/local/go/test/fixedbugs/issue5910.go
/usr/local/go/test/fixedbugs/issue5957.dir/a.go
/usr/local/go/test/fixedbugs/issue5957.dir/b.go
/usr/local/go/test/fixedbugs/issue5957.dir/c.go
/usr/local/go/test/fixedbugs/issue5957.go
/usr/local/go/test/fixedbugs/issue6295.dir/p0.go
/usr/local/go/test/fixedbugs/issue6295.go
/usr/local/go/test/fixedbugs/issue6298.go
/usr/local/go/test/fixedbugs/issue6402.go
/usr/local/go/test/fixedbugs/issue6405.go
/usr/local/go/test/fixedbugs/issue6406.go
/usr/local/go/test/fixedbugs/issue6428.go
/usr/local/go/test/fixedbugs/issue6513.go
/usr/local/go/test/fixedbugs/issue6703a.go
/usr/local/go/test/fixedbugs/issue6703b.go
/usr/local/go/test/fixedbugs/issue6703c.go
/usr/local/go/test/fixedbugs/issue6703d.go
/usr/local/go/test/fixedbugs/issue6703e.go
/usr/local/go/test/fixedbugs/issue6703f.go
/usr/local/go/test/fixedbugs/issue6703k.go
/usr/local/go/test/fixedbugs/issue6703l.go
/usr/local/go/test/fixedbugs/issue6703m.go
/usr/local/go/test/fixedbugs/issue6703n.go
/usr/local/go/test/fixedbugs/issue6789.dir/b.go
/usr/local/go/test/fixedbugs/issue6789.go
/usr/local/go/test/fixedbugs/issue6889.go
/usr/local/go/test/fixedbugs/issue6899.go
/usr/local/go/test/fixedbugs/issue6902.go
/usr/local/go/test/fixedbugs/issue6964.go
/usr/local/go/test/fixedbugs/issue7023.dir/b.go
/usr/local/go/test/fixedbugs/issue7023.go
/usr/local/go/test/fixedbugs/issue7050.go
/usr/local/go/test/fixedbugs/issue7129.go
/usr/local/go/test/fixedbugs/issue7153.go
/usr/local/go/test/fixedbugs/issue7419.go
/usr/local/go/test/fixedbugs/issue7648.dir/a.go
/usr/local/go/test/fixedbugs/issue7648.dir/b.go
/usr/local/go/test/fixedbugs/issue7648.go
/usr/local/go/test/fixedbugs/issue7746.go
/usr/local/go/test/fixedbugs/issue7995b.dir/x2.go
/usr/local/go/test/fixedbugs/issue7995b.go
/usr/local/go/test/fixedbugs/issue8060.go
/usr/local/go/test/fixedbugs/issue8073.go
/usr/local/go/test/fixedbugs/issue8079.go
/usr/local/go/test/fixedbugs/issue8280.dir/a.go
/usr/local/go/test/fixedbugs/issue8280.dir/b.go
/usr/local/go/test/fixedbugs/issue8280.go
/usr/local/go/test/fixedbugs/issue8438.go
/usr/local/go/test/fixedbugs/issue8440.go
/usr/local/go/test/fixedbugs/issue8501.go
/usr/local/go/test/fixedbugs/issue8745.go
/usr/local/go/test/fixedbugs/issue9076.go
/usr/local/go/test/fixedbugs/issue9432.go
/usr/local/go/test/fixedbugs/issue9537.go
/usr/local/go/test/fixedbugs/issue9608.go
/usr/local/go/test/fixedbugs/issue9738.go
/usr/local/go/test/func1.go
/usr/local/go/test/helloworld.go
/usr/local/go/test/import.go
/usr/local/go/test/import1.go
/usr/local/go/test/import2.go
/usr/local/go/test/import4.dir/import4.go
/usr/local/go/test/import4.go
/usr/local/go/test/import6.go
/usr/local/go/test/index0.go
/usr/local/go/test/index1.go
/usr/local/go/test/index2.go
/usr/local/go/test/init.go
/usr/local/go/test/initexp.go
/usr/local/go/test/initloop.go
/usr/local/go/test/inline_endian.go
/usr/local/go/test/inline_math_bits_rotate.go
/usr/local/go/test/inline_sync.go
/usr/local/go/test/int_lit.go
/usr/local/go/test/intcvt.go
/usr/local/go/test/interface/convert1.go
/usr/local/go/test/interface/convert2.go
/usr/local/go/test/interface/embed1.go
/usr/local/go/test/interface/embed3.dir/embed0.go
/usr/local/go/test/interface/embed3.go
/usr/local/go/test/interface/pointer.go
/usr/local/go/test/interface/private.dir/private1.go
/usr/local/go/test/interface/private.dir/prog.go
/usr/local/go/test/interface/private.go
/usr/local/go/test/interface/recursive.go
/usr/local/go/test/interface/recursive1.go
/usr/local/go/test/intrinsic.go
/usr/local/go/test/intrinsic_atomic.go
/usr/local/go/test/ken/cplx4.go
/usr/local/go/test/ken/divmod.go
/usr/local/go/test/ken/intervar.go
/usr/local/go/test/ken/litfun.go
/usr/local/go/test/ken/simpfun.go
/usr/local/go/test/linkmain.go
/usr/local/go/test/linkname.dir/linkname2.go
/usr/local/go/test/linkname.go
/usr/local/go/test/linkname2.go
/usr/local/go/test/linkname3.go
/usr/local/go/test/live_syscall.go
/usr/local/go/test/mainsig.go
/usr/local/go/test/mergemul.go
/usr/local/go/test/method1.go
/usr/local/go/test/method4.go
/usr/local/go/test/nul1.go
/usr/local/go/test/oldescape_linkname.dir/linkname2.go
/usr/local/go/test/recover5.go
/usr/local/go/test/reflectmethod8.go
/usr/local/go/test/retjmp.go
/usr/local/go/test/rotate0.go
/usr/local/go/test/rotate1.go
/usr/local/go/test/rotate2.go
/usr/local/go/test/rotate3.go
/usr/local/go/test/rune.go
/usr/local/go/test/runtime.go
/usr/local/go/test/runtime/inlinegcpc.go
/usr/local/go/test/sigchld.go
/usr/local/go/test/typecheck.go
/usr/local/go/test/typecheckloop.go
/usr/local/go/test/typeparam/absdiffimp.dir/main.go
/usr/local/go/test/typeparam/absdiffimp.go
/usr/local/go/test/typeparam/absdiffimp2.dir/main.go
/usr/local/go/test/typeparam/absdiffimp2.go
/usr/local/go/test/typeparam/aliasimp.go
/usr/local/go/test/typeparam/chansimp.go
/usr/local/go/test/typeparam/dedup.dir/b.go
/usr/local/go/test/typeparam/dedup.dir/c.go
/usr/local/go/test/typeparam/dedup.dir/main.go
/usr/local/go/test/typeparam/dedup.go
/usr/local/go/test/typeparam/factimp.go
/usr/local/go/test/typeparam/gencrawler.dir/main.go
/usr/local/go/test/typeparam/gencrawler.go
/usr/local/go/test/typeparam/geninline.dir/main.go
/usr/local/go/test/typeparam/geninline.go
/usr/local/go/test/typeparam/importtest.go
/usr/local/go/test/typeparam/issue46461b.go
/usr/local/go/test/typeparam/issue47514c.go
/usr/local/go/test/typeparam/issue47775.dir/main.go
/usr/local/go/test/typeparam/issue47775.go
/usr/local/go/test/typeparam/issue47892.go
/usr/local/go/test/typeparam/issue47892b.go
/usr/local/go/test/typeparam/issue47929.go
/usr/local/go/test/typeparam/issue47966.go
/usr/local/go/test/typeparam/issue48094.dir/main.go
/usr/local/go/test/typeparam/issue48094.go
/usr/local/go/test/typeparam/issue48094b.go
/usr/local/go/test/typeparam/issue48185a.go
/usr/local/go/test/typeparam/issue48185b.go
/usr/local/go/test/typeparam/issue48280.go
/usr/local/go/test/typeparam/issue48306.go
/usr/local/go/test/typeparam/issue48337a.dir/main.go
/usr/local/go/test/typeparam/issue48337a.go
/usr/local/go/test/typeparam/issue48337b.dir/main.go
/usr/local/go/test/typeparam/issue48337b.go
/usr/local/go/test/typeparam/issue48454.dir/main.go
/usr/local/go/test/typeparam/issue48454.go
/usr/local/go/test/typeparam/issue48462.go
/usr/local/go/test/typeparam/issue48716.go
/usr/local/go/test/typeparam/issue48962.go
/usr/local/go/test/typeparam/issue49027.go
/usr/local/go/test/typeparam/issue49241.dir/main.go
/usr/local/go/test/typeparam/issue49241.go
/usr/local/go/test/typeparam/issue49246.go
/usr/local/go/test/typeparam/issue49497.dir/main.go
/usr/local/go/test/typeparam/issue49497.go
/usr/local/go/test/typeparam/issue49524.dir/main.go
/usr/local/go/test/typeparam/issue49524.go
/usr/local/go/test/typeparam/issue49659.go
/usr/local/go/test/typeparam/issue49667.go
/usr/local/go/test/typeparam/issue49893.go
/usr/local/go/test/typeparam/issue50121.dir/main.go
/usr/local/go/test/typeparam/issue50121.go
/usr/local/go/test/typeparam/issue50121b.dir/c.go
/usr/local/go/test/typeparam/issue50121b.dir/d.go
/usr/local/go/test/typeparam/issue50121b.dir/main.go
/usr/local/go/test/typeparam/issue50121b.go
/usr/local/go/test/typeparam/issue50417.go
/usr/local/go/test/typeparam/issue50417b.go
/usr/local/go/test/typeparam/issue50437.go
/usr/local/go/test/typeparam/issue50481b.go
/usr/local/go/test/typeparam/issue50481c.go
/usr/local/go/test/typeparam/issue50485.dir/main.go
/usr/local/go/test/typeparam/issue50485.go
/usr/local/go/test/typeparam/issue50486.go
/usr/local/go/test/typeparam/issue50552.dir/main.go
/usr/local/go/test/typeparam/issue50552.go
/usr/local/go/test/typeparam/issue50561.dir/main.go
/usr/local/go/test/typeparam/issue50561.go
/usr/local/go/test/typeparam/issue50598.dir/main.go
/usr/local/go/test/typeparam/issue50598.go
/usr/local/go/test/typeparam/issue50841.dir/b.go
/usr/local/go/test/typeparam/issue50841.go
/usr/local/go/test/typeparam/issue51219.go
/usr/local/go/test/typeparam/issue51219b.go
/usr/local/go/test/typeparam/issue51250a.go
/usr/local/go/test/typeparam/issue51367.dir/main.go
/usr/local/go/test/typeparam/issue51367.go
/usr/local/go/test/typeparam/issue51423.go
/usr/local/go/test/typeparam/issue51836.go
/usr/local/go/test/typeparam/issue52117.go
/usr/local/go/test/typeparam/listimp.go
/usr/local/go/test/typeparam/listimp2.go
/usr/local/go/test/typeparam/mapimp.go
/usr/local/go/test/typeparam/mapsimp.go
/usr/local/go/test/typeparam/mdempsky/1.go
/usr/local/go/test/typeparam/mdempsky/10.dir/b.go
/usr/local/go/test/typeparam/mdempsky/10.go
/usr/local/go/test/typeparam/mdempsky/12.dir/main.go
/usr/local/go/test/typeparam/mdempsky/12.go
/usr/local/go/test/typeparam/mdempsky/3.go
/usr/local/go/test/typeparam/mdempsky/4.go
/usr/local/go/test/typeparam/mdempsky/7.dir/b.go
/usr/local/go/test/typeparam/mdempsky/7.go
/usr/local/go/test/typeparam/mdempsky/8.go
/usr/local/go/test/typeparam/mincheck.go
/usr/local/go/test/typeparam/minimp.go
/usr/local/go/test/typeparam/mutualimp.go
/usr/local/go/test/typeparam/orderedmapsimp.go
/usr/local/go/test/typeparam/pairimp.go
/usr/local/go/test/typeparam/recoverimp.dir/main.go
/usr/local/go/test/typeparam/recoverimp.go
/usr/local/go/test/typeparam/select.go
/usr/local/go/test/typeparam/setsimp.go
/usr/local/go/test/typeparam/sliceimp.go
/usr/local/go/test/typeparam/stringerimp.go
/usr/local/go/test/typeparam/structinit.dir/main.go
/usr/local/go/test/typeparam/structinit.go
/usr/local/go/test/typeparam/valimp.go
/usr/local/go/test/uintptrescapes.go
/usr/local/go/test/varerr.go
gc.go
internal/ebnf/main.go
internal/ebnf/testdata/parser/1.go
