/usr/local/go/misc/cgo/errors/testdata/issue18452.go
/usr/local/go/misc/cgo/test/backdoor.go
/usr/local/go/misc/cgo/test/testdata/gcc68255.go
/usr/local/go/misc/cgo/test/testdata/issue23555.go
/usr/local/go/misc/cgo/test/testdata/issue24161_darwin_test.go
/usr/local/go/misc/cgo/test/testdata/issue26430.go
/usr/local/go/misc/cgo/test/testdata/issue26743.go
/usr/local/go/misc/cgo/test/testdata/issue29563.go
/usr/local/go/misc/cgo/test/testdata/issue43639.go
/usr/local/go/misc/cgo/test/testdata/issue9400/stubs.go
/usr/local/go/misc/cgo/test/testdata/test26213.go
/usr/local/go/misc/cgo/testplugin/altpath/testdata/common/common.go
/usr/local/go/misc/cgo/testplugin/testdata/common/common.go
/usr/local/go/misc/cgo/testplugin/testdata/issue19418/plugin.go
/usr/local/go/misc/cgo/testplugin/testdata/issue19534/plugin.go
/usr/local/go/misc/cgo/testplugin/testdata/issue22175/plugin2.go
/usr/local/go/misc/cgo/testplugin/testdata/issue44956/base/base.go
/usr/local/go/misc/cgo/testplugin/testdata/issue44956/plugin1.go
/usr/local/go/misc/cgo/testsanitizers/tsan_test.go
/usr/local/go/misc/cgo/testshared/testdata/depBase/gccgo.go
/usr/local/go/misc/cgo/testshared/testdata/depBase/stubs.go
/usr/local/go/misc/cgo/testshared/testdata/explicit/explicit.go
/usr/local/go/misc/cgo/testshared/testdata/implicit/implicit.go
/usr/local/go/misc/cgo/testshared/testdata/issue30768/issue30768lib/lib.go
/usr/local/go/misc/cgo/testshared/testdata/issue30768/x_test.go
/usr/local/go/misc/cgo/testshared/testdata/issue39777/b/b.go
/usr/local/go/misc/cgo/testshared/testdata/issue44031/a/a.go
/usr/local/go/misc/cgo/testshared/testdata/issue47837/main/main.go
/usr/local/go/misc/cgo/testso/noso_test.go
/usr/local/go/misc/cgo/testsovar/noso_test.go
/usr/local/go/src/archive/tar/stat_actime1.go
/usr/local/go/src/archive/tar/stat_actime2.go
/usr/local/go/src/bytes/export_test.go
/usr/local/go/src/cmd/api/testdata/src/issue21181/dep/p.go
/usr/local/go/src/cmd/api/testdata/src/issue21181/dep/p_amd64.go
/usr/local/go/src/cmd/api/testdata/src/issue21181/p/p.go
/usr/local/go/src/cmd/api/testdata/src/issue21181/p/p_generic.go
/usr/local/go/src/cmd/api/testdata/src/pkg/p2/p2.go
/usr/local/go/src/cmd/asm/doc.go
/usr/local/go/src/cmd/buildid/doc.go
/usr/local/go/src/cmd/cgo/doc.go
/usr/local/go/src/cmd/compile/doc.go
/usr/local/go/src/cmd/compile/internal/gc/bootstrap.go
/usr/local/go/src/cmd/compile/internal/importer/testdata/issue15920.go
/usr/local/go/src/cmd/compile/internal/importer/testdata/issue20046.go
/usr/local/go/src/cmd/compile/internal/importer/testdata/versions/test.go
/usr/local/go/src/cmd/compile/internal/ir/ir.go
/usr/local/go/src/cmd/compile/internal/ir/symtab.go
/usr/local/go/src/cmd/compile/internal/logopt/escape_bootstrap.go
/usr/local/go/src/cmd/compile/internal/riscv64/gsubr.go
/usr/local/go/src/cmd/compile/internal/ssa/gen/dec64Ops.go
/usr/local/go/src/cmd/compile/internal/ssa/gen/decOps.go
/usr/local/go/src/cmd/compile/internal/ssa/gen/genericOps.go
/usr/local/go/src/cmd/compile/internal/ssa/opt.go
/usr/local/go/src/cmd/compile/internal/ssa/shift_test.go
/usr/local/go/src/cmd/compile/internal/ssa/stackframe.go
/usr/local/go/src/cmd/compile/internal/ssa/testdata/sayhi.go
/usr/local/go/src/cmd/compile/internal/ssa/writebarrier_test.go
/usr/local/go/src/cmd/compile/internal/ssagen/arch.go
/usr/local/go/src/cmd/compile/internal/test/test.go
/usr/local/go/src/cmd/compile/internal/test/testdata/reproducible/issue27013.go
/usr/local/go/src/cmd/compile/internal/test/testdata/reproducible/issue30202.go
/usr/local/go/src/cmd/compile/internal/types2/compilersupport.go
/usr/local/go/src/cmd/compile/internal/types2/gccgosizes.go
/usr/local/go/src/cmd/compile/internal/types2/testdata/fixedbugs/issue25838.go
/usr/local/go/src/cmd/compile/internal/types2/testdata/fixedbugs/issue51509.go
/usr/local/go/src/cmd/compile/main.go
/usr/local/go/src/cmd/cover/doc.go
/usr/local/go/src/cmd/cover/testdata/directives.go
/usr/local/go/src/cmd/cover/testdata/p.go
/usr/local/go/src/cmd/dist/doc.go
/usr/local/go/src/cmd/dist/sys_default.go
/usr/local/go/src/cmd/dist/util_gc.go
/usr/local/go/src/cmd/dist/util_gccgo.go
/usr/local/go/src/cmd/doc/testdata/merge/aa.go
/usr/local/go/src/cmd/doc/testdata/merge/bb.go
/usr/local/go/src/cmd/doc/testdata/nested/empty/empty.go
/usr/local/go/src/cmd/doc/testdata/nested/ignore.go
/usr/local/go/src/cmd/doc/testdata/nested/nested/real.go
/usr/local/go/src/cmd/fix/buildtag_test.go
/usr/local/go/src/cmd/fix/cftype_test.go
/usr/local/go/src/cmd/fix/context.go
/usr/local/go/src/cmd/fix/context_test.go
/usr/local/go/src/cmd/fix/doc.go
/usr/local/go/src/cmd/fix/gotypes_test.go
/usr/local/go/src/cmd/fix/jnitype_test.go
/usr/local/go/src/cmd/fix/netipv6zone_test.go
/usr/local/go/src/cmd/fix/printerconfig_test.go
/usr/local/go/src/cmd/go/alldocs.go
/usr/local/go/src/cmd/go/internal/auth/netrc_test.go
/usr/local/go/src/cmd/go/internal/base/signal_notunix.go
/usr/local/go/src/cmd/go/internal/base/signal_unix.go
/usr/local/go/src/cmd/go/internal/cfg/zosarch.go
/usr/local/go/src/cmd/go/internal/doc/doc.go
/usr/local/go/src/cmd/go/internal/imports/testdata/android/.h.go
/usr/local/go/src/cmd/go/internal/imports/testdata/android/a_android.go
/usr/local/go/src/cmd/go/internal/imports/testdata/android/b_android_arm64.go
/usr/local/go/src/cmd/go/internal/imports/testdata/android/c_linux.go
/usr/local/go/src/cmd/go/internal/imports/testdata/android/d_linux_arm64.go
/usr/local/go/src/cmd/go/internal/imports/testdata/android/e.go
/usr/local/go/src/cmd/go/internal/imports/testdata/android/f.go
/usr/local/go/src/cmd/go/internal/imports/testdata/android/g.go
/usr/local/go/src/cmd/go/internal/imports/testdata/illumos/.h.go
/usr/local/go/src/cmd/go/internal/imports/testdata/illumos/a_illumos.go
/usr/local/go/src/cmd/go/internal/imports/testdata/illumos/b_illumos_amd64.go
/usr/local/go/src/cmd/go/internal/imports/testdata/illumos/c_solaris.go
/usr/local/go/src/cmd/go/internal/imports/testdata/illumos/d_solaris_amd64.go
/usr/local/go/src/cmd/go/internal/imports/testdata/illumos/e.go
/usr/local/go/src/cmd/go/internal/imports/testdata/illumos/f.go
/usr/local/go/src/cmd/go/internal/imports/testdata/illumos/g.go
/usr/local/go/src/cmd/go/internal/modcmd/mod.go
/usr/local/go/src/cmd/go/internal/modfetch/key.go
/usr/local/go/src/cmd/go/internal/robustio/robustio.go
/usr/local/go/src/cmd/go/internal/robustio/robustio_other.go
/usr/local/go/src/cmd/go/internal/test/flagdefs.go
/usr/local/go/src/cmd/go/internal/web/bootstrap.go
/usr/local/go/src/cmd/go/internal/web/url_other_test.go
/usr/local/go/src/cmd/go/internal/web/url_windows_test.go
/usr/local/go/src/cmd/go/internal/workcmd/work.go
/usr/local/go/src/cmd/go/stop_unix_test.go
/usr/local/go/src/cmd/go/testdata/modlegacy/src/new/new.go
/usr/local/go/src/cmd/go/testdata/modlegacy/src/new/p1/p1.go
/usr/local/go/src/cmd/go/testdata/modlegacy/src/new/p2/p2.go
/usr/local/go/src/cmd/go/testdata/modlegacy/src/new/sub/inner/x/x.go
/usr/local/go/src/cmd/go/testdata/modlegacy/src/new/sub/x/v1/y/y.go
/usr/local/go/src/cmd/go/testdata/modlegacy/src/old/p1/p1.go
/usr/local/go/src/cmd/go/testdata/modlegacy/src/old/p2/p2.go
/usr/local/go/src/cmd/gofmt/doc.go
/usr/local/go/src/cmd/internal/goobj/builtinlist.go
/usr/local/go/src/cmd/internal/obj/arm/anames5.go
/usr/local/go/src/cmd/internal/obj/arm64/anames7.go
/usr/local/go/src/cmd/internal/obj/arm64/doc.go
/usr/local/go/src/cmd/internal/obj/go.go
/usr/local/go/src/cmd/internal/obj/mips/anames0.go
/usr/local/go/src/cmd/internal/obj/ppc64/anames9.go
/usr/local/go/src/cmd/internal/obj/ppc64/doc.go
/usr/local/go/src/cmd/internal/obj/s390x/anamesz.go
/usr/local/go/src/cmd/internal/obj/textflag.go
/usr/local/go/src/cmd/internal/objabi/funcdata.go
/usr/local/go/src/cmd/internal/objabi/util.go
/usr/local/go/src/cmd/link/doc.go
/usr/local/go/src/cmd/link/internal/amd64/l.go
/usr/local/go/src/cmd/link/internal/arm/l.go
/usr/local/go/src/cmd/link/internal/arm64/l.go
/usr/local/go/src/cmd/link/internal/ld/testdata/issue10978/main.go
/usr/local/go/src/cmd/link/internal/ld/testdata/issue38192/main.go
/usr/local/go/src/cmd/link/internal/ld/testdata/issue39256/x.go
/usr/local/go/src/cmd/link/internal/mips/l.go
/usr/local/go/src/cmd/link/internal/mips64/l.go
/usr/local/go/src/cmd/link/internal/ppc64/l.go
/usr/local/go/src/cmd/link/internal/riscv64/l.go
/usr/local/go/src/cmd/link/internal/s390x/l.go
/usr/local/go/src/cmd/link/internal/sym/segment.go
/usr/local/go/src/cmd/link/internal/x86/l.go
/usr/local/go/src/cmd/link/testdata/pe-binutils/main.go
/usr/local/go/src/cmd/link/testdata/pe-llvm/main.go
/usr/local/go/src/cmd/nm/doc.go
/usr/local/go/src/cmd/objdump/testdata/testfilenum/a.go
/usr/local/go/src/cmd/objdump/testdata/testfilenum/b.go
/usr/local/go/src/cmd/objdump/testdata/testfilenum/c.go
/usr/local/go/src/cmd/pack/doc.go
/usr/local/go/src/cmd/pprof/doc.go
/usr/local/go/src/cmd/trace/doc.go
/usr/local/go/src/cmd/vendor/golang.org/x/arch/ppc64/ppc64asm/doc.go
/usr/local/go/src/cmd/vendor/golang.org/x/crypto/ed25519/ed25519_go113.go
/usr/local/go/src/cmd/vendor/golang.org/x/crypto/ed25519/internal/edwards25519/const.go
/usr/local/go/src/cmd/vendor/golang.org/x/sys/internal/unsafeheader/unsafeheader.go
/usr/local/go/src/cmd/vendor/golang.org/x/sys/plan9/env_plan9.go
/usr/local/go/src/cmd/vendor/golang.org/x/sys/plan9/zsysnum_plan9.go
/usr/local/go/src/cmd/vendor/golang.org/x/sys/unix/bluetooth_linux.go
/usr/local/go/src/cmd/vendor/golang.org/x/sys/unix/constants.go
/usr/local/go/src/cmd/vendor/golang.org/x/sys/unix/errors_freebsd_386.go
/usr/local/go/src/cmd/vendor/golang.org/x/sys/unix/errors_freebsd_amd64.go
/usr/local/go/src/cmd/vendor/golang.org/x/sys/unix/errors_freebsd_arm.go
/usr/local/go/src/cmd/vendor/golang.org/x/sys/unix/errors_freebsd_arm64.go
/usr/local/go/src/cmd/vendor/golang.org/x/sys/unix/fcntl_linux_32bit.go
/usr/local/go/src/cmd/vendor/golang.org/x/sys/unix/ioctl.go
/usr/local/go/src/cmd/vendor/golang.org/x/sys/unix/ptrace_darwin.go
/usr/local/go/src/cmd/vendor/golang.org/x/sys/unix/ptrace_ios.go
/usr/local/go/src/cmd/vendor/golang.org/x/sys/unix/readdirent_getdents.go
/usr/local/go/src/cmd/vendor/golang.org/x/sys/unix/syscall_darwin_libSystem.go
/usr/local/go/src/cmd/vendor/golang.org/x/sys/unix/syscall_linux_gc.go
/usr/local/go/src/cmd/vendor/golang.org/x/sys/unix/sysvshm_unix_other.go
/usr/local/go/src/cmd/vendor/golang.org/x/sys/unix/zerrors_zos_s390x.go
/usr/local/go/src/cmd/vendor/golang.org/x/sys/unix/zsysctl_openbsd_386.go
/usr/local/go/src/cmd/vendor/golang.org/x/sys/unix/zsysctl_openbsd_amd64.go
/usr/local/go/src/cmd/vendor/golang.org/x/sys/unix/zsysctl_openbsd_arm.go
/usr/local/go/src/cmd/vendor/golang.org/x/sys/unix/zsysctl_openbsd_arm64.go
/usr/local/go/src/cmd/vendor/golang.org/x/sys/unix/zsysctl_openbsd_mips64.go
/usr/local/go/src/cmd/vendor/golang.org/x/sys/unix/zsysnum_darwin_amd64.go
/usr/local/go/src/cmd/vendor/golang.org/x/sys/unix/zsysnum_darwin_arm64.go
/usr/local/go/src/cmd/vendor/golang.org/x/sys/unix/zsysnum_dragonfly_amd64.go
/usr/local/go/src/cmd/vendor/golang.org/x/sys/unix/zsysnum_freebsd_386.go
/usr/local/go/src/cmd/vendor/golang.org/x/sys/unix/zsysnum_freebsd_amd64.go
/usr/local/go/src/cmd/vendor/golang.org/x/sys/unix/zsysnum_freebsd_arm.go
/usr/local/go/src/cmd/vendor/golang.org/x/sys/unix/zsysnum_freebsd_arm64.go
/usr/local/go/src/cmd/vendor/golang.org/x/sys/unix/zsysnum_linux_386.go
/usr/local/go/src/cmd/vendor/golang.org/x/sys/unix/zsysnum_linux_amd64.go
/usr/local/go/src/cmd/vendor/golang.org/x/sys/unix/zsysnum_linux_arm.go
/usr/local/go/src/cmd/vendor/golang.org/x/sys/unix/zsysnum_linux_arm64.go
/usr/local/go/src/cmd/vendor/golang.org/x/sys/unix/zsysnum_linux_mips.go
/usr/local/go/src/cmd/vendor/golang.org/x/sys/unix/zsysnum_linux_mips64.go
/usr/local/go/src/cmd/vendor/golang.org/x/sys/unix/zsysnum_linux_mips64le.go
/usr/local/go/src/cmd/vendor/golang.org/x/sys/unix/zsysnum_linux_mipsle.go
/usr/local/go/src/cmd/vendor/golang.org/x/sys/unix/zsysnum_linux_ppc.go
/usr/local/go/src/cmd/vendor/golang.org/x/sys/unix/zsysnum_linux_ppc64.go
/usr/local/go/src/cmd/vendor/golang.org/x/sys/unix/zsysnum_linux_ppc64le.go
/usr/local/go/src/cmd/vendor/golang.org/x/sys/unix/zsysnum_linux_riscv64.go
/usr/local/go/src/cmd/vendor/golang.org/x/sys/unix/zsysnum_linux_s390x.go
/usr/local/go/src/cmd/vendor/golang.org/x/sys/unix/zsysnum_linux_sparc64.go
/usr/local/go/src/cmd/vendor/golang.org/x/sys/unix/zsysnum_netbsd_386.go
/usr/local/go/src/cmd/vendor/golang.org/x/sys/unix/zsysnum_netbsd_amd64.go
/usr/local/go/src/cmd/vendor/golang.org/x/sys/unix/zsysnum_netbsd_arm.go
/usr/local/go/src/cmd/vendor/golang.org/x/sys/unix/zsysnum_netbsd_arm64.go
/usr/local/go/src/cmd/vendor/golang.org/x/sys/unix/zsysnum_openbsd_386.go
/usr/local/go/src/cmd/vendor/golang.org/x/sys/unix/zsysnum_openbsd_amd64.go
/usr/local/go/src/cmd/vendor/golang.org/x/sys/unix/zsysnum_openbsd_arm.go
/usr/local/go/src/cmd/vendor/golang.org/x/sys/unix/zsysnum_openbsd_arm64.go
/usr/local/go/src/cmd/vendor/golang.org/x/sys/unix/zsysnum_openbsd_mips64.go
/usr/local/go/src/cmd/vendor/golang.org/x/sys/unix/zsysnum_zos_s390x.go
/usr/local/go/src/cmd/vendor/golang.org/x/sys/unix/ztypes_illumos_amd64.go
/usr/local/go/src/cmd/vendor/golang.org/x/sys/unix/ztypes_solaris_amd64.go
/usr/local/go/src/cmd/vendor/golang.org/x/sys/unix/ztypes_zos_s390x.go
/usr/local/go/src/cmd/vendor/golang.org/x/sys/windows/eventlog.go
/usr/local/go/src/cmd/vendor/golang.org/x/sys/windows/memory_windows.go
/usr/local/go/src/cmd/vendor/golang.org/x/sys/windows/mksyscall.go
/usr/local/go/src/cmd/vendor/golang.org/x/term/term.go
/usr/local/go/src/cmd/vendor/golang.org/x/term/term_unsupported.go
/usr/local/go/src/cmd/vendor/golang.org/x/tools/go/analysis/doc.go
/usr/local/go/src/cmd/vendor/golang.org/x/tools/go/analysis/passes/composite/whitelist.go
/usr/local/go/src/cmd/vendor/golang.org/x/tools/go/analysis/passes/inspect/inspect.go
/usr/local/go/src/cmd/vendor/golang.org/x/xerrors/doc.go
/usr/local/go/src/cmd/vendor/golang.org/x/xerrors/internal/internal.go
/usr/local/go/src/cmd/vet/doc.go
/usr/local/go/src/cmd/vet/testdata/asm/asm.go
/usr/local/go/src/cmd/vet/testdata/buildtag/buildtag.go
/usr/local/go/src/cmd/vet/testdata/buildtag/buildtag2.go
/usr/local/go/src/cmd/vet/testdata/buildtag/buildtag3.go
/usr/local/go/src/cmd/vet/testdata/buildtag/buildtag4.go
/usr/local/go/src/cmd/vet/testdata/buildtag/buildtag5.go
/usr/local/go/src/cmd/vet/testdata/deadcode/deadcode.go
/usr/local/go/src/cmd/vet/testdata/rangeloop/rangeloop.go
/usr/local/go/src/cmd/vet/testdata/testingpkg/tests.go
/usr/local/go/src/cmd/vet/testdata/testingpkg/tests_test.go
/usr/local/go/src/crypto/aes/cipher_generic.go
/usr/local/go/src/crypto/aes/modes.go
/usr/local/go/src/crypto/cipher/cipher.go
/usr/local/go/src/crypto/cipher/common_test.go
/usr/local/go/src/crypto/cipher/export_test.go
/usr/local/go/src/crypto/des/const.go
/usr/local/go/src/crypto/ecdsa/ecdsa_noasm.go
/usr/local/go/src/crypto/ed25519/internal/edwards25519/doc.go
/usr/local/go/src/crypto/ed25519/internal/edwards25519/field/fe_amd64.go
/usr/local/go/src/crypto/elliptic/p256_generic.go
/usr/local/go/src/crypto/sha1/sha1block_decl.go
/usr/local/go/src/crypto/sha1/sha1block_generic.go
/usr/local/go/src/crypto/sha256/sha256block_decl.go
/usr/local/go/src/crypto/sha256/sha256block_generic.go
/usr/local/go/src/crypto/sha512/sha512block_decl.go
/usr/local/go/src/crypto/sha512/sha512block_generic.go
/usr/local/go/src/crypto/tls/handshake_unix_test.go
/usr/local/go/src/crypto/x509/root_aix.go
/usr/local/go/src/crypto/x509/root_bsd.go
/usr/local/go/src/crypto/x509/root_js.go
/usr/local/go/src/crypto/x509/root_linux.go
/usr/local/go/src/crypto/x509/root_solaris.go
/usr/local/go/src/debug/dwarf/export_test.go
/usr/local/go/src/debug/gosym/testdata/main.go
/usr/local/go/src/debug/pe/pe.go
/usr/local/go/src/encoding/encoding.go
/usr/local/go/src/encoding/gob/doc.go
/usr/local/go/src/fmt/doc.go
/usr/local/go/src/fmt/export_test.go
/usr/local/go/src/go/build/doc.go
/usr/local/go/src/go/build/testdata/cgo_disabled/empty.go
/usr/local/go/src/go/build/testdata/doc/a_test.go
/usr/local/go/src/go/build/testdata/doc/b_test.go
/usr/local/go/src/go/build/testdata/doc/c_test.go
/usr/local/go/src/go/build/testdata/doc/d_test.go
/usr/local/go/src/go/build/testdata/doc/e.go
/usr/local/go/src/go/build/testdata/doc/f.go
/usr/local/go/src/go/build/testdata/multi/file.go
/usr/local/go/src/go/build/testdata/multi/file_appengine.go
/usr/local/go/src/go/build/testdata/other/file/file.go
/usr/local/go/src/go/build/testdata/other/main.go
/usr/local/go/src/go/build/testdata/withvendor/src/a/b/b.go
/usr/local/go/src/go/build/testdata/withvendor/src/a/vendor/c/d/d.go
/usr/local/go/src/go/doc/testdata/a0.go
/usr/local/go/src/go/doc/testdata/a1.go
/usr/local/go/src/go/doc/testdata/bugpara.go
/usr/local/go/src/go/doc/testdata/f.go
/usr/local/go/src/go/doc/testdata/issue13742.go
/usr/local/go/src/go/doc/testdata/issue22856.go
/usr/local/go/src/go/internal/gccgoimporter/testdata/issue27856.go
/usr/local/go/src/go/internal/gccgoimporter/testdata/issue31540.go
/usr/local/go/src/go/internal/gccgoimporter/testdata/notinheap.go
/usr/local/go/src/go/internal/gccgoimporter/testdata/pointer.go
/usr/local/go/src/go/internal/gcimporter/testdata/issue15920.go
/usr/local/go/src/go/internal/gcimporter/testdata/issue20046.go
/usr/local/go/src/go/internal/gcimporter/testdata/versions/test.go
/usr/local/go/src/go/internal/srcimporter/testdata/issue20855/issue20855.go
/usr/local/go/src/go/internal/srcimporter/testdata/issue23092/issue23092.go
/usr/local/go/src/go/internal/srcimporter/testdata/issue24392/issue24392.go
/usr/local/go/src/go/types/gccgosizes.go
/usr/local/go/src/go/types/testdata/fixedbugs/issue25838.go
/usr/local/go/src/go/types/testdata/fixedbugs/issue51509.go
/usr/local/go/src/html/template/doc.go
/usr/local/go/src/image/color/palette/generate.go
/usr/local/go/src/image/internal/imageutil/imageutil.go
/usr/local/go/src/internal/abi/abi_amd64.go
/usr/local/go/src/internal/abi/abi_arm64.go
/usr/local/go/src/internal/abi/abi_generic.go
/usr/local/go/src/internal/abi/abi_ppc64x.go
/usr/local/go/src/internal/abi/export_test.go
/usr/local/go/src/internal/bytealg/compare_native.go
/usr/local/go/src/internal/bytealg/index_native.go
/usr/local/go/src/internal/bytealg/indexbyte_native.go
/usr/local/go/src/internal/cpu/cpu_arm64_android.go
/usr/local/go/src/internal/cpu/cpu_arm64_linux.go
/usr/local/go/src/internal/cpu/cpu_arm64_other.go
/usr/local/go/src/internal/cpu/cpu_no_name.go
/usr/local/go/src/internal/cpu/cpu_ppc64x_aix.go
/usr/local/go/src/internal/cpu/cpu_ppc64x_linux.go
/usr/local/go/src/internal/fuzz/counters_unsupported.go
/usr/local/go/src/internal/fuzz/trace.go
/usr/local/go/src/internal/goarch/goarch_386.go
/usr/local/go/src/internal/goarch/goarch_amd64.go
/usr/local/go/src/internal/goarch/goarch_arm.go
/usr/local/go/src/internal/goarch/goarch_arm64.go
/usr/local/go/src/internal/goarch/goarch_mips.go
/usr/local/go/src/internal/goarch/goarch_mips64.go
/usr/local/go/src/internal/goarch/goarch_mips64le.go
/usr/local/go/src/internal/goarch/goarch_mipsle.go
/usr/local/go/src/internal/goarch/goarch_ppc64.go
/usr/local/go/src/internal/goarch/goarch_ppc64le.go
/usr/local/go/src/internal/goarch/goarch_riscv64.go
/usr/local/go/src/internal/goarch/goarch_s390x.go
/usr/local/go/src/internal/goarch/goarch_wasm.go
/usr/local/go/src/internal/goexperiment/flags.go
/usr/local/go/src/internal/goos/goos.go
/usr/local/go/src/internal/nettrace/nettrace.go
/usr/local/go/src/internal/poll/fcntl_libc.go
/usr/local/go/src/internal/poll/fd_writev_darwin.go
/usr/local/go/src/internal/poll/fd_writev_illumos.go
/usr/local/go/src/internal/poll/writev_test.go
/usr/local/go/src/internal/race/doc.go
/usr/local/go/src/internal/syscall/unix/at_aix.go
/usr/local/go/src/internal/syscall/unix/at_darwin.go
/usr/local/go/src/internal/syscall/unix/net.go
/usr/local/go/src/internal/syscall/unix/net_js.go
/usr/local/go/src/internal/syscall/unix/nonblocking_js.go
/usr/local/go/src/internal/syscall/windows/mksyscall.go
/usr/local/go/src/internal/syscall/windows/net_windows.go
/usr/local/go/src/internal/syscall/windows/psapi_windows.go
/usr/local/go/src/internal/syscall/windows/registry/mksyscall.go
/usr/local/go/src/internal/syscall/windows/sysdll/sysdll.go
/usr/local/go/src/internal/testenv/testenv_cgo.go
/usr/local/go/src/internal/unsafeheader/unsafeheader.go
/usr/local/go/src/io/export_test.go
/usr/local/go/src/io/ioutil/tempfile.go
/usr/local/go/src/log/syslog/doc.go
/usr/local/go/src/math/big/arith_decl.go
/usr/local/go/src/math/big/doc.go
/usr/local/go/src/math/bits/bits_errors.go
/usr/local/go/src/math/bits/example_math_test.go
/usr/local/go/src/math/bits/example_test.go
/usr/local/go/src/math/cmplx/conj.go
/usr/local/go/src/math/cmplx/huge_test.go
/usr/local/go/src/math/cmplx/polar.go
/usr/local/go/src/math/export_s390x_test.go
/usr/local/go/src/math/rand/example_test.go
/usr/local/go/src/math/rand/export_test.go
/usr/local/go/src/mime/type_dragonfly.go
/usr/local/go/src/mime/type_freebsd.go
/usr/local/go/src/mime/type_openbsd.go
/usr/local/go/src/net/error_plan9.go
/usr/local/go/src/net/error_posix.go
/usr/local/go/src/net/fcntl_libc_test.go
/usr/local/go/src/net/file_stub.go
/usr/local/go/src/net/file_windows.go
/usr/local/go/src/net/hosts_test.go
/usr/local/go/src/net/http/doc.go
/usr/local/go/src/net/http/httputil/httputil.go
/usr/local/go/src/net/http/jar.go
/usr/local/go/src/net/http/method.go
/usr/local/go/src/net/http/status.go
/usr/local/go/src/net/http/transport_default_js.go
/usr/local/go/src/net/http/transport_default_other.go
/usr/local/go/src/net/interface_stub.go
/usr/local/go/src/net/internal/socktest/switch_stub.go
/usr/local/go/src/net/main_conf_test.go
/usr/local/go/src/net/main_plan9_test.go
/usr/local/go/src/net/rawconn_stub_test.go
/usr/local/go/src/net/sock_plan9.go
/usr/local/go/src/net/tcpsockopt_openbsd.go
/usr/local/go/src/net/tcpsockopt_posix.go
/usr/local/go/src/net/tcpsockopt_solaris.go
/usr/local/go/src/net/tcpsockopt_stub.go
/usr/local/go/src/os/exec/env_test.go
/usr/local/go/src/os/exec/internal/fdtest/exists_windows.go
/usr/local/go/src/os/exec/lp_js.go
/usr/local/go/src/os/executable.go
/usr/local/go/src/os/executable_dragonfly.go
/usr/local/go/src/os/executable_freebsd.go
/usr/local/go/src/os/export_linux_test.go
/usr/local/go/src/os/export_test.go
/usr/local/go/src/os/export_unix_test.go
/usr/local/go/src/os/signal/doc.go
/usr/local/go/src/os/sys.go
/usr/local/go/src/os/user/listgroups_stub.go
/usr/local/go/src/path/example_test.go
/usr/local/go/src/path/filepath/example_test.go
/usr/local/go/src/path/filepath/example_unix_test.go
/usr/local/go/src/path/filepath/export_test.go
/usr/local/go/src/path/filepath/symlink_unix.go
/usr/local/go/src/plugin/plugin_test.go
/usr/local/go/src/reflect/internal/example1/example.go
/usr/local/go/src/reflect/internal/example2/example.go
/usr/local/go/src/reflect/stubs_ppc64x.go
/usr/local/go/src/regexp/exec2_test.go
/usr/local/go/src/regexp/syntax/doc.go
/usr/local/go/src/regexp/syntax/perl_groups.go
/usr/local/go/src/runtime/auxv_none.go
/usr/local/go/src/runtime/cgo/callbacks_aix.go
/usr/local/go/src/runtime/cgo/callbacks_traceback.go
/usr/local/go/src/runtime/cgo/dragonfly.go
/usr/local/go/src/runtime/cgo/freebsd.go
/usr/local/go/src/runtime/cgo/iscgo.go
/usr/local/go/src/runtime/cgo/mmap.go
/usr/local/go/src/runtime/cgo/netbsd.go
/usr/local/go/src/runtime/cgo/openbsd.go
/usr/local/go/src/runtime/cgo/setenv.go
/usr/local/go/src/runtime/cgo/sigaction.go
/usr/local/go/src/runtime/cgo/signal_ios_arm64.go
/usr/local/go/src/runtime/cgo_ppc64x.go
/usr/local/go/src/runtime/cgocallback.go
/usr/local/go/src/runtime/cputicks.go
/usr/local/go/src/runtime/debug/stubs.go
/usr/local/go/src/runtime/defs_illumos_amd64.go
/usr/local/go/src/runtime/defs_windows.go
/usr/local/go/src/runtime/export_aix_test.go
/usr/local/go/src/runtime/export_arm_test.go
/usr/local/go/src/runtime/export_pipe_test.go
/usr/local/go/src/runtime/export_solaris_test.go
/usr/local/go/src/runtime/internal/atomic/atomic_arm64.go
/usr/local/go/src/runtime/internal/atomic/doc.go
/usr/local/go/src/runtime/internal/atomic/unaligned.go
/usr/local/go/src/runtime/internal/sys/intrinsics_stubs.go
/usr/local/go/src/runtime/internal/sys/sys.go
/usr/local/go/src/runtime/internal/syscall/syscall_linux.go
/usr/local/go/src/runtime/libfuzzer.go
/usr/local/go/src/runtime/lockrank_off.go
/usr/local/go/src/runtime/metrics/doc.go
/usr/local/go/src/runtime/metrics/histogram.go
/usr/local/go/src/runtime/metrics/sample.go
/usr/local/go/src/runtime/nbpipe_fcntl_libc_test.go
/usr/local/go/src/runtime/nbpipe_fcntl_unix_test.go
/usr/local/go/src/runtime/netpoll_fake.go
/usr/local/go/src/runtime/os2_freebsd.go
/usr/local/go/src/runtime/os2_openbsd.go
/usr/local/go/src/runtime/os2_solaris.go
/usr/local/go/src/runtime/os_android.go
/usr/local/go/src/runtime/os_darwin_arm64.go
/usr/local/go/src/runtime/os_freebsd_arm64.go
/usr/local/go/src/runtime/os_freebsd_noauxv.go
/usr/local/go/src/runtime/os_linux_noauxv.go
/usr/local/go/src/runtime/os_linux_novdso.go
/usr/local/go/src/runtime/os_linux_riscv64.go
/usr/local/go/src/runtime/os_linux_x86.go
/usr/local/go/src/runtime/os_netbsd_386.go
/usr/local/go/src/runtime/os_netbsd_amd64.go
/usr/local/go/src/runtime/os_netbsd_arm64.go
/usr/local/go/src/runtime/os_nonopenbsd.go
/usr/local/go/src/runtime/os_openbsd_arm64.go
/usr/local/go/src/runtime/os_openbsd_mips64.go
/usr/local/go/src/runtime/os_openbsd_syscall1.go
/usr/local/go/src/runtime/os_plan9_arm.go
/usr/local/go/src/runtime/panic_test.go
/usr/local/go/src/runtime/pprof/pprof_norusage.go
/usr/local/go/src/runtime/pprof/runtime.go
/usr/local/go/src/runtime/pprof/uname_other_test.go
/usr/local/go/src/runtime/preempt_nonwindows.go
/usr/local/go/src/runtime/race/doc.go
/usr/local/go/src/runtime/rdebug.go
/usr/local/go/src/runtime/sigaction.go
/usr/local/go/src/runtime/sigqueue_note.go
/usr/local/go/src/runtime/stubs3.go
/usr/local/go/src/runtime/stubs_mipsx.go
/usr/local/go/src/runtime/stubs_nonlinux.go
/usr/local/go/src/runtime/stubs_ppc64.go
/usr/local/go/src/runtime/stubs_ppc64x.go
/usr/local/go/src/runtime/stubs_s390x.go
/usr/local/go/src/runtime/sys_nonppc64x.go
/usr/local/go/src/runtime/sys_openbsd.go
/usr/local/go/src/runtime/sys_openbsd1.go
/usr/local/go/src/runtime/sys_openbsd3.go
/usr/local/go/src/runtime/syscall2_solaris.go
/usr/local/go/src/runtime/testdata/testprog/abort.go
/usr/local/go/src/runtime/testdata/testprog/panicrace.go
/usr/local/go/src/runtime/testdata/testprog/signal.go
/usr/local/go/src/runtime/testdata/testprog/syscalls.go
/usr/local/go/src/runtime/testdata/testprog/syscalls_none.go
/usr/local/go/src/runtime/testdata/testprogcgo/dropm_stub.go
/usr/local/go/src/runtime/testdata/testprognet/signal.go
/usr/local/go/src/runtime/timeasm.go
/usr/local/go/src/runtime/timestub.go
/usr/local/go/src/runtime/timestub2.go
/usr/local/go/src/runtime/tls_stub.go
/usr/local/go/src/runtime/tls_windows_amd64.go
/usr/local/go/src/runtime/vdso_elf32.go
/usr/local/go/src/runtime/vdso_elf64.go
/usr/local/go/src/runtime/vdso_in_none.go
/usr/local/go/src/sort/export_test.go
/usr/local/go/src/strconv/doc.go
/usr/local/go/src/strconv/internal_test.go
/usr/local/go/src/strconv/isprint.go
/usr/local/go/src/sync/atomic/doc.go
/usr/local/go/src/sync/example_pool_test.go
/usr/local/go/src/syscall/export_unix_test.go
/usr/local/go/src/syscall/flock_linux_32bit.go
/usr/local/go/src/syscall/forkpipe2.go
/usr/local/go/src/syscall/js/export_test.go
/usr/local/go/src/syscall/net.go
/usr/local/go/src/syscall/ptrace_darwin.go
/usr/local/go/src/syscall/ptrace_ios.go
/usr/local/go/src/syscall/setuidgid_32_linux.go
/usr/local/go/src/syscall/setuidgid_linux.go
/usr/local/go/src/syscall/syscall_openbsd1.go
/usr/local/go/src/syscall/syscall_openbsd_libc.go
/usr/local/go/src/syscall/types_illumos_amd64.go
/usr/local/go/src/syscall/zerrors_aix_ppc64.go
/usr/local/go/src/syscall/zerrors_darwin_amd64.go
/usr/local/go/src/syscall/zerrors_darwin_arm64.go
/usr/local/go/src/syscall/zerrors_dragonfly_amd64.go
/usr/local/go/src/syscall/zerrors_freebsd_386.go
/usr/local/go/src/syscall/zerrors_freebsd_amd64.go
/usr/local/go/src/syscall/zerrors_freebsd_arm.go
/usr/local/go/src/syscall/zerrors_freebsd_arm64.go
/usr/local/go/src/syscall/zerrors_linux_386.go
/usr/local/go/src/syscall/zerrors_linux_amd64.go
/usr/local/go/src/syscall/zerrors_linux_arm.go
/usr/local/go/src/syscall/zerrors_linux_arm64.go
/usr/local/go/src/syscall/zerrors_linux_mips.go
/usr/local/go/src/syscall/zerrors_linux_mips64.go
/usr/local/go/src/syscall/zerrors_linux_mips64le.go
/usr/local/go/src/syscall/zerrors_linux_mipsle.go
/usr/local/go/src/syscall/zerrors_linux_ppc64.go
/usr/local/go/src/syscall/zerrors_linux_ppc64le.go
/usr/local/go/src/syscall/zerrors_linux_riscv64.go
/usr/local/go/src/syscall/zerrors_linux_s390x.go
/usr/local/go/src/syscall/zerrors_netbsd_386.go
/usr/local/go/src/syscall/zerrors_netbsd_amd64.go
/usr/local/go/src/syscall/zerrors_netbsd_arm.go
/usr/local/go/src/syscall/zerrors_netbsd_arm64.go
/usr/local/go/src/syscall/zerrors_openbsd_386.go
/usr/local/go/src/syscall/zerrors_openbsd_amd64.go
/usr/local/go/src/syscall/zerrors_openbsd_arm.go
/usr/local/go/src/syscall/zerrors_openbsd_arm64.go
/usr/local/go/src/syscall/zerrors_openbsd_mips64.go
/usr/local/go/src/syscall/zerrors_solaris_amd64.go
/usr/local/go/src/syscall/zsysctl_openbsd.go
/usr/local/go/src/syscall/zsysnum_darwin_amd64.go
/usr/local/go/src/syscall/zsysnum_darwin_arm64.go
/usr/local/go/src/syscall/zsysnum_dragonfly_amd64.go
/usr/local/go/src/syscall/zsysnum_freebsd_386.go
/usr/local/go/src/syscall/zsysnum_freebsd_amd64.go
/usr/local/go/src/syscall/zsysnum_freebsd_arm.go
/usr/local/go/src/syscall/zsysnum_freebsd_arm64.go
/usr/local/go/src/syscall/zsysnum_linux_386.go
/usr/local/go/src/syscall/zsysnum_linux_amd64.go
/usr/local/go/src/syscall/zsysnum_linux_arm.go
/usr/local/go/src/syscall/zsysnum_linux_arm64.go
/usr/local/go/src/syscall/zsysnum_linux_mips.go
/usr/local/go/src/syscall/zsysnum_linux_mips64.go
/usr/local/go/src/syscall/zsysnum_linux_mips64le.go
/usr/local/go/src/syscall/zsysnum_linux_mipsle.go
/usr/local/go/src/syscall/zsysnum_linux_ppc64.go
/usr/local/go/src/syscall/zsysnum_linux_ppc64le.go
/usr/local/go/src/syscall/zsysnum_linux_riscv64.go
/usr/local/go/src/syscall/zsysnum_linux_s390x.go
/usr/local/go/src/syscall/zsysnum_netbsd_386.go
/usr/local/go/src/syscall/zsysnum_netbsd_amd64.go
/usr/local/go/src/syscall/zsysnum_netbsd_arm.go
/usr/local/go/src/syscall/zsysnum_netbsd_arm64.go
/usr/local/go/src/syscall/zsysnum_openbsd_386.go
/usr/local/go/src/syscall/zsysnum_openbsd_amd64.go
/usr/local/go/src/syscall/zsysnum_openbsd_arm.go
/usr/local/go/src/syscall/zsysnum_openbsd_arm64.go
/usr/local/go/src/syscall/zsysnum_openbsd_mips64.go
/usr/local/go/src/syscall/zsysnum_plan9.go
/usr/local/go/src/syscall/zsysnum_solaris_amd64.go
/usr/local/go/src/syscall/ztypes_aix_ppc64.go
/usr/local/go/src/syscall/ztypes_darwin_amd64.go
/usr/local/go/src/syscall/ztypes_darwin_arm64.go
/usr/local/go/src/syscall/ztypes_dragonfly_amd64.go
/usr/local/go/src/syscall/ztypes_freebsd_386.go
/usr/local/go/src/syscall/ztypes_freebsd_amd64.go
/usr/local/go/src/syscall/ztypes_freebsd_arm.go
/usr/local/go/src/syscall/ztypes_freebsd_arm64.go
/usr/local/go/src/syscall/ztypes_openbsd_386.go
/usr/local/go/src/syscall/ztypes_openbsd_amd64.go
/usr/local/go/src/syscall/ztypes_openbsd_arm.go
/usr/local/go/src/syscall/ztypes_openbsd_arm64.go
/usr/local/go/src/syscall/ztypes_openbsd_mips64.go
/usr/local/go/src/syscall/ztypes_solaris_amd64.go
/usr/local/go/src/testing/export_test.go
/usr/local/go/src/testing/iotest/example_test.go
/usr/local/go/src/testing/testing_other.go
/usr/local/go/src/testing/testing_windows.go
/usr/local/go/src/text/template/doc.go
/usr/local/go/src/time/embed.go
/usr/local/go/src/time/zoneinfo_abbrs_windows.go
/usr/local/go/src/unicode/utf16/export_test.go
/usr/local/go/src/unsafe/unsafe.go
/usr/local/go/src/vendor/golang.org/x/crypto/curve25519/internal/field/fe_amd64.go
/usr/local/go/src/vendor/golang.org/x/net/lif/zsys_solaris_amd64.go
/usr/local/go/src/vendor/golang.org/x/net/nettest/nettest_stub.go
/usr/local/go/src/vendor/golang.org/x/net/route/syscall.go
/usr/local/go/src/vendor/golang.org/x/net/route/zsys_darwin.go
/usr/local/go/src/vendor/golang.org/x/net/route/zsys_dragonfly.go
/usr/local/go/src/vendor/golang.org/x/net/route/zsys_freebsd_386.go
/usr/local/go/src/vendor/golang.org/x/net/route/zsys_freebsd_amd64.go
/usr/local/go/src/vendor/golang.org/x/net/route/zsys_freebsd_arm.go
/usr/local/go/src/vendor/golang.org/x/net/route/zsys_freebsd_arm64.go
/usr/local/go/src/vendor/golang.org/x/net/route/zsys_netbsd.go
/usr/local/go/src/vendor/golang.org/x/net/route/zsys_openbsd.go
/usr/local/go/src/vendor/golang.org/x/sys/cpu/cpu_gc_arm64.go
/usr/local/go/src/vendor/golang.org/x/sys/cpu/cpu_gc_s390x.go
/usr/local/go/src/vendor/golang.org/x/sys/cpu/cpu_gc_x86.go
/usr/local/go/src/vendor/golang.org/x/sys/cpu/cpu_gccgo_arm64.go
/usr/local/go/src/vendor/golang.org/x/sys/cpu/cpu_gccgo_x86.go
/usr/local/go/src/vendor/golang.org/x/sys/cpu/cpu_linux_noinit.go
/usr/local/go/src/vendor/golang.org/x/sys/cpu/cpu_other_arm.go
/usr/local/go/src/vendor/golang.org/x/sys/cpu/cpu_other_arm64.go
/usr/local/go/src/vendor/golang.org/x/sys/cpu/cpu_other_mips64x.go
/usr/local/go/src/vendor/golang.org/x/sys/cpu/cpu_zos.go
/usr/local/go/src/vendor/golang.org/x/sys/cpu/cpu_zos_s390x.go
/usr/local/go/src/vendor/golang.org/x/sys/cpu/syscall_aix_gccgo.go
/usr/local/go/src/vendor/golang.org/x/sys/cpu/syscall_aix_ppc64_gc.go
/usr/local/go/test/abi/convT64_criteria.go
/usr/local/go/test/abi/many_int_input.go
/usr/local/go/test/abi/result_live.go
/usr/local/go/test/alias.go
/usr/local/go/test/alias3.dir/c.go
/usr/local/go/test/alias3.go
/usr/local/go/test/asmhdr.go
/usr/local/go/test/bench/go1/jsondata_test.go
/usr/local/go/test/bom.go
/usr/local/go/test/closure3.go
/usr/local/go/test/closure5.dir/a.go
/usr/local/go/test/closure5.go
/usr/local/go/test/codegen/addrcalc.go
/usr/local/go/test/codegen/issue22703.go
/usr/local/go/test/codegen/issue25378.go
/usr/local/go/test/codegen/issue38554.go
/usr/local/go/test/codegen/regabi_regalloc.go
/usr/local/go/test/codegen/retpoline.go
/usr/local/go/test/codegen/shortcircuit.go
/usr/local/go/test/codegen/smallintiface.go
/usr/local/go/test/convert1.go
/usr/local/go/test/copy1.go
/usr/local/go/test/crlf.go
/usr/local/go/test/ddd2.dir/ddd2.go
/usr/local/go/test/ddd2.go
/usr/local/go/test/dwarf/dwarf.dir/main.go
/usr/local/go/test/dwarf/dwarf.dir/z1.go
/usr/local/go/test/dwarf/dwarf.dir/z10.go
/usr/local/go/test/dwarf/dwarf.dir/z11.go
/usr/local/go/test/dwarf/dwarf.dir/z12.go
/usr/local/go/test/dwarf/dwarf.dir/z13.go
/usr/local/go/test/dwarf/dwarf.dir/z14.go
/usr/local/go/test/dwarf/dwarf.dir/z15.go
/usr/local/go/test/dwarf/dwarf.dir/z16.go
/usr/local/go/test/dwarf/dwarf.dir/z17.go
/usr/local/go/test/dwarf/dwarf.dir/z18.go
/usr/local/go/test/dwarf/dwarf.dir/z19.go
/usr/local/go/test/dwarf/dwarf.dir/z2.go
/usr/local/go/test/dwarf/dwarf.dir/z20.go
/usr/local/go/test/dwarf/dwarf.dir/z3.go
/usr/local/go/test/dwarf/dwarf.dir/z4.go
/usr/local/go/test/dwarf/dwarf.dir/z5.go
/usr/local/go/test/dwarf/dwarf.dir/z6.go
/usr/local/go/test/dwarf/dwarf.dir/z7.go
/usr/local/go/test/dwarf/dwarf.dir/z8.go
/usr/local/go/test/dwarf/dwarf.dir/z9.go
/usr/local/go/test/dwarf/dwarf.go
/usr/local/go/test/embedfunc.go
/usr/local/go/test/embedvers.go
/usr/local/go/test/empty.go
/usr/local/go/test/eof.go
/usr/local/go/test/eof1.go
/usr/local/go/test/escape_field.go
/usr/local/go/test/escape_hash_maphash.go
/usr/local/go/test/escape_runtime_atomic.go
/usr/local/go/test/escape_sync_atomic.go
/usr/local/go/test/fixedbugs/bug007.go
/usr/local/go/test/fixedbugs/bug009.go
/usr/local/go/test/fixedbugs/bug010.go
/usr/local/go/test/fixedbugs/bug013.go
/usr/local/go/test/fixedbugs/bug017.go
/usr/local/go/test/fixedbugs/bug020.go
/usr/local/go/test/fixedbugs/bug021.go
/usr/local/go/test/fixedbugs/bug024.go
/usr/local/go/test/fixedbugs/bug030.go
/usr/local/go/test/fixedbugs/bug035.go
/usr/local/go/test/fixedbugs/bug037.go
/usr/local/go/test/fixedbugs/bug039.go
/usr/local/go/test/fixedbugs/bug040.go
/usr/local/go/test/fixedbugs/bug047.go
/usr/local/go/test/fixedbugs/bug048.go
/usr/local/go/test/fixedbugs/bug053.go
/usr/local/go/test/fixedbugs/bug056.go
/usr/local/go/test/fixedbugs/bug057.go
/usr/local/go/test/fixedbugs/bug062.go
/usr/local/go/test/fixedbugs/bug065.go
/usr/local/go/test/fixedbugs/bug066.go
/usr/local/go/test/fixedbugs/bug072.go
/usr/local/go/test/fixedbugs/bug074.go
/usr/local/go/test/fixedbugs/bug080.go
/usr/local/go/test/fixedbugs/bug083.dir/bug0.go
/usr/local/go/test/fixedbugs/bug083.go
/usr/local/go/test/fixedbugs/bug085.go
/usr/local/go/test/fixedbugs/bug086.go
/usr/local/go/test/fixedbugs/bug088.dir/bug0.go
/usr/local/go/test/fixedbugs/bug088.dir/bug1.go
/usr/local/go/test/fixedbugs/bug089.go
/usr/local/go/test/fixedbugs/bug092.go
/usr/local/go/test/fixedbugs/bug096.go
/usr/local/go/test/fixedbugs/bug098.go
/usr/local/go/test/fixedbugs/bug103.go
/usr/local/go/test/fixedbugs/bug104.go
/usr/local/go/test/fixedbugs/bug106.dir/bug1.go
/usr/local/go/test/fixedbugs/bug107.go
/usr/local/go/test/fixedbugs/bug112.go
/usr/local/go/test/fixedbugs/bug115.go
/usr/local/go/test/fixedbugs/bug122.go
/usr/local/go/test/fixedbugs/bug132.go
/usr/local/go/test/fixedbugs/bug133.dir/bug0.go
/usr/local/go/test/fixedbugs/bug133.go
/usr/local/go/test/fixedbugs/bug145.go
/usr/local/go/test/fixedbugs/bug160.go
/usr/local/go/test/fixedbugs/bug165.go
/usr/local/go/test/fixedbugs/bug167.go
/usr/local/go/test/fixedbugs/bug171.go
/usr/local/go/test/fixedbugs/bug172.go
/usr/local/go/test/fixedbugs/bug175.go
/usr/local/go/test/fixedbugs/bug176.go
/usr/local/go/test/fixedbugs/bug181.go
/usr/local/go/test/fixedbugs/bug182.go
/usr/local/go/test/fixedbugs/bug189.go
/usr/local/go/test/fixedbugs/bug191.dir/a.go
/usr/local/go/test/fixedbugs/bug191.dir/b.go
/usr/local/go/test/fixedbugs/bug191.go
/usr/local/go/test/fixedbugs/bug198.go
/usr/local/go/test/fixedbugs/bug202.go
/usr/local/go/test/fixedbugs/bug203.go
/usr/local/go/test/fixedbugs/bug205.go
/usr/local/go/test/fixedbugs/bug208.go
/usr/local/go/test/fixedbugs/bug214.go
/usr/local/go/test/fixedbugs/bug222.dir/chanbug2.go
/usr/local/go/test/fixedbugs/bug223.go
/usr/local/go/test/fixedbugs/bug224.go
/usr/local/go/test/fixedbugs/bug228a.go
/usr/local/go/test/fixedbugs/bug233.go
/usr/local/go/test/fixedbugs/bug239.go
/usr/local/go/test/fixedbugs/bug240.go
/usr/local/go/test/fixedbugs/bug248.dir/bug0.go
/usr/local/go/test/fixedbugs/bug248.dir/bug1.go
/usr/local/go/test/fixedbugs/bug248.go
/usr/local/go/test/fixedbugs/bug252.go
/usr/local/go/test/fixedbugs/bug267.go
/usr/local/go/test/fixedbugs/bug275.go
/usr/local/go/test/fixedbugs/bug282.dir/p2.go
/usr/local/go/test/fixedbugs/bug287.go
/usr/local/go/test/fixedbugs/bug289.go
/usr/local/go/test/fixedbugs/bug290.go
/usr/local/go/test/fixedbugs/bug295.go
/usr/local/go/test/fixedbugs/bug302.dir/main.go
/usr/local/go/test/fixedbugs/bug304.go
/usr/local/go/test/fixedbugs/bug305.go
/usr/local/go/test/fixedbugs/bug306.dir/p2.go
/usr/local/go/test/fixedbugs/bug313.dir/b.go
/usr/local/go/test/fixedbugs/bug313.go
/usr/local/go/test/fixedbugs/bug315.go
/usr/local/go/test/fixedbugs/bug316.go
/usr/local/go/test/fixedbugs/bug322.go
/usr/local/go/test/fixedbugs/bug324.go
/usr/local/go/test/fixedbugs/bug326.go
/usr/local/go/test/fixedbugs/bug327.go
/usr/local/go/test/fixedbugs/bug330.go
/usr/local/go/test/fixedbugs/bug333.go
/usr/local/go/test/fixedbugs/bug335.dir/a.go
/usr/local/go/test/fixedbugs/bug335.go
/usr/local/go/test/fixedbugs/bug337.go
/usr/local/go/test/fixedbugs/bug341.go
/usr/local/go/test/fixedbugs/bug342.go
/usr/local/go/test/fixedbugs/bug345.dir/io.go
/usr/local/go/test/fixedbugs/bug345.dir/main.go
/usr/local/go/test/fixedbugs/bug345.go
/usr/local/go/test/fixedbugs/bug354.go
/usr/local/go/test/fixedbugs/bug365.go
/usr/local/go/test/fixedbugs/bug367.go
/usr/local/go/test/fixedbugs/bug377.dir/one.go
/usr/local/go/test/fixedbugs/bug377.dir/two.go
/usr/local/go/test/fixedbugs/bug377.go
/usr/local/go/test/fixedbugs/bug380.go
/usr/local/go/test/fixedbugs/bug381.go
/usr/local/go/test/fixedbugs/bug382.dir/pkg.go
/usr/local/go/test/fixedbugs/bug382.go
/usr/local/go/test/fixedbugs/bug385_32.go
/usr/local/go/test/fixedbugs/bug386.go
/usr/local/go/test/fixedbugs/bug389.go
/usr/local/go/test/fixedbugs/bug392.go
/usr/local/go/test/fixedbugs/bug396.go
/usr/local/go/test/fixedbugs/bug397.go
/usr/local/go/test/fixedbugs/bug404.go
/usr/local/go/test/fixedbugs/bug407.go
/usr/local/go/test/fixedbugs/bug411.go
/usr/local/go/test/fixedbugs/bug412.go
/usr/local/go/test/fixedbugs/bug413.go
/usr/local/go/test/fixedbugs/bug414.go
/usr/local/go/test/fixedbugs/bug415.go
/usr/local/go/test/fixedbugs/bug417.go
/usr/local/go/test/fixedbugs/bug418.go
/usr/local/go/test/fixedbugs/bug424.go
/usr/local/go/test/fixedbugs/bug430.go
/usr/local/go/test/fixedbugs/bug437.go
/usr/local/go/test/fixedbugs/bug448.go
/usr/local/go/test/fixedbugs/bug451.go
/usr/local/go/test/fixedbugs/bug460.dir/a.go
/usr/local/go/test/fixedbugs/bug460.go
/usr/local/go/test/fixedbugs/bug464.go
/usr/local/go/test/fixedbugs/bug465.go
/usr/local/go/test/fixedbugs/bug466.go
/usr/local/go/test/fixedbugs/bug467.go
/usr/local/go/test/fixedbugs/bug468.dir/p1.go
/usr/local/go/test/fixedbugs/bug468.go
/usr/local/go/test/fixedbugs/bug472.dir/z.go
/usr/local/go/test/fixedbugs/bug472.go
/usr/local/go/test/fixedbugs/bug475.go
/usr/local/go/test/fixedbugs/bug478.go
/usr/local/go/test/fixedbugs/bug479.go
/usr/local/go/test/fixedbugs/bug480.dir/a.go
/usr/local/go/test/fixedbugs/bug480.go
/usr/local/go/test/fixedbugs/bug481.go
/usr/local/go/test/fixedbugs/bug482.go
/usr/local/go/test/fixedbugs/bug486.go
/usr/local/go/test/fixedbugs/bug487.go
/usr/local/go/test/fixedbugs/bug488.dir/a.go
/usr/local/go/test/fixedbugs/bug488.dir/b.go
/usr/local/go/test/fixedbugs/bug488.go
/usr/local/go/test/fixedbugs/bug492.dir/a.go
/usr/local/go/test/fixedbugs/bug492.go
/usr/local/go/test/fixedbugs/bug493.go
/usr/local/go/test/fixedbugs/bug503.go
/usr/local/go/test/fixedbugs/bug504.dir/a.go
/usr/local/go/test/fixedbugs/bug504.go
/usr/local/go/test/fixedbugs/bug505.go
/usr/local/go/test/fixedbugs/bug506.dir/a.go
/usr/local/go/test/fixedbugs/bug506.go
/usr/local/go/test/fixedbugs/bug507.dir/a.go
/usr/local/go/test/fixedbugs/bug507.dir/b.go
/usr/local/go/test/fixedbugs/bug507.go
/usr/local/go/test/fixedbugs/bug508.go
/usr/local/go/test/fixedbugs/bug510.go
/usr/local/go/test/fixedbugs/bug511.go
/usr/local/go/test/fixedbugs/bug515.go
/usr/local/go/test/fixedbugs/gcc101994.go
/usr/local/go/test/fixedbugs/gcc61248.go
/usr/local/go/test/fixedbugs/gcc67968.go
/usr/local/go/test/fixedbugs/gcc80226.go
/usr/local/go/test/fixedbugs/issue10066.go
/usr/local/go/test/fixedbugs/issue10135.go
/usr/local/go/test/fixedbugs/issue10219.go
/usr/local/go/test/fixedbugs/issue10320.go
/usr/local/go/test/fixedbugs/issue10700.dir/other.go
/usr/local/go/test/fixedbugs/issue10700.go
/usr/local/go/test/fixedbugs/issue11053.dir/p.go
/usr/local/go/test/fixedbugs/issue11053.go
/usr/local/go/test/fixedbugs/issue11326.go
/usr/local/go/test/fixedbugs/issue11354.go
/usr/local/go/test/fixedbugs/issue11362.go
/usr/local/go/test/fixedbugs/issue11656.dir/asm.go
/usr/local/go/test/fixedbugs/issue11656.dir/asm_generic.go
/usr/local/go/test/fixedbugs/issue11656.go
/usr/local/go/test/fixedbugs/issue11699.go
/usr/local/go/test/fixedbugs/issue12536.go
/usr/local/go/test/fixedbugs/issue12677.go
/usr/local/go/test/fixedbugs/issue13365.go
/usr/local/go/test/fixedbugs/issue13777.dir/burnin.go
/usr/local/go/test/fixedbugs/issue13777.dir/main.go
/usr/local/go/test/fixedbugs/issue13777.go
/usr/local/go/test/fixedbugs/issue13779.go
/usr/local/go/test/fixedbugs/issue13821.go
/usr/local/go/test/fixedbugs/issue14010.go
/usr/local/go/test/fixedbugs/issue14136.go
/usr/local/go/test/fixedbugs/issue14164.dir/main.go
/usr/local/go/test/fixedbugs/issue14331.go
/usr/local/go/test/fixedbugs/issue14652.go
/usr/local/go/test/fixedbugs/issue15071.go
/usr/local/go/test/fixedbugs/issue15141.go
/usr/local/go/test/fixedbugs/issue15470.dir/b.go
/usr/local/go/test/fixedbugs/issue15470.go
/usr/local/go/test/fixedbugs/issue15514.dir/a.go
/usr/local/go/test/fixedbugs/issue15514.go
/usr/local/go/test/fixedbugs/issue15548.dir/c.go
/usr/local/go/test/fixedbugs/issue15548.go
/usr/local/go/test/fixedbugs/issue15572.go
/usr/local/go/test/fixedbugs/issue15602.go
/usr/local/go/test/fixedbugs/issue15609.dir/call.go
/usr/local/go/test/fixedbugs/issue15609.dir/call_decl.go
/usr/local/go/test/fixedbugs/issue15609.dir/main.go
/usr/local/go/test/fixedbugs/issue15609.go
/usr/local/go/test/fixedbugs/issue15646.go
/usr/local/go/test/fixedbugs/issue15838.go
/usr/local/go/test/fixedbugs/issue15902.go
/usr/local/go/test/fixedbugs/issue15920.dir/a.go
/usr/local/go/test/fixedbugs/issue15920.dir/b.go
/usr/local/go/test/fixedbugs/issue15920.go
/usr/local/go/test/fixedbugs/issue15988.go
/usr/local/go/test/fixedbugs/issue15992.go
/usr/local/go/test/fixedbugs/issue16133.dir/a1.go
/usr/local/go/test/fixedbugs/issue16133.dir/a2.go
/usr/local/go/test/fixedbugs/issue16133.dir/c.go
/usr/local/go/test/fixedbugs/issue16133.go
/usr/local/go/test/fixedbugs/issue16317.go
/usr/local/go/test/fixedbugs/issue16616.dir/a.go
/usr/local/go/test/fixedbugs/issue16616.go
/usr/local/go/test/fixedbugs/issue16733.go
/usr/local/go/test/fixedbugs/issue17194.go
/usr/local/go/test/fixedbugs/issue17596.go
/usr/local/go/test/fixedbugs/issue17645.go
/usr/local/go/test/fixedbugs/issue17752.go
/usr/local/go/test/fixedbugs/issue17758.go
/usr/local/go/test/fixedbugs/issue18089.go
/usr/local/go/test/fixedbugs/issue18231.go
/usr/local/go/test/fixedbugs/issue18331.go
/usr/local/go/test/fixedbugs/issue18392.go
/usr/local/go/test/fixedbugs/issue18419.go
/usr/local/go/test/fixedbugs/issue18459.go
/usr/local/go/test/fixedbugs/issue18882.go
/usr/local/go/test/fixedbugs/issue18895.go
/usr/local/go/test/fixedbugs/issue18911.go
/usr/local/go/test/fixedbugs/issue19028.go
/usr/local/go/test/fixedbugs/issue19084.go
/usr/local/go/test/fixedbugs/issue19137.go
/usr/local/go/test/fixedbugs/issue19261.dir/p.go
/usr/local/go/test/fixedbugs/issue19261.go
/usr/local/go/test/fixedbugs/issue19467.go
/usr/local/go/test/fixedbugs/issue19507.dir/main.go
/usr/local/go/test/fixedbugs/issue19507.go
/usr/local/go/test/fixedbugs/issue19548.go
/usr/local/go/test/fixedbugs/issue19671.go
/usr/local/go/test/fixedbugs/issue19699.go
/usr/local/go/test/fixedbugs/issue19705.go
/usr/local/go/test/fixedbugs/issue19764.go
/usr/local/go/test/fixedbugs/issue19880.go
/usr/local/go/test/fixedbugs/issue20014.go
/usr/local/go/test/fixedbugs/issue20298.go
/usr/local/go/test/fixedbugs/issue20415.go
/usr/local/go/test/fixedbugs/issue20602.go
/usr/local/go/test/fixedbugs/issue20682.go
/usr/local/go/test/fixedbugs/issue20739.go
/usr/local/go/test/fixedbugs/issue20780.go
/usr/local/go/test/fixedbugs/issue20812.go
/usr/local/go/test/fixedbugs/issue21048.go
/usr/local/go/test/fixedbugs/issue21120.dir/a.go
/usr/local/go/test/fixedbugs/issue21120.go
/usr/local/go/test/fixedbugs/issue21256.go
/usr/local/go/test/fixedbugs/issue21770.go
/usr/local/go/test/fixedbugs/issue22305.go
/usr/local/go/test/fixedbugs/issue22327.go
/usr/local/go/test/fixedbugs/issue22794.go
/usr/local/go/test/fixedbugs/issue22877.dir/p.go
/usr/local/go/test/fixedbugs/issue22877.go
/usr/local/go/test/fixedbugs/issue22941.dir/a.go
/usr/local/go/test/fixedbugs/issue22941.go
/usr/local/go/test/fixedbugs/issue22962.dir/a.go
/usr/local/go/test/fixedbugs/issue22962.go
/usr/local/go/test/fixedbugs/issue23094.go
/usr/local/go/test/fixedbugs/issue23179.dir/a.go
/usr/local/go/test/fixedbugs/issue23179.go
/usr/local/go/test/fixedbugs/issue23311.dir/main.go
/usr/local/go/test/fixedbugs/issue23311.go
/usr/local/go/test/fixedbugs/issue23536.go
/usr/local/go/test/fixedbugs/issue23732.go
/usr/local/go/test/fixedbugs/issue24173.go
/usr/local/go/test/fixedbugs/issue24693.go
/usr/local/go/test/fixedbugs/issue24761.go
/usr/local/go/test/fixedbugs/issue24801.dir/a.go
/usr/local/go/test/fixedbugs/issue24939.go
/usr/local/go/test/fixedbugs/issue25055.dir/a.go
/usr/local/go/test/fixedbugs/issue25055.go
/usr/local/go/test/fixedbugs/issue25101.go
/usr/local/go/test/fixedbugs/issue25322.go
/usr/local/go/test/fixedbugs/issue25741.go
/usr/local/go/test/fixedbugs/issue25984.go
/usr/local/go/test/fixedbugs/issue26340.go
/usr/local/go/test/fixedbugs/issue26341.go
/usr/local/go/test/fixedbugs/issue26616.go
/usr/local/go/test/fixedbugs/issue26855.go
/usr/local/go/test/fixedbugs/issue27267.go
/usr/local/go/test/fixedbugs/issue27356.go
/usr/local/go/test/fixedbugs/issue27595.go
/usr/local/go/test/fixedbugs/issue27836.dir/Ämain.go
/usr/local/go/test/fixedbugs/issue27836.go
/usr/local/go/test/fixedbugs/issue28058.go
/usr/local/go/test/fixedbugs/issue28430.go
/usr/local/go/test/fixedbugs/issue29013b.go
/usr/local/go/test/fixedbugs/issue29350.go
/usr/local/go/test/fixedbugs/issue29610.dir/a.go
/usr/local/go/test/fixedbugs/issue29610.go
/usr/local/go/test/fixedbugs/issue29612.go
/usr/local/go/test/fixedbugs/issue29870b.go
/usr/local/go/test/fixedbugs/issue29919.dir/main.go
/usr/local/go/test/fixedbugs/issue29919.go
/usr/local/go/test/fixedbugs/issue30085.go
/usr/local/go/test/fixedbugs/issue30087.go
/usr/local/go/test/fixedbugs/issue30659.dir/b.go
/usr/local/go/test/fixedbugs/issue30659.go
/usr/local/go/test/fixedbugs/issue30862.go
/usr/local/go/test/fixedbugs/issue30898.go
/usr/local/go/test/fixedbugs/issue30907.dir/a.go
/usr/local/go/test/fixedbugs/issue30907.go
/usr/local/go/test/fixedbugs/issue30908.go
/usr/local/go/test/fixedbugs/issue31053.go
/usr/local/go/test/fixedbugs/issue31252.dir/c.go
/usr/local/go/test/fixedbugs/issue31252.go
/usr/local/go/test/fixedbugs/issue31636.dir/a.go
/usr/local/go/test/fixedbugs/issue31636.dir/b.go
/usr/local/go/test/fixedbugs/issue31636.dir/c.go
/usr/local/go/test/fixedbugs/issue31636.dir/main.go
/usr/local/go/test/fixedbugs/issue31636.go
/usr/local/go/test/fixedbugs/issue31637.go
/usr/local/go/test/fixedbugs/issue31782.go
/usr/local/go/test/fixedbugs/issue31959.dir/a.go
/usr/local/go/test/fixedbugs/issue31959.dir/main.go
/usr/local/go/test/fixedbugs/issue31959.go
/usr/local/go/test/fixedbugs/issue32175.go
/usr/local/go/test/fixedbugs/issue32595.dir/a.go
/usr/local/go/test/fixedbugs/issue32595.dir/main.go
/usr/local/go/test/fixedbugs/issue32595.go
/usr/local/go/test/fixedbugs/issue32778.go
/usr/local/go/test/fixedbugs/issue32901.dir/a.go
/usr/local/go/test/fixedbugs/issue32901.go
/usr/local/go/test/fixedbugs/issue32922.go
/usr/local/go/test/fixedbugs/issue33013.dir/a.go
/usr/local/go/test/fixedbugs/issue33013.dir/c.go
/usr/local/go/test/fixedbugs/issue33013.dir/d.go
/usr/local/go/test/fixedbugs/issue33013.go
/usr/local/go/test/fixedbugs/issue33020.dir/a.go
/usr/local/go/test/fixedbugs/issue33020.go
/usr/local/go/test/fixedbugs/issue33020a.dir/a.go
/usr/local/go/test/fixedbugs/issue33020a.go
/usr/local/go/test/fixedbugs/issue33158.go
/usr/local/go/test/fixedbugs/issue33219.dir/a.go
/usr/local/go/test/fixedbugs/issue33219.dir/c.go
/usr/local/go/test/fixedbugs/issue33219.go
/usr/local/go/test/fixedbugs/issue33275_run.go
/usr/local/go/test/fixedbugs/issue33739.dir/a.go
/usr/local/go/test/fixedbugs/issue33739.go
/usr/local/go/test/fixedbugs/issue33866.go
/usr/local/go/test/fixedbugs/issue34503.go
/usr/local/go/test/fixedbugs/issue34577.go
/usr/local/go/test/fixedbugs/issue34723.go
/usr/local/go/test/fixedbugs/issue35291.go
/usr/local/go/test/fixedbugs/issue35518.go
/usr/local/go/test/fixedbugs/issue3552.go
/usr/local/go/test/fixedbugs/issue35576.go
/usr/local/go/test/fixedbugs/issue35586.dir/a.go
/usr/local/go/test/fixedbugs/issue35586.go
/usr/local/go/test/fixedbugs/issue35739.go
/usr/local/go/test/fixedbugs/issue36085.dir/a.go
/usr/local/go/test/fixedbugs/issue36085.go
/usr/local/go/test/fixedbugs/issue3705.go
/usr/local/go/test/fixedbugs/issue37513.go
/usr/local/go/test/fixedbugs/issue37837.go
/usr/local/go/test/fixedbugs/issue38117.go
/usr/local/go/test/fixedbugs/issue3925.go
/usr/local/go/test/fixedbugs/issue40252.dir/a.go
/usr/local/go/test/fixedbugs/issue40252.go
/usr/local/go/test/fixedbugs/issue41247.go
/usr/local/go/test/fixedbugs/issue42284.go
/usr/local/go/test/fixedbugs/issue42401.dir/a.go
/usr/local/go/test/fixedbugs/issue42401.go
/usr/local/go/test/fixedbugs/issue4252.go
/usr/local/go/test/fixedbugs/issue42727.go
/usr/local/go/test/fixedbugs/issue42784.go
/usr/local/go/test/fixedbugs/issue43164.dir/a.go
/usr/local/go/test/fixedbugs/issue43164.dir/b.go
/usr/local/go/test/fixedbugs/issue43164.go
/usr/local/go/test/fixedbugs/issue43167.go
/usr/local/go/test/fixedbugs/issue4326.go
/usr/local/go/test/fixedbugs/issue43479.go
/usr/local/go/test/fixedbugs/issue43551.go
/usr/local/go/test/fixedbugs/issue4359.go
/usr/local/go/test/fixedbugs/issue43633.go
/usr/local/go/test/fixedbugs/issue4370.go
/usr/local/go/test/fixedbugs/issue43701.go
/usr/local/go/test/fixedbugs/issue43962.dir/a.go
/usr/local/go/test/fixedbugs/issue43962.go
/usr/local/go/test/fixedbugs/issue4396b.go
/usr/local/go/test/fixedbugs/issue44325.dir/a.go
/usr/local/go/test/fixedbugs/issue44325.dir/b.go
/usr/local/go/test/fixedbugs/issue44325.go
/usr/local/go/test/fixedbugs/issue44330.dir/a.go
/usr/local/go/test/fixedbugs/issue44330.dir/b.go
/usr/local/go/test/fixedbugs/issue44330.go
/usr/local/go/test/fixedbugs/issue44335.dir/a.go
/usr/local/go/test/fixedbugs/issue44335.go
/usr/local/go/test/fixedbugs/issue44355.dir/a.go
/usr/local/go/test/fixedbugs/issue44355.go
/usr/local/go/test/fixedbugs/issue44370.dir/a.go
/usr/local/go/test/fixedbugs/issue44370.go
/usr/local/go/test/fixedbugs/issue44432.go
/usr/local/go/test/fixedbugs/issue4452.go
/usr/local/go/test/fixedbugs/issue44732.dir/foo/foo.go
/usr/local/go/test/fixedbugs/issue44732.dir/main.go
/usr/local/go/test/fixedbugs/issue44732.go
/usr/local/go/test/fixedbugs/issue4510.dir/f2.go
/usr/local/go/test/fixedbugs/issue4510.go
/usr/local/go/test/fixedbugs/issue4517a.go
/usr/local/go/test/fixedbugs/issue4517c.go
/usr/local/go/test/fixedbugs/issue4517d.go
/usr/local/go/test/fixedbugs/issue45503.go
/usr/local/go/test/fixedbugs/issue4590.go
/usr/local/go/test/fixedbugs/issue4610.go
/usr/local/go/test/fixedbugs/issue46653.go
/usr/local/go/test/fixedbugs/issue47068.dir/main.go
/usr/local/go/test/fixedbugs/issue47068.go
/usr/local/go/test/fixedbugs/issue47087.go
/usr/local/go/test/fixedbugs/issue47131.go
/usr/local/go/test/fixedbugs/issue47185.go
/usr/local/go/test/fixedbugs/issue47201.dir/a.go
/usr/local/go/test/fixedbugs/issue47201.dir/b.go
/usr/local/go/test/fixedbugs/issue47201.go
/usr/local/go/test/fixedbugs/issue47317.go
/usr/local/go/test/fixedbugs/issue48088.go
/usr/local/go/test/fixedbugs/issue48097.go
/usr/local/go/test/fixedbugs/issue48230.go
/usr/local/go/test/fixedbugs/issue48301.go
/usr/local/go/test/fixedbugs/issue48459.go
/usr/local/go/test/fixedbugs/issue4847.go
/usr/local/go/test/fixedbugs/issue4879.dir/a.go
/usr/local/go/test/fixedbugs/issue4879.go
/usr/local/go/test/fixedbugs/issue48834.go
/usr/local/go/test/fixedbugs/issue48835.go
/usr/local/go/test/fixedbugs/issue49005a.go
/usr/local/go/test/fixedbugs/issue49005b.go
/usr/local/go/test/fixedbugs/issue49016.dir/e.go
/usr/local/go/test/fixedbugs/issue49016.go
/usr/local/go/test/fixedbugs/issue49094.go
/usr/local/go/test/fixedbugs/issue49143.dir/p.go
/usr/local/go/test/fixedbugs/issue49143.go
/usr/local/go/test/fixedbugs/issue4932.dir/foo.go
/usr/local/go/test/fixedbugs/issue4932.go
/usr/local/go/test/fixedbugs/issue49611.go
/usr/local/go/test/fixedbugs/issue49619.go
/usr/local/go/test/fixedbugs/issue4964.dir/a.go
/usr/local/go/test/fixedbugs/issue4964.go
/usr/local/go/test/fixedbugs/issue5105.dir/a.go
/usr/local/go/test/fixedbugs/issue5105.go
/usr/local/go/test/fixedbugs/issue5125.dir/bug.go
/usr/local/go/test/fixedbugs/issue5125.dir/main.go
/usr/local/go/test/fixedbugs/issue5125.go
/usr/local/go/test/fixedbugs/issue51531.go
/usr/local/go/test/fixedbugs/issue5259.dir/bug.go
/usr/local/go/test/fixedbugs/issue5259.go
/usr/local/go/test/fixedbugs/issue5260.go
/usr/local/go/test/fixedbugs/issue5291.dir/prog.go
/usr/local/go/test/fixedbugs/issue5291.go
/usr/local/go/test/fixedbugs/issue5358.go
/usr/local/go/test/fixedbugs/issue5470.go
/usr/local/go/test/fixedbugs/issue5607.go
/usr/local/go/test/fixedbugs/issue5614.go
/usr/local/go/test/fixedbugs/issue5698.go
/usr/local/go/test/fixedbugs/issue5755.go
/usr/local/go/test/fixedbugs/issue5910.go
/usr/local/go/test/fixedbugs/issue5957.dir/a.go
/usr/local/go/test/fixedbugs/issue5957.dir/b.go
/usr/local/go/test/fixedbugs/issue5957.dir/c.go
/usr/local/go/test/fixedbugs/issue5957.go
/usr/local/go/test/fixedbugs/issue6004.go
/usr/local/go/test/fixedbugs/issue6295.go
/usr/local/go/test/fixedbugs/issue6402.go
/usr/local/go/test/fixedbugs/issue6405.go
/usr/local/go/test/fixedbugs/issue6406.go
/usr/local/go/test/fixedbugs/issue6428.go
/usr/local/go/test/fixedbugs/issue6513.dir/main.go
/usr/local/go/test/fixedbugs/issue6513.go
/usr/local/go/test/fixedbugs/issue6572.go
/usr/local/go/test/fixedbugs/issue6703a.go
/usr/local/go/test/fixedbugs/issue6703b.go
/usr/local/go/test/fixedbugs/issue6789.dir/a.go
/usr/local/go/test/fixedbugs/issue6789.go
/usr/local/go/test/fixedbugs/issue7023.dir/b.go
/usr/local/go/test/fixedbugs/issue7023.go
/usr/local/go/test/fixedbugs/issue7044.go
/usr/local/go/test/fixedbugs/issue7129.go
/usr/local/go/test/fixedbugs/issue7150.go
/usr/local/go/test/fixedbugs/issue7153.go
/usr/local/go/test/fixedbugs/issue7525b.go
/usr/local/go/test/fixedbugs/issue7525c.go
/usr/local/go/test/fixedbugs/issue7547.go
/usr/local/go/test/fixedbugs/issue7590.go
/usr/local/go/test/fixedbugs/issue7648.dir/a.go
/usr/local/go/test/fixedbugs/issue7648.go
/usr/local/go/test/fixedbugs/issue7995b.go
/usr/local/go/test/fixedbugs/issue7996.go
/usr/local/go/test/fixedbugs/issue8047b.go
/usr/local/go/test/fixedbugs/issue8060.dir/a.go
/usr/local/go/test/fixedbugs/issue8060.go
/usr/local/go/test/fixedbugs/issue8079.go
/usr/local/go/test/fixedbugs/issue8280.dir/a.go
/usr/local/go/test/fixedbugs/issue8280.go
/usr/local/go/test/fixedbugs/issue8438.go
/usr/local/go/test/fixedbugs/issue8440.go
/usr/local/go/test/fixedbugs/issue8501.go
/usr/local/go/test/fixedbugs/issue8745.go
/usr/local/go/test/fixedbugs/issue9355.dir/a.go
/usr/local/go/test/fixedbugs/issue9432.go
/usr/local/go/test/fixedbugs/issue9537.go
/usr/local/go/test/fixedbugs/issue9608.go
/usr/local/go/test/func1.go
/usr/local/go/test/func3.go
/usr/local/go/test/func4.go
/usr/local/go/test/funcdup2.go
/usr/local/go/test/helloworld.go
/usr/local/go/test/import2.go
/usr/local/go/test/import4.dir/empty.go
/usr/local/go/test/import4.go
/usr/local/go/test/init.go
/usr/local/go/test/initializerr.go
/usr/local/go/test/inline_sync.go
/usr/local/go/test/inline_variadic.go
/usr/local/go/test/interface/convert1.go
/usr/local/go/test/interface/convert2.go
/usr/local/go/test/interface/embed1.go
/usr/local/go/test/interface/embed3.go
/usr/local/go/test/interface/private.go
/usr/local/go/test/interface/recursive1.go
/usr/local/go/test/intrinsic.go
/usr/local/go/test/linkmain.go
/usr/local/go/test/linkname.go
/usr/local/go/test/linkname2.go
/usr/local/go/test/linkname3.go
/usr/local/go/test/live2.go
/usr/local/go/test/live_syscall.go
/usr/local/go/test/mainsig.go
/usr/local/go/test/method4.go
/usr/local/go/test/recover5.go
/usr/local/go/test/retjmp.dir/main.go
/usr/local/go/test/retjmp.go
/usr/local/go/test/typeparam/absdiffimp.dir/main.go
/usr/local/go/test/typeparam/absdiffimp.go
/usr/local/go/test/typeparam/absdiffimp2.go
/usr/local/go/test/typeparam/aliasimp.dir/a.go
/usr/local/go/test/typeparam/aliasimp.go
/usr/local/go/test/typeparam/chansimp.go
/usr/local/go/test/typeparam/dedup.dir/main.go
/usr/local/go/test/typeparam/dedup.go
/usr/local/go/test/typeparam/factimp.go
/usr/local/go/test/typeparam/gencrawler.go
/usr/local/go/test/typeparam/geninline.go
/usr/local/go/test/typeparam/issue23536.go
/usr/local/go/test/typeparam/issue45547.go
/usr/local/go/test/typeparam/issue46461b.go
/usr/local/go/test/typeparam/issue47514c.dir/a.go
/usr/local/go/test/typeparam/issue47514c.go
/usr/local/go/test/typeparam/issue47775.go
/usr/local/go/test/typeparam/issue47892.go
/usr/local/go/test/typeparam/issue47892b.go
/usr/local/go/test/typeparam/issue47929.go
/usr/local/go/test/typeparam/issue47966.go
/usr/local/go/test/typeparam/issue48094.go
/usr/local/go/test/typeparam/issue48094b.go
/usr/local/go/test/typeparam/issue48185a.go
/usr/local/go/test/typeparam/issue48185b.go
/usr/local/go/test/typeparam/issue48280.dir/a.go
/usr/local/go/test/typeparam/issue48280.go
/usr/local/go/test/typeparam/issue48306.dir/a.go
/usr/local/go/test/typeparam/issue48306.go
/usr/local/go/test/typeparam/issue48337a.go
/usr/local/go/test/typeparam/issue48337b.dir/a.go
/usr/local/go/test/typeparam/issue48337b.go
/usr/local/go/test/typeparam/issue48454.go
/usr/local/go/test/typeparam/issue48462.dir/main.go
/usr/local/go/test/typeparam/issue48462.go
/usr/local/go/test/typeparam/issue48716.go
/usr/local/go/test/typeparam/issue48962.go
/usr/local/go/test/typeparam/issue49027.go
/usr/local/go/test/typeparam/issue49241.dir/a.go
/usr/local/go/test/typeparam/issue49241.go
/usr/local/go/test/typeparam/issue49246.go
/usr/local/go/test/typeparam/issue49309.go
/usr/local/go/test/typeparam/issue49497.go
/usr/local/go/test/typeparam/issue49524.dir/a.go
/usr/local/go/test/typeparam/issue49524.go
/usr/local/go/test/typeparam/issue49611.go
/usr/local/go/test/typeparam/issue49659.go
/usr/local/go/test/typeparam/issue49667.go
/usr/local/go/test/typeparam/issue49893.go
/usr/local/go/test/typeparam/issue50121.dir/main.go
/usr/local/go/test/typeparam/issue50121.go
/usr/local/go/test/typeparam/issue50121b.dir/b.go
/usr/local/go/test/typeparam/issue50121b.dir/c.go
/usr/local/go/test/typeparam/issue50121b.dir/d.go
/usr/local/go/test/typeparam/issue50121b.go
/usr/local/go/test/typeparam/issue50259.go
/usr/local/go/test/typeparam/issue50417.go
/usr/local/go/test/typeparam/issue50417b.go
/usr/local/go/test/typeparam/issue50437.go
/usr/local/go/test/typeparam/issue50481b.go
/usr/local/go/test/typeparam/issue50481c.dir/main.go
/usr/local/go/test/typeparam/issue50481c.go
/usr/local/go/test/typeparam/issue50485.dir/main.go
/usr/local/go/test/typeparam/issue50485.go
/usr/local/go/test/typeparam/issue50486.dir/main.go
/usr/local/go/test/typeparam/issue50486.go
/usr/local/go/test/typeparam/issue50552.go
/usr/local/go/test/typeparam/issue50561.dir/main.go
/usr/local/go/test/typeparam/issue50561.go
/usr/local/go/test/typeparam/issue50598.go
/usr/local/go/test/typeparam/issue50841.go
/usr/local/go/test/typeparam/issue51219.dir/main.go
/usr/local/go/test/typeparam/issue51219.go
/usr/local/go/test/typeparam/issue51219b.dir/p.go
/usr/local/go/test/typeparam/issue51219b.go
/usr/local/go/test/typeparam/issue51250a.dir/a.go
/usr/local/go/test/typeparam/issue51250a.go
/usr/local/go/test/typeparam/issue51367.dir/main.go
/usr/local/go/test/typeparam/issue51367.go
/usr/local/go/test/typeparam/issue51423.go
/usr/local/go/test/typeparam/issue51836.dir/a.go
/usr/local/go/test/typeparam/issue51836.dir/aa.go
/usr/local/go/test/typeparam/issue51836.dir/p.go
/usr/local/go/test/typeparam/issue51836.go
/usr/local/go/test/typeparam/issue52117.go
/usr/local/go/test/typeparam/listimp.go
/usr/local/go/test/typeparam/listimp2.go
/usr/local/go/test/typeparam/mapimp.dir/a.go
/usr/local/go/test/typeparam/mapimp.go
/usr/local/go/test/typeparam/mapsimp.go
/usr/local/go/test/typeparam/mdempsky/1.dir/a.go
/usr/local/go/test/typeparam/mdempsky/1.go
/usr/local/go/test/typeparam/mdempsky/10.dir/a.go
/usr/local/go/test/typeparam/mdempsky/10.go
/usr/local/go/test/typeparam/mdempsky/12.dir/a.go
/usr/local/go/test/typeparam/mdempsky/12.dir/main.go
/usr/local/go/test/typeparam/mdempsky/12.go
/usr/local/go/test/typeparam/mdempsky/3.go
/usr/local/go/test/typeparam/mdempsky/4.go
/usr/local/go/test/typeparam/mdempsky/6.go
/usr/local/go/test/typeparam/mdempsky/7.dir/a.go
/usr/local/go/test/typeparam/mdempsky/7.go
/usr/local/go/test/typeparam/mdempsky/8.go
/usr/local/go/test/typeparam/mincheck.go
/usr/local/go/test/typeparam/minimp.go
/usr/local/go/test/typeparam/mutualimp.go
/usr/local/go/test/typeparam/orderedmapsimp.go
/usr/local/go/test/typeparam/pairimp.go
/usr/local/go/test/typeparam/pragma.go
/usr/local/go/test/typeparam/recoverimp.go
/usr/local/go/test/typeparam/select.go
/usr/local/go/test/typeparam/setsimp.go
/usr/local/go/test/typeparam/sliceimp.go
/usr/local/go/test/typeparam/stringerimp.dir/a.go
/usr/local/go/test/typeparam/stringerimp.go
/usr/local/go/test/typeparam/structinit.go
/usr/local/go/test/typeparam/valimp.go
/usr/local/go/test/uintptrescapes.go
/usr/local/go/test/varerr.go
gc.go
internal/ebnf/main.go
internal/ebnf/testdata/parser/1.go
internal/ebnf/testdata/parser/2.go
