/usr/local/go/misc/cgo/test/backdoor.go
/usr/local/go/misc/cgo/test/testdata/issue23555.go
/usr/local/go/misc/cgo/test/testdata/issue26430.go
/usr/local/go/misc/cgo/test/testdata/issue26743.go
/usr/local/go/misc/cgo/test/testdata/issue29563.go
/usr/local/go/misc/cgo/test/testdata/issue43639.go
/usr/local/go/misc/cgo/test/testdata/issue9400/stubs.go
/usr/local/go/misc/cgo/testplugin/altpath/testdata/common/common.go
/usr/local/go/misc/cgo/testplugin/testdata/common/common.go
/usr/local/go/misc/cgo/testplugin/testdata/issue19418/plugin.go
/usr/local/go/misc/cgo/testplugin/testdata/issue19534/plugin.go
/usr/local/go/misc/cgo/testplugin/testdata/issue22175/plugin2.go
/usr/local/go/misc/cgo/testplugin/testdata/issue44956/base/base.go
/usr/local/go/misc/cgo/testplugin/testdata/issue44956/plugin1.go
/usr/local/go/misc/cgo/testshared/testdata/depBase/gccgo.go
/usr/local/go/misc/cgo/testshared/testdata/depBase/stubs.go
/usr/local/go/misc/cgo/testshared/testdata/implicit/implicit.go
/usr/local/go/misc/cgo/testshared/testdata/issue30768/issue30768lib/lib.go
/usr/local/go/misc/cgo/testshared/testdata/issue39777/b/b.go
/usr/local/go/misc/cgo/testso/noso_test.go
/usr/local/go/misc/cgo/testsovar/noso_test.go
/usr/local/go/src/bytes/export_test.go
/usr/local/go/src/cmd/api/testdata/src/issue21181/dep/p_amd64.go
/usr/local/go/src/cmd/asm/doc.go
/usr/local/go/src/cmd/buildid/doc.go
/usr/local/go/src/cmd/cgo/doc.go
/usr/local/go/src/cmd/compile/doc.go
/usr/local/go/src/cmd/compile/internal/importer/testdata/issue15920.go
/usr/local/go/src/cmd/compile/internal/importer/testdata/versions/test.go
/usr/local/go/src/cmd/compile/internal/ir/ir.go
/usr/local/go/src/cmd/compile/internal/ir/symtab.go
/usr/local/go/src/cmd/compile/internal/ssagen/arch.go
/usr/local/go/src/cmd/compile/internal/test/test.go
/usr/local/go/src/cmd/compile/internal/types2/testdata/fixedbugs/issue51509.go
/usr/local/go/src/cmd/cover/doc.go
/usr/local/go/src/cmd/cover/testdata/p.go
/usr/local/go/src/cmd/dist/doc.go
/usr/local/go/src/cmd/dist/sys_default.go
/usr/local/go/src/cmd/dist/util_gc.go
/usr/local/go/src/cmd/dist/util_gccgo.go
/usr/local/go/src/cmd/doc/testdata/merge/aa.go
/usr/local/go/src/cmd/doc/testdata/merge/bb.go
/usr/local/go/src/cmd/doc/testdata/nested/empty/empty.go
/usr/local/go/src/cmd/doc/testdata/nested/ignore.go
/usr/local/go/src/cmd/doc/testdata/nested/nested/real.go
/usr/local/go/src/cmd/fix/doc.go
/usr/local/go/src/cmd/go/alldocs.go
/usr/local/go/src/cmd/go/internal/imports/testdata/android/.h.go
/usr/local/go/src/cmd/go/internal/imports/testdata/android/a_android.go
/usr/local/go/src/cmd/go/internal/imports/testdata/android/b_android_arm64.go
/usr/local/go/src/cmd/go/internal/imports/testdata/android/c_linux.go
/usr/local/go/src/cmd/go/internal/imports/testdata/android/d_linux_arm64.go
/usr/local/go/src/cmd/go/internal/imports/testdata/android/e.go
/usr/local/go/src/cmd/go/internal/imports/testdata/android/f.go
/usr/local/go/src/cmd/go/internal/imports/testdata/android/g.go
/usr/local/go/src/cmd/go/internal/imports/testdata/illumos/.h.go
/usr/local/go/src/cmd/go/internal/imports/testdata/illumos/a_illumos.go
/usr/local/go/src/cmd/go/internal/imports/testdata/illumos/b_illumos_amd64.go
/usr/local/go/src/cmd/go/internal/imports/testdata/illumos/c_solaris.go
/usr/local/go/src/cmd/go/internal/imports/testdata/illumos/d_solaris_amd64.go
/usr/local/go/src/cmd/go/internal/imports/testdata/illumos/e.go
/usr/local/go/src/cmd/go/internal/imports/testdata/illumos/f.go
/usr/local/go/src/cmd/go/internal/imports/testdata/illumos/g.go
/usr/local/go/src/cmd/go/internal/modfetch/key.go
/usr/local/go/src/cmd/go/testdata/modlegacy/src/new/new.go
/usr/local/go/src/cmd/go/testdata/modlegacy/src/new/p1/p1.go
/usr/local/go/src/cmd/go/testdata/modlegacy/src/new/p2/p2.go
/usr/local/go/src/cmd/go/testdata/modlegacy/src/new/sub/inner/x/x.go
/usr/local/go/src/cmd/go/testdata/modlegacy/src/new/sub/x/v1/y/y.go
/usr/local/go/src/cmd/go/testdata/modlegacy/src/old/p1/p1.go
/usr/local/go/src/cmd/go/testdata/modlegacy/src/old/p2/p2.go
/usr/local/go/src/cmd/gofmt/doc.go
/usr/local/go/src/cmd/internal/obj/arm64/doc.go
/usr/local/go/src/cmd/internal/obj/ppc64/doc.go
/usr/local/go/src/cmd/link/doc.go
/usr/local/go/src/cmd/link/internal/ld/testdata/issue10978/main.go
/usr/local/go/src/cmd/link/internal/ld/testdata/issue38192/main.go
/usr/local/go/src/cmd/link/internal/sym/segment.go
/usr/local/go/src/cmd/link/testdata/pe-binutils/main.go
/usr/local/go/src/cmd/link/testdata/pe-llvm/main.go
/usr/local/go/src/cmd/nm/doc.go
/usr/local/go/src/cmd/objdump/testdata/testfilenum/a.go
/usr/local/go/src/cmd/objdump/testdata/testfilenum/b.go
/usr/local/go/src/cmd/objdump/testdata/testfilenum/c.go
/usr/local/go/src/cmd/pack/doc.go
/usr/local/go/src/cmd/pprof/doc.go
/usr/local/go/src/cmd/trace/doc.go
/usr/local/go/src/cmd/vendor/golang.org/x/arch/ppc64/ppc64asm/doc.go
/usr/local/go/src/cmd/vendor/golang.org/x/sys/internal/unsafeheader/unsafeheader.go
/usr/local/go/src/cmd/vendor/golang.org/x/sys/unix/fcntl_linux_32bit.go
/usr/local/go/src/cmd/vendor/golang.org/x/sys/unix/ptrace_ios.go
/usr/local/go/src/cmd/vendor/golang.org/x/sys/unix/syscall_darwin_libSystem.go
/usr/local/go/src/cmd/vendor/golang.org/x/sys/unix/syscall_linux_gc.go
/usr/local/go/src/cmd/vendor/golang.org/x/sys/windows/mksyscall.go
/usr/local/go/src/cmd/vendor/golang.org/x/tools/go/analysis/doc.go
/usr/local/go/src/cmd/vendor/golang.org/x/xerrors/doc.go
/usr/local/go/src/cmd/vendor/golang.org/x/xerrors/internal/internal.go
/usr/local/go/src/cmd/vet/doc.go
/usr/local/go/src/cmd/vet/testdata/asm/asm.go
/usr/local/go/src/cmd/vet/testdata/buildtag/buildtag.go
/usr/local/go/src/cmd/vet/testdata/buildtag/buildtag2.go
/usr/local/go/src/cmd/vet/testdata/buildtag/buildtag3.go
/usr/local/go/src/cmd/vet/testdata/buildtag/buildtag4.go
/usr/local/go/src/cmd/vet/testdata/buildtag/buildtag5.go
/usr/local/go/src/cmd/vet/testdata/testingpkg/tests.go
/usr/local/go/src/cmd/vet/testdata/testingpkg/tests_test.go
/usr/local/go/src/crypto/cipher/export_test.go
/usr/local/go/src/crypto/ed25519/internal/edwards25519/doc.go
/usr/local/go/src/crypto/ed25519/internal/edwards25519/field/fe_amd64.go
/usr/local/go/src/crypto/elliptic/p256_generic.go
/usr/local/go/src/crypto/sha1/sha1block_decl.go
/usr/local/go/src/crypto/sha256/sha256block_decl.go
/usr/local/go/src/crypto/sha512/sha512block_decl.go
/usr/local/go/src/crypto/x509/root_aix.go
/usr/local/go/src/crypto/x509/root_js.go
/usr/local/go/src/debug/dwarf/export_test.go
/usr/local/go/src/debug/gosym/testdata/main.go
/usr/local/go/src/encoding/gob/doc.go
/usr/local/go/src/fmt/doc.go
/usr/local/go/src/fmt/export_test.go
/usr/local/go/src/go/build/doc.go
/usr/local/go/src/go/build/testdata/cgo_disabled/empty.go
/usr/local/go/src/go/build/testdata/doc/a_test.go
/usr/local/go/src/go/build/testdata/doc/b_test.go
/usr/local/go/src/go/build/testdata/doc/c_test.go
/usr/local/go/src/go/build/testdata/doc/d_test.go
/usr/local/go/src/go/build/testdata/doc/e.go
/usr/local/go/src/go/build/testdata/doc/f.go
/usr/local/go/src/go/build/testdata/multi/file.go
/usr/local/go/src/go/build/testdata/multi/file_appengine.go
/usr/local/go/src/go/build/testdata/other/file/file.go
/usr/local/go/src/go/build/testdata/withvendor/src/a/b/b.go
/usr/local/go/src/go/build/testdata/withvendor/src/a/vendor/c/d/d.go
/usr/local/go/src/go/doc/testdata/a0.go
/usr/local/go/src/go/doc/testdata/a1.go
/usr/local/go/src/go/doc/testdata/bugpara.go
/usr/local/go/src/go/doc/testdata/f.go
/usr/local/go/src/go/internal/gccgoimporter/testdata/notinheap.go
/usr/local/go/src/go/internal/gccgoimporter/testdata/pointer.go
/usr/local/go/src/go/internal/gcimporter/testdata/issue15920.go
/usr/local/go/src/go/internal/gcimporter/testdata/versions/test.go
/usr/local/go/src/go/internal/srcimporter/testdata/issue20855/issue20855.go
/usr/local/go/src/go/internal/srcimporter/testdata/issue23092/issue23092.go
/usr/local/go/src/go/internal/srcimporter/testdata/issue24392/issue24392.go
/usr/local/go/src/go/types/testdata/fixedbugs/issue51509.go
/usr/local/go/src/html/template/doc.go
/usr/local/go/src/image/color/palette/generate.go
/usr/local/go/src/image/internal/imageutil/imageutil.go
/usr/local/go/src/internal/bytealg/compare_native.go
/usr/local/go/src/internal/bytealg/index_native.go
/usr/local/go/src/internal/bytealg/indexbyte_native.go
/usr/local/go/src/internal/cpu/cpu_arm64_other.go
/usr/local/go/src/internal/cpu/cpu_no_name.go
/usr/local/go/src/internal/fuzz/counters_unsupported.go
/usr/local/go/src/internal/fuzz/trace.go
/usr/local/go/src/internal/goexperiment/flags.go
/usr/local/go/src/internal/goos/goos.go
/usr/local/go/src/internal/nettrace/nettrace.go
/usr/local/go/src/internal/poll/fcntl_libc.go
/usr/local/go/src/internal/race/doc.go
/usr/local/go/src/internal/syscall/unix/nonblocking_js.go
/usr/local/go/src/internal/syscall/windows/mksyscall.go
/usr/local/go/src/internal/syscall/windows/psapi_windows.go
/usr/local/go/src/internal/syscall/windows/registry/mksyscall.go
/usr/local/go/src/internal/testenv/testenv_cgo.go
/usr/local/go/src/internal/unsafeheader/unsafeheader.go
/usr/local/go/src/io/export_test.go
/usr/local/go/src/log/syslog/doc.go
/usr/local/go/src/math/big/arith_decl.go
/usr/local/go/src/math/big/doc.go
/usr/local/go/src/math/bits/bits_errors.go
/usr/local/go/src/math/export_s390x_test.go
/usr/local/go/src/net/error_plan9.go
/usr/local/go/src/net/fcntl_libc_test.go
/usr/local/go/src/net/http/doc.go
/usr/local/go/src/net/interface_stub.go
/usr/local/go/src/net/internal/socktest/switch_stub.go
/usr/local/go/src/net/main_plan9_test.go
/usr/local/go/src/net/sock_plan9.go
/usr/local/go/src/os/executable.go
/usr/local/go/src/os/export_linux_test.go
/usr/local/go/src/os/export_test.go
/usr/local/go/src/os/export_unix_test.go
/usr/local/go/src/os/signal/doc.go
/usr/local/go/src/os/sys.go
/usr/local/go/src/path/filepath/export_test.go
/usr/local/go/src/reflect/internal/example1/example.go
/usr/local/go/src/reflect/internal/example2/example.go
/usr/local/go/src/reflect/stubs_ppc64x.go
/usr/local/go/src/regexp/syntax/doc.go
/usr/local/go/src/runtime/auxv_none.go
/usr/local/go/src/runtime/cgo/callbacks_aix.go
/usr/local/go/src/runtime/cgo/callbacks_traceback.go
/usr/local/go/src/runtime/cgo/dragonfly.go
/usr/local/go/src/runtime/cgo/freebsd.go
/usr/local/go/src/runtime/cgo/iscgo.go
/usr/local/go/src/runtime/cgo/mmap.go
/usr/local/go/src/runtime/cgo/netbsd.go
/usr/local/go/src/runtime/cgo/openbsd.go
/usr/local/go/src/runtime/cgo/setenv.go
/usr/local/go/src/runtime/cgo/sigaction.go
/usr/local/go/src/runtime/cgo/signal_ios_arm64.go
/usr/local/go/src/runtime/cgo_ppc64x.go
/usr/local/go/src/runtime/cputicks.go
/usr/local/go/src/runtime/debug/stubs.go
/usr/local/go/src/runtime/export_aix_test.go
/usr/local/go/src/runtime/export_arm_test.go
/usr/local/go/src/runtime/export_pipe_test.go
/usr/local/go/src/runtime/internal/atomic/doc.go
/usr/local/go/src/runtime/internal/sys/intrinsics_stubs.go
/usr/local/go/src/runtime/internal/sys/sys.go
/usr/local/go/src/runtime/internal/syscall/syscall_linux.go
/usr/local/go/src/runtime/metrics/doc.go
/usr/local/go/src/runtime/metrics/histogram.go
/usr/local/go/src/runtime/netpoll_fake.go
/usr/local/go/src/runtime/os_android.go
/usr/local/go/src/runtime/os_darwin_arm64.go
/usr/local/go/src/runtime/os_freebsd_arm64.go
/usr/local/go/src/runtime/os_freebsd_noauxv.go
/usr/local/go/src/runtime/os_linux_noauxv.go
/usr/local/go/src/runtime/os_linux_novdso.go
/usr/local/go/src/runtime/os_linux_riscv64.go
/usr/local/go/src/runtime/os_linux_x86.go
/usr/local/go/src/runtime/os_nonopenbsd.go
/usr/local/go/src/runtime/os_openbsd_arm64.go
/usr/local/go/src/runtime/os_openbsd_mips64.go
/usr/local/go/src/runtime/os_openbsd_syscall1.go
/usr/local/go/src/runtime/pprof/pprof_norusage.go
/usr/local/go/src/runtime/preempt_nonwindows.go
/usr/local/go/src/runtime/race/doc.go
/usr/local/go/src/runtime/stubs3.go
/usr/local/go/src/runtime/stubs_mipsx.go
/usr/local/go/src/runtime/stubs_nonlinux.go
/usr/local/go/src/runtime/stubs_ppc64.go
/usr/local/go/src/runtime/stubs_ppc64x.go
/usr/local/go/src/runtime/stubs_s390x.go
/usr/local/go/src/runtime/sys_nonppc64x.go
/usr/local/go/src/runtime/syscall2_solaris.go
/usr/local/go/src/runtime/testdata/testprog/syscalls_none.go
/usr/local/go/src/runtime/testdata/testprogcgo/dropm_stub.go
/usr/local/go/src/runtime/timeasm.go
/usr/local/go/src/runtime/timestub2.go
/usr/local/go/src/runtime/tls_stub.go
/usr/local/go/src/runtime/tls_windows_amd64.go
/usr/local/go/src/runtime/vdso_in_none.go
/usr/local/go/src/strconv/doc.go
/usr/local/go/src/sync/atomic/doc.go
/usr/local/go/src/syscall/flock_linux_32bit.go
/usr/local/go/src/syscall/js/export_test.go
/usr/local/go/src/syscall/syscall_openbsd1.go
/usr/local/go/src/testing/export_test.go
/usr/local/go/src/testing/testing_other.go
/usr/local/go/src/text/template/doc.go
/usr/local/go/src/time/embed.go
/usr/local/go/src/unsafe/unsafe.go
/usr/local/go/src/vendor/golang.org/x/crypto/curve25519/internal/field/fe_amd64.go
/usr/local/go/src/vendor/golang.org/x/net/nettest/nettest_stub.go
/usr/local/go/src/vendor/golang.org/x/net/route/syscall.go
/usr/local/go/src/vendor/golang.org/x/sys/cpu/cpu_gc_arm64.go
/usr/local/go/src/vendor/golang.org/x/sys/cpu/cpu_gc_s390x.go
/usr/local/go/src/vendor/golang.org/x/sys/cpu/cpu_gc_x86.go
/usr/local/go/src/vendor/golang.org/x/sys/cpu/cpu_gccgo_arm64.go
/usr/local/go/src/vendor/golang.org/x/sys/cpu/cpu_linux_noinit.go
/usr/local/go/src/vendor/golang.org/x/sys/cpu/cpu_other_arm.go
/usr/local/go/src/vendor/golang.org/x/sys/cpu/cpu_other_arm64.go
/usr/local/go/src/vendor/golang.org/x/sys/cpu/cpu_other_mips64x.go
/usr/local/go/src/vendor/golang.org/x/sys/cpu/cpu_zos.go
/usr/local/go/test/alias3.go
/usr/local/go/test/asmhdr.go
/usr/local/go/test/closure3.go
/usr/local/go/test/closure5.dir/a.go
/usr/local/go/test/closure5.go
/usr/local/go/test/ddd2.go
/usr/local/go/test/dwarf/dwarf.dir/main.go
/usr/local/go/test/dwarf/dwarf.dir/z1.go
/usr/local/go/test/dwarf/dwarf.dir/z10.go
/usr/local/go/test/dwarf/dwarf.dir/z11.go
/usr/local/go/test/dwarf/dwarf.dir/z12.go
/usr/local/go/test/dwarf/dwarf.dir/z13.go
/usr/local/go/test/dwarf/dwarf.dir/z14.go
/usr/local/go/test/dwarf/dwarf.dir/z15.go
/usr/local/go/test/dwarf/dwarf.dir/z16.go
/usr/local/go/test/dwarf/dwarf.dir/z17.go
/usr/local/go/test/dwarf/dwarf.dir/z18.go
/usr/local/go/test/dwarf/dwarf.dir/z19.go
/usr/local/go/test/dwarf/dwarf.dir/z2.go
/usr/local/go/test/dwarf/dwarf.dir/z20.go
/usr/local/go/test/dwarf/dwarf.dir/z3.go
/usr/local/go/test/dwarf/dwarf.dir/z4.go
/usr/local/go/test/dwarf/dwarf.dir/z5.go
/usr/local/go/test/dwarf/dwarf.dir/z6.go
/usr/local/go/test/dwarf/dwarf.dir/z7.go
/usr/local/go/test/dwarf/dwarf.dir/z8.go
/usr/local/go/test/dwarf/dwarf.dir/z9.go
/usr/local/go/test/dwarf/dwarf.go
/usr/local/go/test/embedfunc.go
/usr/local/go/test/embedvers.go
/usr/local/go/test/eof.go
/usr/local/go/test/eof1.go
/usr/local/go/test/fixedbugs/bug009.go
/usr/local/go/test/fixedbugs/bug017.go
/usr/local/go/test/fixedbugs/bug021.go
/usr/local/go/test/fixedbugs/bug030.go
/usr/local/go/test/fixedbugs/bug039.go
/usr/local/go/test/fixedbugs/bug040.go
/usr/local/go/test/fixedbugs/bug053.go
/usr/local/go/test/fixedbugs/bug062.go
/usr/local/go/test/fixedbugs/bug083.dir/bug0.go
/usr/local/go/test/fixedbugs/bug083.go
/usr/local/go/test/fixedbugs/bug088.dir/bug0.go
/usr/local/go/test/fixedbugs/bug103.go
/usr/local/go/test/fixedbugs/bug104.go
/usr/local/go/test/fixedbugs/bug106.dir/bug1.go
/usr/local/go/test/fixedbugs/bug112.go
/usr/local/go/test/fixedbugs/bug132.go
/usr/local/go/test/fixedbugs/bug133.dir/bug0.go
/usr/local/go/test/fixedbugs/bug133.go
/usr/local/go/test/fixedbugs/bug145.go
/usr/local/go/test/fixedbugs/bug160.go
/usr/local/go/test/fixedbugs/bug171.go
/usr/local/go/test/fixedbugs/bug172.go
/usr/local/go/test/fixedbugs/bug175.go
/usr/local/go/test/fixedbugs/bug181.go
/usr/local/go/test/fixedbugs/bug191.dir/a.go
/usr/local/go/test/fixedbugs/bug191.dir/b.go
/usr/local/go/test/fixedbugs/bug191.go
/usr/local/go/test/fixedbugs/bug208.go
/usr/local/go/test/fixedbugs/bug222.dir/chanbug2.go
/usr/local/go/test/fixedbugs/bug224.go
/usr/local/go/test/fixedbugs/bug248.go
/usr/local/go/test/fixedbugs/bug282.dir/p2.go
/usr/local/go/test/fixedbugs/bug295.go
/usr/local/go/test/fixedbugs/bug302.dir/main.go
/usr/local/go/test/fixedbugs/bug305.go
/usr/local/go/test/fixedbugs/bug306.dir/p2.go
/usr/local/go/test/fixedbugs/bug313.dir/b.go
/usr/local/go/test/fixedbugs/bug313.go
/usr/local/go/test/fixedbugs/bug322.go
/usr/local/go/test/fixedbugs/bug324.go
/usr/local/go/test/fixedbugs/bug330.go
/usr/local/go/test/fixedbugs/bug335.dir/a.go
/usr/local/go/test/fixedbugs/bug335.go
/usr/local/go/test/fixedbugs/bug345.go
/usr/local/go/test/fixedbugs/bug354.go
/usr/local/go/test/fixedbugs/bug367.go
/usr/local/go/test/fixedbugs/bug377.dir/one.go
/usr/local/go/test/fixedbugs/bug377.dir/two.go
/usr/local/go/test/fixedbugs/bug377.go
/usr/local/go/test/fixedbugs/bug380.go
/usr/local/go/test/fixedbugs/bug382.dir/pkg.go
/usr/local/go/test/fixedbugs/bug382.go
/usr/local/go/test/fixedbugs/bug386.go
/usr/local/go/test/fixedbugs/bug389.go
/usr/local/go/test/fixedbugs/bug392.go
/usr/local/go/test/fixedbugs/bug396.go
/usr/local/go/test/fixedbugs/bug404.go
/usr/local/go/test/fixedbugs/bug407.go
/usr/local/go/test/fixedbugs/bug414.go
/usr/local/go/test/fixedbugs/bug415.go
/usr/local/go/test/fixedbugs/bug418.go
/usr/local/go/test/fixedbugs/bug424.go
/usr/local/go/test/fixedbugs/bug437.go
/usr/local/go/test/fixedbugs/bug448.go
/usr/local/go/test/fixedbugs/bug451.go
/usr/local/go/test/fixedbugs/bug460.dir/a.go
/usr/local/go/test/fixedbugs/bug460.go
/usr/local/go/test/fixedbugs/bug464.go
/usr/local/go/test/fixedbugs/bug465.go
/usr/local/go/test/fixedbugs/bug466.go
/usr/local/go/test/fixedbugs/bug467.go
/usr/local/go/test/fixedbugs/bug468.dir/p1.go
/usr/local/go/test/fixedbugs/bug468.go
/usr/local/go/test/fixedbugs/bug472.go
/usr/local/go/test/fixedbugs/bug475.go
/usr/local/go/test/fixedbugs/bug478.go
/usr/local/go/test/fixedbugs/bug479.go
/usr/local/go/test/fixedbugs/bug480.go
/usr/local/go/test/fixedbugs/bug486.go
/usr/local/go/test/fixedbugs/bug488.dir/a.go
/usr/local/go/test/fixedbugs/bug488.dir/b.go
/usr/local/go/test/fixedbugs/bug488.go
/usr/local/go/test/fixedbugs/bug492.dir/a.go
/usr/local/go/test/fixedbugs/bug492.go
/usr/local/go/test/fixedbugs/bug504.go
/usr/local/go/test/fixedbugs/bug506.dir/a.go
/usr/local/go/test/fixedbugs/bug506.go
/usr/local/go/test/fixedbugs/bug507.dir/b.go
/usr/local/go/test/fixedbugs/bug507.go
/usr/local/go/test/fixedbugs/bug510.go
/usr/local/go/test/fixedbugs/bug511.go
/usr/local/go/test/fixedbugs/gcc101994.go
/usr/local/go/test/fixedbugs/gcc67968.go
/usr/local/go/test/fixedbugs/gcc80226.go
/usr/local/go/test/fixedbugs/issue10066.go
/usr/local/go/test/fixedbugs/issue10219.go
/usr/local/go/test/fixedbugs/issue10320.go
/usr/local/go/test/fixedbugs/issue10700.go
/usr/local/go/test/fixedbugs/issue11053.dir/p.go
/usr/local/go/test/fixedbugs/issue11053.go
/usr/local/go/test/fixedbugs/issue11326.go
/usr/local/go/test/fixedbugs/issue11362.go
/usr/local/go/test/fixedbugs/issue11656.dir/asm.go
/usr/local/go/test/fixedbugs/issue11656.dir/asm_generic.go
/usr/local/go/test/fixedbugs/issue11656.go
/usr/local/go/test/fixedbugs/issue11699.go
/usr/local/go/test/fixedbugs/issue12677.go
/usr/local/go/test/fixedbugs/issue13777.dir/burnin.go
/usr/local/go/test/fixedbugs/issue13777.go
/usr/local/go/test/fixedbugs/issue14010.go
/usr/local/go/test/fixedbugs/issue14164.dir/main.go
/usr/local/go/test/fixedbugs/issue14331.go
/usr/local/go/test/fixedbugs/issue14652.go
/usr/local/go/test/fixedbugs/issue15071.go
/usr/local/go/test/fixedbugs/issue15470.dir/b.go
/usr/local/go/test/fixedbugs/issue15470.go
/usr/local/go/test/fixedbugs/issue15514.dir/a.go
/usr/local/go/test/fixedbugs/issue15514.go
/usr/local/go/test/fixedbugs/issue15548.go
/usr/local/go/test/fixedbugs/issue15572.go
/usr/local/go/test/fixedbugs/issue15609.dir/call.go
/usr/local/go/test/fixedbugs/issue15609.dir/call_decl.go
/usr/local/go/test/fixedbugs/issue15609.go
/usr/local/go/test/fixedbugs/issue15646.go
/usr/local/go/test/fixedbugs/issue15838.go
/usr/local/go/test/fixedbugs/issue15920.dir/a.go
/usr/local/go/test/fixedbugs/issue15920.dir/b.go
/usr/local/go/test/fixedbugs/issue15920.go
/usr/local/go/test/fixedbugs/issue16133.dir/a1.go
/usr/local/go/test/fixedbugs/issue16133.dir/a2.go
/usr/local/go/test/fixedbugs/issue16133.go
/usr/local/go/test/fixedbugs/issue16317.go
/usr/local/go/test/fixedbugs/issue16616.dir/a.go
/usr/local/go/test/fixedbugs/issue16616.go
/usr/local/go/test/fixedbugs/issue16733.go
/usr/local/go/test/fixedbugs/issue17758.go
/usr/local/go/test/fixedbugs/issue18331.go
/usr/local/go/test/fixedbugs/issue18419.go
/usr/local/go/test/fixedbugs/issue18459.go
/usr/local/go/test/fixedbugs/issue18882.go
/usr/local/go/test/fixedbugs/issue18895.go
/usr/local/go/test/fixedbugs/issue18911.go
/usr/local/go/test/fixedbugs/issue19028.go
/usr/local/go/test/fixedbugs/issue19261.go
/usr/local/go/test/fixedbugs/issue19467.go
/usr/local/go/test/fixedbugs/issue19507.go
/usr/local/go/test/fixedbugs/issue19548.go
/usr/local/go/test/fixedbugs/issue19699.go
/usr/local/go/test/fixedbugs/issue19764.go
/usr/local/go/test/fixedbugs/issue20014.go
/usr/local/go/test/fixedbugs/issue20298.go
/usr/local/go/test/fixedbugs/issue20415.go
/usr/local/go/test/fixedbugs/issue20682.go
/usr/local/go/test/fixedbugs/issue21120.dir/a.go
/usr/local/go/test/fixedbugs/issue21120.go
/usr/local/go/test/fixedbugs/issue21256.go
/usr/local/go/test/fixedbugs/issue22877.go
/usr/local/go/test/fixedbugs/issue22941.dir/a.go
/usr/local/go/test/fixedbugs/issue22941.go
/usr/local/go/test/fixedbugs/issue22962.go
/usr/local/go/test/fixedbugs/issue23093.go
/usr/local/go/test/fixedbugs/issue23179.go
/usr/local/go/test/fixedbugs/issue23311.dir/main.go
/usr/local/go/test/fixedbugs/issue23311.go
/usr/local/go/test/fixedbugs/issue24693.go
/usr/local/go/test/fixedbugs/issue24761.go
/usr/local/go/test/fixedbugs/issue24801.dir/a.go
/usr/local/go/test/fixedbugs/issue25055.dir/a.go
/usr/local/go/test/fixedbugs/issue25055.go
/usr/local/go/test/fixedbugs/issue25984.go
/usr/local/go/test/fixedbugs/issue26341.go
/usr/local/go/test/fixedbugs/issue26855.go
/usr/local/go/test/fixedbugs/issue27595.go
/usr/local/go/test/fixedbugs/issue27836.go
/usr/local/go/test/fixedbugs/issue28058.go
/usr/local/go/test/fixedbugs/issue29350.go
/usr/local/go/test/fixedbugs/issue29610.go
/usr/local/go/test/fixedbugs/issue29612.go
/usr/local/go/test/fixedbugs/issue29870b.go
/usr/local/go/test/fixedbugs/issue29919.dir/main.go
/usr/local/go/test/fixedbugs/issue29919.go
/usr/local/go/test/fixedbugs/issue30659.dir/b.go
/usr/local/go/test/fixedbugs/issue30659.go
/usr/local/go/test/fixedbugs/issue30862.go
/usr/local/go/test/fixedbugs/issue30907.go
/usr/local/go/test/fixedbugs/issue30908.go
/usr/local/go/test/fixedbugs/issue31053.go
/usr/local/go/test/fixedbugs/issue31252.go
/usr/local/go/test/fixedbugs/issue31636.go
/usr/local/go/test/fixedbugs/issue31637.go
/usr/local/go/test/fixedbugs/issue31959.go
/usr/local/go/test/fixedbugs/issue32595.go
/usr/local/go/test/fixedbugs/issue32778.go
/usr/local/go/test/fixedbugs/issue32901.go
/usr/local/go/test/fixedbugs/issue32922.go
/usr/local/go/test/fixedbugs/issue33013.go
/usr/local/go/test/fixedbugs/issue33020.dir/a.go
/usr/local/go/test/fixedbugs/issue33020.go
/usr/local/go/test/fixedbugs/issue33020a.dir/a.go
/usr/local/go/test/fixedbugs/issue33020a.go
/usr/local/go/test/fixedbugs/issue33158.go
/usr/local/go/test/fixedbugs/issue33219.go
/usr/local/go/test/fixedbugs/issue33739.dir/a.go
/usr/local/go/test/fixedbugs/issue33739.go
/usr/local/go/test/fixedbugs/issue33866.go
/usr/local/go/test/fixedbugs/issue34503.go
/usr/local/go/test/fixedbugs/issue34577.go
/usr/local/go/test/fixedbugs/issue3552.go
/usr/local/go/test/fixedbugs/issue35586.dir/a.go
/usr/local/go/test/fixedbugs/issue35586.go
/usr/local/go/test/fixedbugs/issue35739.go
/usr/local/go/test/fixedbugs/issue36085.go
/usr/local/go/test/fixedbugs/issue3705.go
/usr/local/go/test/fixedbugs/issue37513.go
/usr/local/go/test/fixedbugs/issue37837.go
/usr/local/go/test/fixedbugs/issue40252.go
/usr/local/go/test/fixedbugs/issue42284.go
/usr/local/go/test/fixedbugs/issue42401.dir/a.go
/usr/local/go/test/fixedbugs/issue42401.go
/usr/local/go/test/fixedbugs/issue4252.go
/usr/local/go/test/fixedbugs/issue43164.dir/a.go
/usr/local/go/test/fixedbugs/issue43164.dir/b.go
/usr/local/go/test/fixedbugs/issue43164.go
/usr/local/go/test/fixedbugs/issue43167.go
/usr/local/go/test/fixedbugs/issue4326.go
/usr/local/go/test/fixedbugs/issue43479.go
/usr/local/go/test/fixedbugs/issue43551.go
/usr/local/go/test/fixedbugs/issue43633.go
/usr/local/go/test/fixedbugs/issue4370.go
/usr/local/go/test/fixedbugs/issue43962.dir/a.go
/usr/local/go/test/fixedbugs/issue43962.go
/usr/local/go/test/fixedbugs/issue44325.dir/a.go
/usr/local/go/test/fixedbugs/issue44325.go
/usr/local/go/test/fixedbugs/issue44330.go
/usr/local/go/test/fixedbugs/issue44335.go
/usr/local/go/test/fixedbugs/issue44355.dir/a.go
/usr/local/go/test/fixedbugs/issue44355.go
/usr/local/go/test/fixedbugs/issue44370.go
/usr/local/go/test/fixedbugs/issue44732.dir/foo/foo.go
/usr/local/go/test/fixedbugs/issue44732.go
/usr/local/go/test/fixedbugs/issue4510.dir/f2.go
/usr/local/go/test/fixedbugs/issue4510.go
/usr/local/go/test/fixedbugs/issue4517a.go
/usr/local/go/test/fixedbugs/issue4517c.go
/usr/local/go/test/fixedbugs/issue4517d.go
/usr/local/go/test/fixedbugs/issue45503.go
/usr/local/go/test/fixedbugs/issue4590.go
/usr/local/go/test/fixedbugs/issue4610.go
/usr/local/go/test/fixedbugs/issue46653.go
/usr/local/go/test/fixedbugs/issue47068.go
/usr/local/go/test/fixedbugs/issue47087.go
/usr/local/go/test/fixedbugs/issue47131.go
/usr/local/go/test/fixedbugs/issue47185.go
/usr/local/go/test/fixedbugs/issue47201.dir/b.go
/usr/local/go/test/fixedbugs/issue47201.go
/usr/local/go/test/fixedbugs/issue47317.go
/usr/local/go/test/fixedbugs/issue48088.go
/usr/local/go/test/fixedbugs/issue48097.go
/usr/local/go/test/fixedbugs/issue48230.go
/usr/local/go/test/fixedbugs/issue4879.go
/usr/local/go/test/fixedbugs/issue48834.go
/usr/local/go/test/fixedbugs/issue49016.go
/usr/local/go/test/fixedbugs/issue49094.go
/usr/local/go/test/fixedbugs/issue49143.go
/usr/local/go/test/fixedbugs/issue4932.dir/foo.go
/usr/local/go/test/fixedbugs/issue4932.go
/usr/local/go/test/fixedbugs/issue49611.go
/usr/local/go/test/fixedbugs/issue4964.go
/usr/local/go/test/fixedbugs/issue5105.go
/usr/local/go/test/fixedbugs/issue5125.dir/main.go
/usr/local/go/test/fixedbugs/issue5125.go
/usr/local/go/test/fixedbugs/issue51531.go
/usr/local/go/test/fixedbugs/issue5259.go
/usr/local/go/test/fixedbugs/issue5260.go
/usr/local/go/test/fixedbugs/issue5291.go
/usr/local/go/test/fixedbugs/issue5470.go
/usr/local/go/test/fixedbugs/issue5614.go
/usr/local/go/test/fixedbugs/issue5698.go
/usr/local/go/test/fixedbugs/issue5755.go
/usr/local/go/test/fixedbugs/issue5910.go
/usr/local/go/test/fixedbugs/issue5957.dir/a.go
/usr/local/go/test/fixedbugs/issue5957.dir/b.go
/usr/local/go/test/fixedbugs/issue5957.go
/usr/local/go/test/fixedbugs/issue6295.go
/usr/local/go/test/fixedbugs/issue6402.go
/usr/local/go/test/fixedbugs/issue6405.go
/usr/local/go/test/fixedbugs/issue6406.go
/usr/local/go/test/fixedbugs/issue6428.go
/usr/local/go/test/fixedbugs/issue6513.go
/usr/local/go/test/fixedbugs/issue6703a.go
/usr/local/go/test/fixedbugs/issue6703b.go
/usr/local/go/test/fixedbugs/issue6789.dir/a.go
/usr/local/go/test/fixedbugs/issue6789.go
/usr/local/go/test/fixedbugs/issue7023.go
/usr/local/go/test/fixedbugs/issue7547.go
/usr/local/go/test/fixedbugs/issue7648.go
/usr/local/go/test/fixedbugs/issue7995b.go
/usr/local/go/test/fixedbugs/issue8060.go
/usr/local/go/test/fixedbugs/issue8079.go
/usr/local/go/test/fixedbugs/issue8280.dir/a.go
/usr/local/go/test/fixedbugs/issue8280.go
/usr/local/go/test/fixedbugs/issue8438.go
/usr/local/go/test/fixedbugs/issue9432.go
/usr/local/go/test/fixedbugs/issue9537.go
/usr/local/go/test/fixedbugs/issue9608.go
/usr/local/go/test/func1.go
/usr/local/go/test/func3.go
/usr/local/go/test/func4.go
/usr/local/go/test/import2.go
/usr/local/go/test/import4.go
/usr/local/go/test/interface/embed1.go
/usr/local/go/test/interface/embed3.go
/usr/local/go/test/interface/private.go
/usr/local/go/test/interface/recursive1.go
/usr/local/go/test/intrinsic.go
/usr/local/go/test/linkmain.go
/usr/local/go/test/linkname.go
/usr/local/go/test/linkname2.go
/usr/local/go/test/linkname3.go
/usr/local/go/test/mainsig.go
/usr/local/go/test/method4.go
/usr/local/go/test/retjmp.go
/usr/local/go/test/typeparam/absdiffimp.dir/main.go
/usr/local/go/test/typeparam/absdiffimp.go
/usr/local/go/test/typeparam/absdiffimp2.go
/usr/local/go/test/typeparam/aliasimp.dir/a.go
/usr/local/go/test/typeparam/aliasimp.go
/usr/local/go/test/typeparam/chansimp.go
/usr/local/go/test/typeparam/dedup.go
/usr/local/go/test/typeparam/factimp.go
/usr/local/go/test/typeparam/gencrawler.go
/usr/local/go/test/typeparam/geninline.go
/usr/local/go/test/typeparam/issue46461b.go
/usr/local/go/test/typeparam/issue47514c.go
/usr/local/go/test/typeparam/issue47775.go
/usr/local/go/test/typeparam/issue47892.go
/usr/local/go/test/typeparam/issue47892b.go
/usr/local/go/test/typeparam/issue47966.go
/usr/local/go/test/typeparam/issue48094.go
/usr/local/go/test/typeparam/issue48094b.go
/usr/local/go/test/typeparam/issue48185a.go
/usr/local/go/test/typeparam/issue48185b.go
/usr/local/go/test/typeparam/issue48280.go
/usr/local/go/test/typeparam/issue48306.go
/usr/local/go/test/typeparam/issue48337a.go
/usr/local/go/test/typeparam/issue48337b.go
/usr/local/go/test/typeparam/issue48454.go
/usr/local/go/test/typeparam/issue48462.go
/usr/local/go/test/typeparam/issue48716.go
/usr/local/go/test/typeparam/issue48962.go
/usr/local/go/test/typeparam/issue49027.go
/usr/local/go/test/typeparam/issue49241.dir/a.go
/usr/local/go/test/typeparam/issue49241.go
/usr/local/go/test/typeparam/issue49246.go
/usr/local/go/test/typeparam/issue49497.go
/usr/local/go/test/typeparam/issue49524.dir/a.go
/usr/local/go/test/typeparam/issue49524.go
/usr/local/go/test/typeparam/issue49611.go
/usr/local/go/test/typeparam/issue49659.go
/usr/local/go/test/typeparam/issue49667.go
/usr/local/go/test/typeparam/issue49893.go
/usr/local/go/test/typeparam/issue50121.go
/usr/local/go/test/typeparam/issue50121b.go
/usr/local/go/test/typeparam/issue50417.go
/usr/local/go/test/typeparam/issue50417b.go
/usr/local/go/test/typeparam/issue50437.go
/usr/local/go/test/typeparam/issue50481b.go
/usr/local/go/test/typeparam/issue50481c.go
/usr/local/go/test/typeparam/issue50485.go
/usr/local/go/test/typeparam/issue50486.go
/usr/local/go/test/typeparam/issue50552.go
/usr/local/go/test/typeparam/issue50561.go
/usr/local/go/test/typeparam/issue50598.go
/usr/local/go/test/typeparam/issue50841.go
/usr/local/go/test/typeparam/issue51219.go
/usr/local/go/test/typeparam/issue51219b.go
/usr/local/go/test/typeparam/issue51250a.dir/a.go
/usr/local/go/test/typeparam/issue51250a.go
/usr/local/go/test/typeparam/issue51367.go
/usr/local/go/test/typeparam/issue51423.go
/usr/local/go/test/typeparam/issue51836.dir/a.go
/usr/local/go/test/typeparam/issue51836.go
/usr/local/go/test/typeparam/issue52117.go
/usr/local/go/test/typeparam/listimp.go
/usr/local/go/test/typeparam/listimp2.go
/usr/local/go/test/typeparam/mapimp.go
/usr/local/go/test/typeparam/mapsimp.go
/usr/local/go/test/typeparam/mdempsky/1.go
/usr/local/go/test/typeparam/mdempsky/10.go
/usr/local/go/test/typeparam/mdempsky/12.go
/usr/local/go/test/typeparam/mdempsky/3.go
/usr/local/go/test/typeparam/mdempsky/4.go
/usr/local/go/test/typeparam/mdempsky/7.go
/usr/local/go/test/typeparam/mdempsky/8.go
/usr/local/go/test/typeparam/mincheck.go
/usr/local/go/test/typeparam/minimp.go
/usr/local/go/test/typeparam/mutualimp.go
/usr/local/go/test/typeparam/orderedmapsimp.go
/usr/local/go/test/typeparam/pairimp.go
/usr/local/go/test/typeparam/recoverimp.go
/usr/local/go/test/typeparam/select.go
/usr/local/go/test/typeparam/setsimp.go
/usr/local/go/test/typeparam/sliceimp.go
/usr/local/go/test/typeparam/stringerimp.go
/usr/local/go/test/typeparam/structinit.go
/usr/local/go/test/typeparam/valimp.go
/usr/local/go/test/uintptrescapes.go
/usr/local/go/test/varerr.go
gc.go
internal/ebnf/main.go
internal/ebnf/testdata/parser/1.go
