/usr/local/go/misc/cgo/testso/noso_test.go
/usr/local/go/misc/cgo/testsovar/noso_test.go
/usr/local/go/src/cmd/api/testdata/src/issue21181/dep/p_amd64.go
/usr/local/go/src/cmd/asm/doc.go
/usr/local/go/src/cmd/buildid/doc.go
/usr/local/go/src/cmd/cgo/doc.go
/usr/local/go/src/cmd/compile/doc.go
/usr/local/go/src/cmd/compile/internal/ir/ir.go
/usr/local/go/src/cmd/compile/internal/test/test.go
/usr/local/go/src/cmd/compile/internal/typecheck/type.go
/usr/local/go/src/cmd/compile/internal/types2/testdata/check/blank.go
/usr/local/go/src/cmd/compile/internal/types2/testdata/fixedbugs/issue39680.go
/usr/local/go/src/cmd/compile/internal/types2/testdata/fixedbugs/issue45639.go
/usr/local/go/src/cmd/compile/internal/types2/testdata/manual.go
/usr/local/go/src/cmd/cover/doc.go
/usr/local/go/src/cmd/dist/doc.go
/usr/local/go/src/cmd/doc/testdata/nested/empty/empty.go
/usr/local/go/src/cmd/doc/testdata/nested/ignore.go
/usr/local/go/src/cmd/fix/doc.go
/usr/local/go/src/cmd/go/alldocs.go
/usr/local/go/src/cmd/go/testdata/modlegacy/src/new/p2/p2.go
/usr/local/go/src/cmd/go/testdata/modlegacy/src/new/sub/inner/x/x.go
/usr/local/go/src/cmd/go/testdata/modlegacy/src/new/sub/x/v1/y/y.go
/usr/local/go/src/cmd/go/testdata/modlegacy/src/old/p2/p2.go
/usr/local/go/src/cmd/gofmt/doc.go
/usr/local/go/src/cmd/internal/obj/arm64/doc.go
/usr/local/go/src/cmd/internal/obj/ppc64/doc.go
/usr/local/go/src/cmd/internal/osinfo/doc.go
/usr/local/go/src/cmd/link/doc.go
/usr/local/go/src/cmd/nm/doc.go
/usr/local/go/src/cmd/pack/doc.go
/usr/local/go/src/cmd/pprof/doc.go
/usr/local/go/src/cmd/trace/doc.go
/usr/local/go/src/cmd/vendor/golang.org/x/arch/ppc64/ppc64asm/doc.go
/usr/local/go/src/cmd/vendor/golang.org/x/sys/unix/syscall_linux_alarm.go
/usr/local/go/src/cmd/vendor/golang.org/x/sys/windows/mksyscall.go
/usr/local/go/src/cmd/vendor/golang.org/x/tools/go/analysis/doc.go
/usr/local/go/src/cmd/vet/doc.go
/usr/local/go/src/cmd/vet/testdata/buildtag/buildtag4.go
/usr/local/go/src/cmd/vet/testdata/buildtag/buildtag5.go
/usr/local/go/src/cmd/vet/testdata/testingpkg/tests.go
/usr/local/go/src/crypto/internal/boring/syso/syso.go
/usr/local/go/src/crypto/internal/edwards25519/doc.go
/usr/local/go/src/crypto/internal/nistec/nistec.go
/usr/local/go/src/encoding/gob/doc.go
/usr/local/go/src/fmt/doc.go
/usr/local/go/src/go/build/doc.go
/usr/local/go/src/go/build/testdata/alltags/alltags.go
/usr/local/go/src/go/build/testdata/alltags/x_netbsd_arm.go
/usr/local/go/src/go/build/testdata/cgo_disabled/empty.go
/usr/local/go/src/go/build/testdata/doc/a_test.go
/usr/local/go/src/go/build/testdata/doc/b_test.go
/usr/local/go/src/go/build/testdata/doc/c_test.go
/usr/local/go/src/go/build/testdata/doc/d_test.go
/usr/local/go/src/go/build/testdata/doc/e.go
/usr/local/go/src/go/build/testdata/doc/f.go
/usr/local/go/src/go/build/testdata/withvendor/src/a/vendor/c/d/d.go
/usr/local/go/src/go/doc/comment/doc.go
/usr/local/go/src/go/doc/testdata/a0.go
/usr/local/go/src/go/doc/testdata/a1.go
/usr/local/go/src/go/doc/testdata/bugpara.go
/usr/local/go/src/go/internal/srcimporter/testdata/issue23092/issue23092.go
/usr/local/go/src/go/internal/srcimporter/testdata/issue24392/issue24392.go
/usr/local/go/src/go/types/testdata/check/blank.go
/usr/local/go/src/go/types/testdata/fixedbugs/issue39680.go
/usr/local/go/src/go/types/testdata/fixedbugs/issue45639.go
/usr/local/go/src/go/types/testdata/manual.go
/usr/local/go/src/html/template/doc.go
/usr/local/go/src/image/color/palette/generate.go
/usr/local/go/src/image/internal/imageutil/imageutil.go
/usr/local/go/src/internal/goos/goos.go
/usr/local/go/src/internal/pkgbits/doc.go
/usr/local/go/src/internal/race/doc.go
/usr/local/go/src/internal/syscall/windows/mksyscall.go
/usr/local/go/src/internal/syscall/windows/registry/mksyscall.go
/usr/local/go/src/log/syslog/doc.go
/usr/local/go/src/math/big/doc.go
/usr/local/go/src/net/http/doc.go
/usr/local/go/src/os/signal/doc.go
/usr/local/go/src/regexp/syntax/doc.go
/usr/local/go/src/runtime/cgo/callbacks_aix.go
/usr/local/go/src/runtime/cgo_ppc64x.go
/usr/local/go/src/runtime/internal/atomic/doc.go
/usr/local/go/src/runtime/internal/sys/sys.go
/usr/local/go/src/runtime/metrics/doc.go
/usr/local/go/src/runtime/race/doc.go
/usr/local/go/src/strconv/doc.go
/usr/local/go/src/syscall/syscall_openbsd1.go
/usr/local/go/src/text/template/doc.go
/usr/local/go/test/alias3.go
/usr/local/go/test/asmhdr.go
/usr/local/go/test/closure3.go
/usr/local/go/test/closure5.go
/usr/local/go/test/ddd2.go
/usr/local/go/test/dwarf/dwarf.go
/usr/local/go/test/eof.go
/usr/local/go/test/eof1.go
/usr/local/go/test/fixedbugs/bug083.go
/usr/local/go/test/fixedbugs/bug133.go
/usr/local/go/test/fixedbugs/bug160.go
/usr/local/go/test/fixedbugs/bug191.go
/usr/local/go/test/fixedbugs/bug248.go
/usr/local/go/test/fixedbugs/bug313.go
/usr/local/go/test/fixedbugs/bug322.go
/usr/local/go/test/fixedbugs/bug324.go
/usr/local/go/test/fixedbugs/bug335.go
/usr/local/go/test/fixedbugs/bug345.go
/usr/local/go/test/fixedbugs/bug367.go
/usr/local/go/test/fixedbugs/bug377.go
/usr/local/go/test/fixedbugs/bug382.go
/usr/local/go/test/fixedbugs/bug392.go
/usr/local/go/test/fixedbugs/bug396.go
/usr/local/go/test/fixedbugs/bug404.go
/usr/local/go/test/fixedbugs/bug407.go
/usr/local/go/test/fixedbugs/bug414.go
/usr/local/go/test/fixedbugs/bug415.go
/usr/local/go/test/fixedbugs/bug424.go
/usr/local/go/test/fixedbugs/bug437.go
/usr/local/go/test/fixedbugs/bug448.go
/usr/local/go/test/fixedbugs/bug460.go
/usr/local/go/test/fixedbugs/bug465.go
/usr/local/go/test/fixedbugs/bug466.go
/usr/local/go/test/fixedbugs/bug467.go
/usr/local/go/test/fixedbugs/bug468.go
/usr/local/go/test/fixedbugs/bug472.go
/usr/local/go/test/fixedbugs/bug478.go
/usr/local/go/test/fixedbugs/bug479.go
/usr/local/go/test/fixedbugs/bug480.go
/usr/local/go/test/fixedbugs/bug486.go
/usr/local/go/test/fixedbugs/bug488.go
/usr/local/go/test/fixedbugs/bug492.go
/usr/local/go/test/fixedbugs/bug504.go
/usr/local/go/test/fixedbugs/bug506.go
/usr/local/go/test/fixedbugs/bug507.go
/usr/local/go/test/fixedbugs/bug510.go
/usr/local/go/test/fixedbugs/bug511.go
/usr/local/go/test/fixedbugs/gcc67968.go
/usr/local/go/test/fixedbugs/issue10066.go
/usr/local/go/test/fixedbugs/issue10219.go
/usr/local/go/test/fixedbugs/issue10700.go
/usr/local/go/test/fixedbugs/issue11053.go
/usr/local/go/test/fixedbugs/issue11656.go
/usr/local/go/test/fixedbugs/issue12677.go
/usr/local/go/test/fixedbugs/issue13777.go
/usr/local/go/test/fixedbugs/issue14331.go
/usr/local/go/test/fixedbugs/issue15071.go
/usr/local/go/test/fixedbugs/issue15470.go
/usr/local/go/test/fixedbugs/issue15514.go
/usr/local/go/test/fixedbugs/issue15548.go
/usr/local/go/test/fixedbugs/issue15572.go
/usr/local/go/test/fixedbugs/issue15609.go
/usr/local/go/test/fixedbugs/issue15646.go
/usr/local/go/test/fixedbugs/issue15838.go
/usr/local/go/test/fixedbugs/issue15920.go
/usr/local/go/test/fixedbugs/issue16133.go
/usr/local/go/test/fixedbugs/issue16317.go
/usr/local/go/test/fixedbugs/issue16616.go
/usr/local/go/test/fixedbugs/issue18419.go
/usr/local/go/test/fixedbugs/issue18895.go
/usr/local/go/test/fixedbugs/issue18911.go
/usr/local/go/test/fixedbugs/issue19028.go
/usr/local/go/test/fixedbugs/issue19261.go
/usr/local/go/test/fixedbugs/issue19467.go
/usr/local/go/test/fixedbugs/issue19507.go
/usr/local/go/test/fixedbugs/issue19548.go
/usr/local/go/test/fixedbugs/issue19699.go
/usr/local/go/test/fixedbugs/issue19764.go
/usr/local/go/test/fixedbugs/issue20014.go
/usr/local/go/test/fixedbugs/issue20682.go
/usr/local/go/test/fixedbugs/issue21120.go
/usr/local/go/test/fixedbugs/issue22877.go
/usr/local/go/test/fixedbugs/issue22941.go
/usr/local/go/test/fixedbugs/issue22962.go
/usr/local/go/test/fixedbugs/issue23179.go
/usr/local/go/test/fixedbugs/issue23311.go
/usr/local/go/test/fixedbugs/issue24693.go
/usr/local/go/test/fixedbugs/issue24761.go
/usr/local/go/test/fixedbugs/issue25055.go
/usr/local/go/test/fixedbugs/issue25984.go
/usr/local/go/test/fixedbugs/issue26341.go
/usr/local/go/test/fixedbugs/issue27836.go
/usr/local/go/test/fixedbugs/issue29610.go
/usr/local/go/test/fixedbugs/issue29612.go
/usr/local/go/test/fixedbugs/issue29919.go
/usr/local/go/test/fixedbugs/issue30659.go
/usr/local/go/test/fixedbugs/issue30862.go
/usr/local/go/test/fixedbugs/issue30907.go
/usr/local/go/test/fixedbugs/issue30908.go
/usr/local/go/test/fixedbugs/issue31053.go
/usr/local/go/test/fixedbugs/issue31252.go
/usr/local/go/test/fixedbugs/issue31636.go
/usr/local/go/test/fixedbugs/issue31637.go
/usr/local/go/test/fixedbugs/issue31959.go
/usr/local/go/test/fixedbugs/issue32595.go
/usr/local/go/test/fixedbugs/issue32778.go
/usr/local/go/test/fixedbugs/issue32901.go
/usr/local/go/test/fixedbugs/issue32922.go
/usr/local/go/test/fixedbugs/issue33013.go
/usr/local/go/test/fixedbugs/issue33020.go
/usr/local/go/test/fixedbugs/issue33020a.go
/usr/local/go/test/fixedbugs/issue33158.go
/usr/local/go/test/fixedbugs/issue33219.go
/usr/local/go/test/fixedbugs/issue33739.go
/usr/local/go/test/fixedbugs/issue33866.go
/usr/local/go/test/fixedbugs/issue34503.go
/usr/local/go/test/fixedbugs/issue34577.go
/usr/local/go/test/fixedbugs/issue3552.go
/usr/local/go/test/fixedbugs/issue35586.go
/usr/local/go/test/fixedbugs/issue35739.go
/usr/local/go/test/fixedbugs/issue36085.go
/usr/local/go/test/fixedbugs/issue37513.go
/usr/local/go/test/fixedbugs/issue37837.go
/usr/local/go/test/fixedbugs/issue40252.go
/usr/local/go/test/fixedbugs/issue42284.go
/usr/local/go/test/fixedbugs/issue42401.go
/usr/local/go/test/fixedbugs/issue4252.go
/usr/local/go/test/fixedbugs/issue43164.go
/usr/local/go/test/fixedbugs/issue4326.go
/usr/local/go/test/fixedbugs/issue43479.go
/usr/local/go/test/fixedbugs/issue43551.go
/usr/local/go/test/fixedbugs/issue43633.go
/usr/local/go/test/fixedbugs/issue4370.go
/usr/local/go/test/fixedbugs/issue43962.dir/a.go
/usr/local/go/test/fixedbugs/issue43962.go
/usr/local/go/test/fixedbugs/issue44325.go
/usr/local/go/test/fixedbugs/issue44330.go
/usr/local/go/test/fixedbugs/issue44335.go
/usr/local/go/test/fixedbugs/issue44355.go
/usr/local/go/test/fixedbugs/issue44370.go
/usr/local/go/test/fixedbugs/issue44732.go
/usr/local/go/test/fixedbugs/issue4510.go
/usr/local/go/test/fixedbugs/issue45503.go
/usr/local/go/test/fixedbugs/issue4590.go
/usr/local/go/test/fixedbugs/issue46653.go
/usr/local/go/test/fixedbugs/issue47068.go
/usr/local/go/test/fixedbugs/issue47087.go
/usr/local/go/test/fixedbugs/issue47131.go
/usr/local/go/test/fixedbugs/issue47185.go
/usr/local/go/test/fixedbugs/issue47201.go
/usr/local/go/test/fixedbugs/issue47317.go
/usr/local/go/test/fixedbugs/issue48088.go
/usr/local/go/test/fixedbugs/issue4879.go
/usr/local/go/test/fixedbugs/issue49016.go
/usr/local/go/test/fixedbugs/issue49094.go
/usr/local/go/test/fixedbugs/issue49143.go
/usr/local/go/test/fixedbugs/issue4932.go
/usr/local/go/test/fixedbugs/issue4964.go
/usr/local/go/test/fixedbugs/issue50788.go
/usr/local/go/test/fixedbugs/issue5105.go
/usr/local/go/test/fixedbugs/issue5125.go
/usr/local/go/test/fixedbugs/issue51291.go
/usr/local/go/test/fixedbugs/issue52279.go
/usr/local/go/test/fixedbugs/issue5259.go
/usr/local/go/test/fixedbugs/issue52590.go
/usr/local/go/test/fixedbugs/issue5260.go
/usr/local/go/test/fixedbugs/issue52856.go
/usr/local/go/test/fixedbugs/issue52862.go
/usr/local/go/test/fixedbugs/issue5291.go
/usr/local/go/test/fixedbugs/issue5470.go
/usr/local/go/test/fixedbugs/issue5614.go
/usr/local/go/test/fixedbugs/issue5755.go
/usr/local/go/test/fixedbugs/issue5910.go
/usr/local/go/test/fixedbugs/issue5957.dir/b.go
/usr/local/go/test/fixedbugs/issue5957.go
/usr/local/go/test/fixedbugs/issue6295.go
/usr/local/go/test/fixedbugs/issue6513.go
/usr/local/go/test/fixedbugs/issue6789.go
/usr/local/go/test/fixedbugs/issue7023.go
/usr/local/go/test/fixedbugs/issue7648.go
/usr/local/go/test/fixedbugs/issue7995b.go
/usr/local/go/test/fixedbugs/issue8060.go
/usr/local/go/test/fixedbugs/issue8280.go
/usr/local/go/test/fixedbugs/issue9537.go
/usr/local/go/test/fixedbugs/issue9608.go
/usr/local/go/test/import2.go
/usr/local/go/test/import4.go
/usr/local/go/test/interface/embed1.go
/usr/local/go/test/interface/embed3.go
/usr/local/go/test/interface/private.go
/usr/local/go/test/interface/recursive1.go
/usr/local/go/test/intrinsic.go
/usr/local/go/test/linkname.go
/usr/local/go/test/method4.go
/usr/local/go/test/retjmp.go
/usr/local/go/test/typeparam/absdiffimp.go
/usr/local/go/test/typeparam/absdiffimp2.go
/usr/local/go/test/typeparam/aliasimp.go
/usr/local/go/test/typeparam/chansimp.go
/usr/local/go/test/typeparam/dedup.go
/usr/local/go/test/typeparam/factimp.go
/usr/local/go/test/typeparam/gencrawler.go
/usr/local/go/test/typeparam/geninline.go
/usr/local/go/test/typeparam/issue46461b.go
/usr/local/go/test/typeparam/issue47514c.go
/usr/local/go/test/typeparam/issue47775.go
/usr/local/go/test/typeparam/issue47892.go
/usr/local/go/test/typeparam/issue47892b.go
/usr/local/go/test/typeparam/issue48094.go
/usr/local/go/test/typeparam/issue48094b.go
/usr/local/go/test/typeparam/issue48185a.go
/usr/local/go/test/typeparam/issue48185b.go
/usr/local/go/test/typeparam/issue48280.go
/usr/local/go/test/typeparam/issue48306.go
/usr/local/go/test/typeparam/issue48337a.go
/usr/local/go/test/typeparam/issue48337b.go
/usr/local/go/test/typeparam/issue48454.go
/usr/local/go/test/typeparam/issue48462.go
/usr/local/go/test/typeparam/issue48716.go
/usr/local/go/test/typeparam/issue48962.go
/usr/local/go/test/typeparam/issue49027.go
/usr/local/go/test/typeparam/issue49241.go
/usr/local/go/test/typeparam/issue49246.go
/usr/local/go/test/typeparam/issue49497.go
/usr/local/go/test/typeparam/issue49524.go
/usr/local/go/test/typeparam/issue49536.go
/usr/local/go/test/typeparam/issue49659.go
/usr/local/go/test/typeparam/issue49667.go
/usr/local/go/test/typeparam/issue49893.go
/usr/local/go/test/typeparam/issue50121.go
/usr/local/go/test/typeparam/issue50121b.go
/usr/local/go/test/typeparam/issue50437.go
/usr/local/go/test/typeparam/issue50481b.go
/usr/local/go/test/typeparam/issue50481c.go
/usr/local/go/test/typeparam/issue50485.go
/usr/local/go/test/typeparam/issue50486.go
/usr/local/go/test/typeparam/issue50552.go
/usr/local/go/test/typeparam/issue50561.go
/usr/local/go/test/typeparam/issue50598.go
/usr/local/go/test/typeparam/issue50841.go
/usr/local/go/test/typeparam/issue51219.go
/usr/local/go/test/typeparam/issue51219b.go
/usr/local/go/test/typeparam/issue51250a.go
/usr/local/go/test/typeparam/issue51367.go
/usr/local/go/test/typeparam/issue51423.go
/usr/local/go/test/typeparam/issue51836.go
/usr/local/go/test/typeparam/issue52117.go
/usr/local/go/test/typeparam/issue54302.go
/usr/local/go/test/typeparam/listimp.go
/usr/local/go/test/typeparam/listimp2.go
/usr/local/go/test/typeparam/mapimp.go
/usr/local/go/test/typeparam/mapsimp.go
/usr/local/go/test/typeparam/mdempsky/1.go
/usr/local/go/test/typeparam/mdempsky/10.go
/usr/local/go/test/typeparam/mdempsky/12.go
/usr/local/go/test/typeparam/mdempsky/3.go
/usr/local/go/test/typeparam/mdempsky/4.go
/usr/local/go/test/typeparam/mdempsky/7.go
/usr/local/go/test/typeparam/mdempsky/8.go
/usr/local/go/test/typeparam/mincheck.go
/usr/local/go/test/typeparam/minimp.go
/usr/local/go/test/typeparam/mutualimp.go
/usr/local/go/test/typeparam/orderedmapsimp.go
/usr/local/go/test/typeparam/pairimp.go
/usr/local/go/test/typeparam/recoverimp.go
/usr/local/go/test/typeparam/select.go
/usr/local/go/test/typeparam/setsimp.go
/usr/local/go/test/typeparam/sliceimp.go
/usr/local/go/test/typeparam/stringerimp.go
/usr/local/go/test/typeparam/structinit.go
/usr/local/go/test/typeparam/valimp.go
/usr/local/go/test/uintptrescapes.go
